SQL> set line 200
SQL> set pages 150
SQL> select * from employees;

EMPLOYEE_ID FIRST_NAME           LAST_NAME                 EMAIL                     PHONE_NUMBER         HIRE_DATE JOB_ID         SALARY COMMISSION_PCT MANAGER_ID DEPARTMENT_ID                       
----------- -------------------- ------------------------- ------------------------- -------------------- --------- ---------- ---------- -------------- ---------- -------------                       
        100 Steven               King                      SKING                     515.123.4567         17-JUN-03 AD_PRES         24000                                      90                       
        101 Neena                Kochhar                   NKOCHHAR                  515.123.4568         21-SEP-05 AD_VP           17000                       100            90                       
        102 Lex                  De Haan                   LDEHAAN                   515.123.4569         13-JAN-01 AD_VP           17000                       100            90                       
        103 Alexander            Hunold                    AHUNOLD                   590.423.4567         03-JAN-06 IT_PROG          9000                       102            60                       
        104 Bruce                Ernst                     BERNST                    590.423.4568         21-MAY-07 IT_PROG          6000                       103            60                       
        105 David                Austin                    DAUSTIN                   590.423.4569         25-JUN-05 IT_PROG          4800                       103            60                       
        106 Valli                Pataballa                 VPATABAL                  590.423.4560         05-FEB-06 IT_PROG          4800                       103            60                       
        107 Diana                Lorentz                   DLORENTZ                  590.423.5567         07-FEB-07 IT_PROG          4200                       103            60                       
        108 Nancy                Greenberg                 NGREENBE                  515.124.4569         17-AUG-02 FI_MGR          12008                       101           100                       
        109 Daniel               Faviet                    DFAVIET                   515.124.4169         16-AUG-02 FI_ACCOUNT       9000                       108           100                       
        110 John                 Chen                      JCHEN                     515.124.4269         28-SEP-05 FI_ACCOUNT       8200                       108           100                       
        111 Ismael               Sciarra                   ISCIARRA                  515.124.4369         30-SEP-05 FI_ACCOUNT       7700                       108           100                       
        112 Jose Manuel          Urman                     JMURMAN                   515.124.4469         07-MAR-06 FI_ACCOUNT       7800                       108           100                       
        113 Luis                 Popp                      LPOPP                     515.124.4567         07-DEC-07 FI_ACCOUNT       6900                       108           100                       
        114 Den                  Raphaely                  DRAPHEAL                  515.127.4561         07-DEC-02 PU_MAN          11000                       100            30                       
        115 Alexander            Khoo                      AKHOO                     515.127.4562         18-MAY-03 PU_CLERK         3100                       114            30                       
        116 Shelli               Baida                     SBAIDA                    515.127.4563         24-DEC-05 PU_CLERK         2900                       114            30                       
        117 Sigal                Tobias                    STOBIAS                   515.127.4564         24-JUL-05 PU_CLERK         2800                       114            30                       
        118 Guy                  Himuro                    GHIMURO                   515.127.4565         15-NOV-06 PU_CLERK         2600                       114            30                       
        119 Karen                Colmenares                KCOLMENA                  515.127.4566         10-AUG-07 PU_CLERK         2500                       114            30                       
        120 Matthew              Weiss                     MWEISS                    650.123.1234         18-JUL-04 ST_MAN           8000                       100            50                       
        121 Adam                 Fripp                     AFRIPP                    650.123.2234         10-APR-05 ST_MAN           8200                       100            50                       
        122 Payam                Kaufling                  PKAUFLIN                  650.123.3234         01-MAY-03 ST_MAN           7900                       100            50                       
        123 Shanta               Vollman                   SVOLLMAN                  650.123.4234         10-OCT-05 ST_MAN           6500                       100            50                       
        124 Kevin                Mourgos                   KMOURGOS                  650.123.5234         16-NOV-07 ST_MAN           5800                       100            50                       
        125 Julia                Nayer                     JNAYER                    650.124.1214         16-JUL-05 ST_CLERK         3200                       120            50                       
        126 Irene                Mikkilineni               IMIKKILI                  650.124.1224         28-SEP-06 ST_CLERK         2700                       120            50                       
        127 James                Landry                    JLANDRY                   650.124.1334         14-JAN-07 ST_CLERK         2400                       120            50                       
        128 Steven               Markle                    SMARKLE                   650.124.1434         08-MAR-08 ST_CLERK         2200                       120            50                       
        129 Laura                Bissot                    LBISSOT                   650.124.5234         20-AUG-05 ST_CLERK         3300                       121            50                       
        130 Mozhe                Atkinson                  MATKINSO                  650.124.6234         30-OCT-05 ST_CLERK         2800                       121            50                       
        131 James                Marlow                    JAMRLOW                   650.124.7234         16-FEB-05 ST_CLERK         2500                       121            50                       
        132 TJ                   Olson                     TJOLSON                   650.124.8234         10-APR-07 ST_CLERK         2100                       121            50                       
        133 Jason                Mallin                    JMALLIN                   650.127.1934         14-JUN-04 ST_CLERK         3300                       122            50                       
        134 Michael              Rogers                    MROGERS                   650.127.1834         26-AUG-06 ST_CLERK         2900                       122            50                       
        135 Ki                   Gee                       KGEE                      650.127.1734         12-DEC-07 ST_CLERK         2400                       122            50                       
        136 Hazel                Philtanker                HPHILTAN                  650.127.1634         06-FEB-08 ST_CLERK         2200                       122            50                       
        137 Renske               Ladwig                    RLADWIG                   650.121.1234         14-JUL-03 ST_CLERK         3600                       123            50                       
        138 Stephen              Stiles                    SSTILES                   650.121.2034         26-OCT-05 ST_CLERK         3200                       123            50                       
        139 John                 Seo                       JSEO                      650.121.2019         12-FEB-06 ST_CLERK         2700                       123            50                       
        140 Joshua               Patel                     JPATEL                    650.121.1834         06-APR-06 ST_CLERK         2500                       123            50                       
        141 Trenna               Rajs                      TRAJS                     650.121.8009         17-OCT-03 ST_CLERK         3500                       124            50                       
        142 Curtis               Davies                    CDAVIES                   650.121.2994         29-JAN-05 ST_CLERK         3100                       124            50                       
        143 Randall              Matos                     RMATOS                    650.121.2874         15-MAR-06 ST_CLERK         2600                       124            50                       
        144 Peter                Vargas                    PVARGAS                   650.121.2004         09-JUL-06 ST_CLERK         2500                       124            50                       
        145 John                 Russell                   JRUSSEL                   011.44.1344.429268   01-OCT-04 SA_MAN          14000             .4        100            80                       
        146 Karen                Partners                  KPARTNER                  011.44.1344.467268   05-JAN-05 SA_MAN          13500             .3        100            80                       
        147 Alberto              Errazuriz                 AERRAZUR                  011.44.1344.429278   10-MAR-05 SA_MAN          12000             .3        100            80                       
        148 Gerald               Cambrault                 GCAMBRAU                  011.44.1344.619268   15-OCT-07 SA_MAN          11000             .3        100            80                       
        149 Eleni                Zlotkey                   EZLOTKEY                  011.44.1344.429018   29-JAN-08 SA_MAN          10500             .2        100            80                       
        150 Peter                Tucker                    PTUCKER                   011.44.1344.129268   30-JAN-05 SA_REP          10000             .3        145            80                       
        151 David                Bernstein                 DBERNSTE                  011.44.1344.345268   24-MAR-05 SA_REP           9500            .25        145            80                       
        152 Peter                Hall                      PHALL                     011.44.1344.478968   20-AUG-05 SA_REP           9000            .25        145            80                       
        153 Christopher          Olsen                     COLSEN                    011.44.1344.498718   30-MAR-06 SA_REP           8000             .2        145            80                       
        154 Nanette              Cambrault                 NCAMBRAU                  011.44.1344.987668   09-DEC-06 SA_REP           7500             .2        145            80                       
        155 Oliver               Tuvault                   OTUVAULT                  011.44.1344.486508   23-NOV-07 SA_REP           7000            .15        145            80                       
        156 Janette              King                      JKING                     011.44.1345.429268   30-JAN-04 SA_REP          10000            .35        146            80                       
        157 Patrick              Sully                     PSULLY                    011.44.1345.929268   04-MAR-04 SA_REP           9500            .35        146            80                       
        158 Allan                McEwen                    AMCEWEN                   011.44.1345.829268   01-AUG-04 SA_REP           9000            .35        146            80                       
        159 Lindsey              Smith                     LSMITH                    011.44.1345.729268   10-MAR-05 SA_REP           8000             .3        146            80                       
        160 Louise               Doran                     LDORAN                    011.44.1345.629268   15-DEC-05 SA_REP           7500             .3        146            80                       
        161 Sarath               Sewall                    SSEWALL                   011.44.1345.529268   03-NOV-06 SA_REP           7000            .25        146            80                       
        162 Clara                Vishney                   CVISHNEY                  011.44.1346.129268   11-NOV-05 SA_REP          10500            .25        147            80                       
        163 Danielle             Greene                    DGREENE                   011.44.1346.229268   19-MAR-07 SA_REP           9500            .15        147            80                       
        164 Mattea               Marvins                   MMARVINS                  011.44.1346.329268   24-JAN-08 SA_REP           7200             .1        147            80                       
        165 David                Lee                       DLEE                      011.44.1346.529268   23-FEB-08 SA_REP           6800             .1        147            80                       
        166 Sundar               Ande                      SANDE                     011.44.1346.629268   24-MAR-08 SA_REP           6400             .1        147            80                       
        167 Amit                 Banda                     ABANDA                    011.44.1346.729268   21-APR-08 SA_REP           6200             .1        147            80                       
        168 Lisa                 Ozer                      LOZER                     011.44.1343.929268   11-MAR-05 SA_REP          11500            .25        148            80                       
        169 Harrison             Bloom                     HBLOOM                    011.44.1343.829268   23-MAR-06 SA_REP          10000             .2        148            80                       
        170 Tayler               Fox                       TFOX                      011.44.1343.729268   24-JAN-06 SA_REP           9600             .2        148            80                       
        171 William              Smith                     WSMITH                    011.44.1343.629268   23-FEB-07 SA_REP           7400            .15        148            80                       
        172 Elizabeth            Bates                     EBATES                    011.44.1343.529268   24-MAR-07 SA_REP           7300            .15        148            80                       
        173 Sundita              Kumar                     SKUMAR                    011.44.1343.329268   21-APR-08 SA_REP           6100             .1        148            80                       
        174 Ellen                Abel                      EABEL                     011.44.1644.429267   11-MAY-04 SA_REP          11000             .3        149            80                       
        175 Alyssa               Hutton                    AHUTTON                   011.44.1644.429266   19-MAR-05 SA_REP           8800            .25        149            80                       
        176 Jonathon             Taylor                    JTAYLOR                   011.44.1644.429265   24-MAR-06 SA_REP           8600             .2        149            80                       
        177 Jack                 Livingston                JLIVINGS                  011.44.1644.429264   23-APR-06 SA_REP           8400             .2        149            80                       
        178 Kimberely            Grant                     KGRANT                    011.44.1644.429263   24-MAY-07 SA_REP           7000            .15        149                                     
        179 Charles              Johnson                   CJOHNSON                  011.44.1644.429262   04-JAN-08 SA_REP           6200             .1        149            80                       
        180 Winston              Taylor                    WTAYLOR                   650.507.9876         24-JAN-06 SH_CLERK         3200                       120            50                       
        181 Jean                 Fleaur                    JFLEAUR                   650.507.9877         23-FEB-06 SH_CLERK         3100                       120            50                       
        182 Martha               Sullivan                  MSULLIVA                  650.507.9878         21-JUN-07 SH_CLERK         2500                       120            50                       
        183 Girard               Geoni                     GGEONI                    650.507.9879         03-FEB-08 SH_CLERK         2800                       120            50                       
        184 Nandita              Sarchand                  NSARCHAN                  650.509.1876         27-JAN-04 SH_CLERK         4200                       121            50                       
        185 Alexis               Bull                      ABULL                     650.509.2876         20-FEB-05 SH_CLERK         4100                       121            50                       
        186 Julia                Dellinger                 JDELLING                  650.509.3876         24-JUN-06 SH_CLERK         3400                       121            50                       
        187 Anthony              Cabrio                    ACABRIO                   650.509.4876         07-FEB-07 SH_CLERK         3000                       121            50                       
        188 Kelly                Chung                     KCHUNG                    650.505.1876         14-JUN-05 SH_CLERK         3800                       122            50                       
        189 Jennifer             Dilly                     JDILLY                    650.505.2876         13-AUG-05 SH_CLERK         3600                       122            50                       
        190 Timothy              Gates                     TGATES                    650.505.3876         11-JUL-06 SH_CLERK         2900                       122            50                       
        191 Randall              Perkins                   RPERKINS                  650.505.4876         19-DEC-07 SH_CLERK         2500                       122            50                       
        192 Sarah                Bell                      SBELL                     650.501.1876         04-FEB-04 SH_CLERK         4000                       123            50                       
        193 Britney              Everett                   BEVERETT                  650.501.2876         03-MAR-05 SH_CLERK         3900                       123            50                       
        194 Samuel               McCain                    SMCCAIN                   650.501.3876         01-JUL-06 SH_CLERK         3200                       123            50                       
        195 Vance                Jones                     VJONES                    650.501.4876         17-MAR-07 SH_CLERK         2800                       123            50                       
        196 Alana                Walsh                     AWALSH                    650.507.9811         24-APR-06 SH_CLERK         3100                       124            50                       
        197 Kevin                Feeney                    KFEENEY                   650.507.9822         23-MAY-06 SH_CLERK         3000                       124            50                       
        198 Donald               OConnell                  DOCONNEL                  650.507.9833         21-JUN-07 SH_CLERK         2600                       124            50                       
        199 Douglas              Grant                     DGRANT                    650.507.9844         13-JAN-08 SH_CLERK         2600                       124            50                       
        200 Jennifer             Whalen                    JWHALEN                   515.123.4444         17-SEP-03 AD_ASST          4400                       101            10                       
        201 Michael              Hartstein                 MHARTSTE                  515.123.5555         17-FEB-04 MK_MAN          13000                       100            20                       
        202 Pat                  Fay                       PFAY                      603.123.6666         17-AUG-05 MK_REP           6000                       201            20                       
        203 Susan                Mavris                    SMAVRIS                   515.123.7777         07-JUN-02 HR_REP           6500                       101            40                       
        204 Hermann              Baer                      HBAER                     515.123.8888         07-JUN-02 PR_REP          10000                       101            70                       
        205 Shelley              Higgins                   SHIGGINS                  515.123.8080         07-JUN-02 AC_MGR          12008                       101           110                       
        206 William              Gietz                     WGIETZ                    515.123.8181         07-JUN-02 AC_ACCOUNT       8300                       205           110                       

107 rows selected.

SQL> set line 500
SQL> select * from employees;

EMPLOYEE_ID FIRST_NAME           LAST_NAME                 EMAIL                     PHONE_NUMBER         HIRE_DATE JOB_ID         SALARY COMMISSION_PCT MANAGER_ID DEPARTMENT_ID                                                                                                                                                                                                                                                                                                                                   
----------- -------------------- ------------------------- ------------------------- -------------------- --------- ---------- ---------- -------------- ---------- -------------                                                                                                                                                                                                                                                                                                                                   
        100 Steven               King                      SKING                     515.123.4567         17-JUN-03 AD_PRES         24000                                      90                                                                                                                                                                                                                                                                                                                                   
        101 Neena                Kochhar                   NKOCHHAR                  515.123.4568         21-SEP-05 AD_VP           17000                       100            90                                                                                                                                                                                                                                                                                                                                   
        102 Lex                  De Haan                   LDEHAAN                   515.123.4569         13-JAN-01 AD_VP           17000                       100            90                                                                                                                                                                                                                                                                                                                                   
        103 Alexander            Hunold                    AHUNOLD                   590.423.4567         03-JAN-06 IT_PROG          9000                       102            60                                                                                                                                                                                                                                                                                                                                   
        104 Bruce                Ernst                     BERNST                    590.423.4568         21-MAY-07 IT_PROG          6000                       103            60                                                                                                                                                                                                                                                                                                                                   
        105 David                Austin                    DAUSTIN                   590.423.4569         25-JUN-05 IT_PROG          4800                       103            60                                                                                                                                                                                                                                                                                                                                   
        106 Valli                Pataballa                 VPATABAL                  590.423.4560         05-FEB-06 IT_PROG          4800                       103            60                                                                                                                                                                                                                                                                                                                                   
        107 Diana                Lorentz                   DLORENTZ                  590.423.5567         07-FEB-07 IT_PROG          4200                       103            60                                                                                                                                                                                                                                                                                                                                   
        108 Nancy                Greenberg                 NGREENBE                  515.124.4569         17-AUG-02 FI_MGR          12008                       101           100                                                                                                                                                                                                                                                                                                                                   
        109 Daniel               Faviet                    DFAVIET                   515.124.4169         16-AUG-02 FI_ACCOUNT       9000                       108           100                                                                                                                                                                                                                                                                                                                                   
        110 John                 Chen                      JCHEN                     515.124.4269         28-SEP-05 FI_ACCOUNT       8200                       108           100                                                                                                                                                                                                                                                                                                                                   
        111 Ismael               Sciarra                   ISCIARRA                  515.124.4369         30-SEP-05 FI_ACCOUNT       7700                       108           100                                                                                                                                                                                                                                                                                                                                   
        112 Jose Manuel          Urman                     JMURMAN                   515.124.4469         07-MAR-06 FI_ACCOUNT       7800                       108           100                                                                                                                                                                                                                                                                                                                                   
        113 Luis                 Popp                      LPOPP                     515.124.4567         07-DEC-07 FI_ACCOUNT       6900                       108           100                                                                                                                                                                                                                                                                                                                                   
        114 Den                  Raphaely                  DRAPHEAL                  515.127.4561         07-DEC-02 PU_MAN          11000                       100            30                                                                                                                                                                                                                                                                                                                                   
        115 Alexander            Khoo                      AKHOO                     515.127.4562         18-MAY-03 PU_CLERK         3100                       114            30                                                                                                                                                                                                                                                                                                                                   
        116 Shelli               Baida                     SBAIDA                    515.127.4563         24-DEC-05 PU_CLERK         2900                       114            30                                                                                                                                                                                                                                                                                                                                   
        117 Sigal                Tobias                    STOBIAS                   515.127.4564         24-JUL-05 PU_CLERK         2800                       114            30                                                                                                                                                                                                                                                                                                                                   
        118 Guy                  Himuro                    GHIMURO                   515.127.4565         15-NOV-06 PU_CLERK         2600                       114            30                                                                                                                                                                                                                                                                                                                                   
        119 Karen                Colmenares                KCOLMENA                  515.127.4566         10-AUG-07 PU_CLERK         2500                       114            30                                                                                                                                                                                                                                                                                                                                   
        120 Matthew              Weiss                     MWEISS                    650.123.1234         18-JUL-04 ST_MAN           8000                       100            50                                                                                                                                                                                                                                                                                                                                   
        121 Adam                 Fripp                     AFRIPP                    650.123.2234         10-APR-05 ST_MAN           8200                       100            50                                                                                                                                                                                                                                                                                                                                   
        122 Payam                Kaufling                  PKAUFLIN                  650.123.3234         01-MAY-03 ST_MAN           7900                       100            50                                                                                                                                                                                                                                                                                                                                   
        123 Shanta               Vollman                   SVOLLMAN                  650.123.4234         10-OCT-05 ST_MAN           6500                       100            50                                                                                                                                                                                                                                                                                                                                   
        124 Kevin                Mourgos                   KMOURGOS                  650.123.5234         16-NOV-07 ST_MAN           5800                       100            50                                                                                                                                                                                                                                                                                                                                   
        125 Julia                Nayer                     JNAYER                    650.124.1214         16-JUL-05 ST_CLERK         3200                       120            50                                                                                                                                                                                                                                                                                                                                   
        126 Irene                Mikkilineni               IMIKKILI                  650.124.1224         28-SEP-06 ST_CLERK         2700                       120            50                                                                                                                                                                                                                                                                                                                                   
        127 James                Landry                    JLANDRY                   650.124.1334         14-JAN-07 ST_CLERK         2400                       120            50                                                                                                                                                                                                                                                                                                                                   
        128 Steven               Markle                    SMARKLE                   650.124.1434         08-MAR-08 ST_CLERK         2200                       120            50                                                                                                                                                                                                                                                                                                                                   
        129 Laura                Bissot                    LBISSOT                   650.124.5234         20-AUG-05 ST_CLERK         3300                       121            50                                                                                                                                                                                                                                                                                                                                   
        130 Mozhe                Atkinson                  MATKINSO                  650.124.6234         30-OCT-05 ST_CLERK         2800                       121            50                                                                                                                                                                                                                                                                                                                                   
        131 James                Marlow                    JAMRLOW                   650.124.7234         16-FEB-05 ST_CLERK         2500                       121            50                                                                                                                                                                                                                                                                                                                                   
        132 TJ                   Olson                     TJOLSON                   650.124.8234         10-APR-07 ST_CLERK         2100                       121            50                                                                                                                                                                                                                                                                                                                                   
        133 Jason                Mallin                    JMALLIN                   650.127.1934         14-JUN-04 ST_CLERK         3300                       122            50                                                                                                                                                                                                                                                                                                                                   
        134 Michael              Rogers                    MROGERS                   650.127.1834         26-AUG-06 ST_CLERK         2900                       122            50                                                                                                                                                                                                                                                                                                                                   
        135 Ki                   Gee                       KGEE                      650.127.1734         12-DEC-07 ST_CLERK         2400                       122            50                                                                                                                                                                                                                                                                                                                                   
        136 Hazel                Philtanker                HPHILTAN                  650.127.1634         06-FEB-08 ST_CLERK         2200                       122            50                                                                                                                                                                                                                                                                                                                                   
        137 Renske               Ladwig                    RLADWIG                   650.121.1234         14-JUL-03 ST_CLERK         3600                       123            50                                                                                                                                                                                                                                                                                                                                   
        138 Stephen              Stiles                    SSTILES                   650.121.2034         26-OCT-05 ST_CLERK         3200                       123            50                                                                                                                                                                                                                                                                                                                                   
        139 John                 Seo                       JSEO                      650.121.2019         12-FEB-06 ST_CLERK         2700                       123            50                                                                                                                                                                                                                                                                                                                                   
        140 Joshua               Patel                     JPATEL                    650.121.1834         06-APR-06 ST_CLERK         2500                       123            50                                                                                                                                                                                                                                                                                                                                   
        141 Trenna               Rajs                      TRAJS                     650.121.8009         17-OCT-03 ST_CLERK         3500                       124            50                                                                                                                                                                                                                                                                                                                                   
        142 Curtis               Davies                    CDAVIES                   650.121.2994         29-JAN-05 ST_CLERK         3100                       124            50                                                                                                                                                                                                                                                                                                                                   
        143 Randall              Matos                     RMATOS                    650.121.2874         15-MAR-06 ST_CLERK         2600                       124            50                                                                                                                                                                                                                                                                                                                                   
        144 Peter                Vargas                    PVARGAS                   650.121.2004         09-JUL-06 ST_CLERK         2500                       124            50                                                                                                                                                                                                                                                                                                                                   
        145 John                 Russell                   JRUSSEL                   011.44.1344.429268   01-OCT-04 SA_MAN          14000             .4        100            80                                                                                                                                                                                                                                                                                                                                   
        146 Karen                Partners                  KPARTNER                  011.44.1344.467268   05-JAN-05 SA_MAN          13500             .3        100            80                                                                                                                                                                                                                                                                                                                                   
        147 Alberto              Errazuriz                 AERRAZUR                  011.44.1344.429278   10-MAR-05 SA_MAN          12000             .3        100            80                                                                                                                                                                                                                                                                                                                                   
        148 Gerald               Cambrault                 GCAMBRAU                  011.44.1344.619268   15-OCT-07 SA_MAN          11000             .3        100            80                                                                                                                                                                                                                                                                                                                                   
        149 Eleni                Zlotkey                   EZLOTKEY                  011.44.1344.429018   29-JAN-08 SA_MAN          10500             .2        100            80                                                                                                                                                                                                                                                                                                                                   
        150 Peter                Tucker                    PTUCKER                   011.44.1344.129268   30-JAN-05 SA_REP          10000             .3        145            80                                                                                                                                                                                                                                                                                                                                   
        151 David                Bernstein                 DBERNSTE                  011.44.1344.345268   24-MAR-05 SA_REP           9500            .25        145            80                                                                                                                                                                                                                                                                                                                                   
        152 Peter                Hall                      PHALL                     011.44.1344.478968   20-AUG-05 SA_REP           9000            .25        145            80                                                                                                                                                                                                                                                                                                                                   
        153 Christopher          Olsen                     COLSEN                    011.44.1344.498718   30-MAR-06 SA_REP           8000             .2        145            80                                                                                                                                                                                                                                                                                                                                   
        154 Nanette              Cambrault                 NCAMBRAU                  011.44.1344.987668   09-DEC-06 SA_REP           7500             .2        145            80                                                                                                                                                                                                                                                                                                                                   
        155 Oliver               Tuvault                   OTUVAULT                  011.44.1344.486508   23-NOV-07 SA_REP           7000            .15        145            80                                                                                                                                                                                                                                                                                                                                   
        156 Janette              King                      JKING                     011.44.1345.429268   30-JAN-04 SA_REP          10000            .35        146            80                                                                                                                                                                                                                                                                                                                                   
        157 Patrick              Sully                     PSULLY                    011.44.1345.929268   04-MAR-04 SA_REP           9500            .35        146            80                                                                                                                                                                                                                                                                                                                                   
        158 Allan                McEwen                    AMCEWEN                   011.44.1345.829268   01-AUG-04 SA_REP           9000            .35        146            80                                                                                                                                                                                                                                                                                                                                   
        159 Lindsey              Smith                     LSMITH                    011.44.1345.729268   10-MAR-05 SA_REP           8000             .3        146            80                                                                                                                                                                                                                                                                                                                                   
        160 Louise               Doran                     LDORAN                    011.44.1345.629268   15-DEC-05 SA_REP           7500             .3        146            80                                                                                                                                                                                                                                                                                                                                   
        161 Sarath               Sewall                    SSEWALL                   011.44.1345.529268   03-NOV-06 SA_REP           7000            .25        146            80                                                                                                                                                                                                                                                                                                                                   
        162 Clara                Vishney                   CVISHNEY                  011.44.1346.129268   11-NOV-05 SA_REP          10500            .25        147            80                                                                                                                                                                                                                                                                                                                                   
        163 Danielle             Greene                    DGREENE                   011.44.1346.229268   19-MAR-07 SA_REP           9500            .15        147            80                                                                                                                                                                                                                                                                                                                                   
        164 Mattea               Marvins                   MMARVINS                  011.44.1346.329268   24-JAN-08 SA_REP           7200             .1        147            80                                                                                                                                                                                                                                                                                                                                   
        165 David                Lee                       DLEE                      011.44.1346.529268   23-FEB-08 SA_REP           6800             .1        147            80                                                                                                                                                                                                                                                                                                                                   
        166 Sundar               Ande                      SANDE                     011.44.1346.629268   24-MAR-08 SA_REP           6400             .1        147            80                                                                                                                                                                                                                                                                                                                                   
        167 Amit                 Banda                     ABANDA                    011.44.1346.729268   21-APR-08 SA_REP           6200             .1        147            80                                                                                                                                                                                                                                                                                                                                   
        168 Lisa                 Ozer                      LOZER                     011.44.1343.929268   11-MAR-05 SA_REP          11500            .25        148            80                                                                                                                                                                                                                                                                                                                                   
        169 Harrison             Bloom                     HBLOOM                    011.44.1343.829268   23-MAR-06 SA_REP          10000             .2        148            80                                                                                                                                                                                                                                                                                                                                   
        170 Tayler               Fox                       TFOX                      011.44.1343.729268   24-JAN-06 SA_REP           9600             .2        148            80                                                                                                                                                                                                                                                                                                                                   
        171 William              Smith                     WSMITH                    011.44.1343.629268   23-FEB-07 SA_REP           7400            .15        148            80                                                                                                                                                                                                                                                                                                                                   
        172 Elizabeth            Bates                     EBATES                    011.44.1343.529268   24-MAR-07 SA_REP           7300            .15        148            80                                                                                                                                                                                                                                                                                                                                   
        173 Sundita              Kumar                     SKUMAR                    011.44.1343.329268   21-APR-08 SA_REP           6100             .1        148            80                                                                                                                                                                                                                                                                                                                                   
        174 Ellen                Abel                      EABEL                     011.44.1644.429267   11-MAY-04 SA_REP          11000             .3        149            80                                                                                                                                                                                                                                                                                                                                   
        175 Alyssa               Hutton                    AHUTTON                   011.44.1644.429266   19-MAR-05 SA_REP           8800            .25        149            80                                                                                                                                                                                                                                                                                                                                   
        176 Jonathon             Taylor                    JTAYLOR                   011.44.1644.429265   24-MAR-06 SA_REP           8600             .2        149            80                                                                                                                                                                                                                                                                                                                                   
        177 Jack                 Livingston                JLIVINGS                  011.44.1644.429264   23-APR-06 SA_REP           8400             .2        149            80                                                                                                                                                                                                                                                                                                                                   
        178 Kimberely            Grant                     KGRANT                    011.44.1644.429263   24-MAY-07 SA_REP           7000            .15        149                                                                                                                                                                                                                                                                                                                                                 
        179 Charles              Johnson                   CJOHNSON                  011.44.1644.429262   04-JAN-08 SA_REP           6200             .1        149            80                                                                                                                                                                                                                                                                                                                                   
        180 Winston              Taylor                    WTAYLOR                   650.507.9876         24-JAN-06 SH_CLERK         3200                       120            50                                                                                                                                                                                                                                                                                                                                   
        181 Jean                 Fleaur                    JFLEAUR                   650.507.9877         23-FEB-06 SH_CLERK         3100                       120            50                                                                                                                                                                                                                                                                                                                                   
        182 Martha               Sullivan                  MSULLIVA                  650.507.9878         21-JUN-07 SH_CLERK         2500                       120            50                                                                                                                                                                                                                                                                                                                                   
        183 Girard               Geoni                     GGEONI                    650.507.9879         03-FEB-08 SH_CLERK         2800                       120            50                                                                                                                                                                                                                                                                                                                                   
        184 Nandita              Sarchand                  NSARCHAN                  650.509.1876         27-JAN-04 SH_CLERK         4200                       121            50                                                                                                                                                                                                                                                                                                                                   
        185 Alexis               Bull                      ABULL                     650.509.2876         20-FEB-05 SH_CLERK         4100                       121            50                                                                                                                                                                                                                                                                                                                                   
        186 Julia                Dellinger                 JDELLING                  650.509.3876         24-JUN-06 SH_CLERK         3400                       121            50                                                                                                                                                                                                                                                                                                                                   
        187 Anthony              Cabrio                    ACABRIO                   650.509.4876         07-FEB-07 SH_CLERK         3000                       121            50                                                                                                                                                                                                                                                                                                                                   
        188 Kelly                Chung                     KCHUNG                    650.505.1876         14-JUN-05 SH_CLERK         3800                       122            50                                                                                                                                                                                                                                                                                                                                   
        189 Jennifer             Dilly                     JDILLY                    650.505.2876         13-AUG-05 SH_CLERK         3600                       122            50                                                                                                                                                                                                                                                                                                                                   
        190 Timothy              Gates                     TGATES                    650.505.3876         11-JUL-06 SH_CLERK         2900                       122            50                                                                                                                                                                                                                                                                                                                                   
        191 Randall              Perkins                   RPERKINS                  650.505.4876         19-DEC-07 SH_CLERK         2500                       122            50                                                                                                                                                                                                                                                                                                                                   
        192 Sarah                Bell                      SBELL                     650.501.1876         04-FEB-04 SH_CLERK         4000                       123            50                                                                                                                                                                                                                                                                                                                                   
        193 Britney              Everett                   BEVERETT                  650.501.2876         03-MAR-05 SH_CLERK         3900                       123            50                                                                                                                                                                                                                                                                                                                                   
        194 Samuel               McCain                    SMCCAIN                   650.501.3876         01-JUL-06 SH_CLERK         3200                       123            50                                                                                                                                                                                                                                                                                                                                   
        195 Vance                Jones                     VJONES                    650.501.4876         17-MAR-07 SH_CLERK         2800                       123            50                                                                                                                                                                                                                                                                                                                                   
        196 Alana                Walsh                     AWALSH                    650.507.9811         24-APR-06 SH_CLERK         3100                       124            50                                                                                                                                                                                                                                                                                                                                   
        197 Kevin                Feeney                    KFEENEY                   650.507.9822         23-MAY-06 SH_CLERK         3000                       124            50                                                                                                                                                                                                                                                                                                                                   
        198 Donald               OConnell                  DOCONNEL                  650.507.9833         21-JUN-07 SH_CLERK         2600                       124            50                                                                                                                                                                                                                                                                                                                                   
        199 Douglas              Grant                     DGRANT                    650.507.9844         13-JAN-08 SH_CLERK         2600                       124            50                                                                                                                                                                                                                                                                                                                                   
        200 Jennifer             Whalen                    JWHALEN                   515.123.4444         17-SEP-03 AD_ASST          4400                       101            10                                                                                                                                                                                                                                                                                                                                   
        201 Michael              Hartstein                 MHARTSTE                  515.123.5555         17-FEB-04 MK_MAN          13000                       100            20                                                                                                                                                                                                                                                                                                                                   
        202 Pat                  Fay                       PFAY                      603.123.6666         17-AUG-05 MK_REP           6000                       201            20                                                                                                                                                                                                                                                                                                                                   
        203 Susan                Mavris                    SMAVRIS                   515.123.7777         07-JUN-02 HR_REP           6500                       101            40                                                                                                                                                                                                                                                                                                                                   
        204 Hermann              Baer                      HBAER                     515.123.8888         07-JUN-02 PR_REP          10000                       101            70                                                                                                                                                                                                                                                                                                                                   
        205 Shelley              Higgins                   SHIGGINS                  515.123.8080         07-JUN-02 AC_MGR          12008                       101           110                                                                                                                                                                                                                                                                                                                                   
        206 William              Gietz                     WGIETZ                    515.123.8181         07-JUN-02 AC_ACCOUNT       8300                       205           110                                                                                                                                                                                                                                                                                                                                   

107 rows selected.

SQL> set line 200
SQL> select to_date(111119,'ddmmyy') from dual;

TO_DATE(1                                                                                                                                                                                               
---------                                                                                                                                                                                               
11-NOV-19                                                                                                                                                                                               

SQL> select to_date(111119,'mmddyy') from dual;

TO_DATE(1                                                                                                                                                                                               
---------                                                                                                                                                                                               
11-NOV-19                                                                                                                                                                                               

SQL> select to_date(111119,'mmyydd') from dual;

TO_DATE(1                                                                                                                                                                                               
---------                                                                                                                                                                                               
19-NOV-11                                                                                                                                                                                               

SQL> select to_date(monday 02 2021,'day mm yyyy') from dual;
select to_date(monday 02 2021,'day mm yyyy') from dual
                      *
ERROR at line 1:
ORA-00907: missing right parenthesis 


SQL> select to_date('monday 02 2021','day mm yyyy') from dual;

TO_DATE('                                                                                                                                                                                               
---------                                                                                                                                                                                               
01-FEB-21                                                                                                                                                                                               

SQL> select to_char(sysdate, 'day month year') from dual;

TO_CHAR(SYSDATE,'DAYMONTHYEAR')                                                                                                                                                                         
--------------------------------------------------------------------------------------------------------------------                                                                                    
thursday  december  twenty twenty-one                                                                                                                                                                   

SQL> select to_char(sysdate, 'ddspth month year') from dual;

TO_CHAR(SYSDATE,'DDSPTHMONTHYEAR')                                                                                                                                                                      
----------------------------------------------------------------------------------------------                                                                                                          
second december  twenty twenty-one                                                                                                                                                                      

SQL> select to_char(sysdate, 'ddspth month yy  hh:mi:ss') from dual;

TO_CHAR(SYSDATE,'DDSPTHMONTHYYHH:MI:SS')                                                                                                                                                                
----------------------------------------------------------------                                                                                                                                        
second december  21  09:57:58                                                                                                                                                                           

SQL> select to_char(sysdate, 'ddspth Month yy  hh:mi:ss') from dual;

TO_CHAR(SYSDATE,'DDSPTHMONTHYYHH:MI:SS')                                                                                                                                                                
----------------------------------------------------------------                                                                                                                                        
second December  21  09:58:04                                                                                                                                                                           

SQL> select to_char(sysdate, 'ddspth Month YYYY  hh:mi:ss') from dual;

TO_CHAR(SYSDATE,'DDSPTHMONTHYYYYHH:MI:SS')                                                                                                                                                              
------------------------------------------------------------------                                                                                                                                      
second December  2021  09:58:17                                                                                                                                                                         

SQL> select to_char(sysdate, 'ddspth MONTH YYYY  hh:mi:ss') from dual;

TO_CHAR(SYSDATE,'DDSPTHMONTHYYYYHH:MI:SS')                                                                                                                                                              
------------------------------------------------------------------                                                                                                                                      
second DECEMBER  2021  09:58:23                                                                                                                                                                         

SQL> select to_char(sysdate, 'dAY') from dual;

TO_CHAR(SYSDATE,'DAY')                                                                                                                                                                                  
------------------------------------                                                                                                                                                                    
thursday                                                                                                                                                                                                

SQL> select to_date('sunday 02 2021','day mm yyyy') from dual;
select to_date('sunday 02 2021','day mm yyyy') from dual
               *
ERROR at line 1:
ORA-01835: day of week conflicts with Julian date 


SQL> select to_date('monday 02 2021','day mm yyyy') from dual;

TO_DATE('                                                                                                                                                                                               
---------                                                                                                                                                                                               
01-FEB-21                                                                                                                                                                                               

SQL> select to_date('tuesday 02 2021','day mm yyyy') from dual;
select to_date('tuesday 02 2021','day mm yyyy') from dual
               *
ERROR at line 1:
ORA-01835: day of week conflicts with Julian date 


SQL> select to_date('monday 02 21','day mm yyyy') from dual;
select to_date('monday 02 21','day mm yyyy') from dual
               *
ERROR at line 1:
ORA-01835: day of week conflicts with Julian date 


SQL> select to_date('02 12 21','day mm yyyy') from dual;
select to_date('02 12 21','day mm yyyy') from dual
               *
ERROR at line 1:
ORA-01846: not a valid day of the week 


SQL> select to_date('02 12 21','day mm yy') from dual;
select to_date('02 12 21','day mm yy') from dual
               *
ERROR at line 1:
ORA-01846: not a valid day of the week 


SQL> select to_date('02 12 21','dd mm yy') from dual;

TO_DATE('                                                                                                                                                                                               
---------                                                                                                                                                                                               
02-DEC-21                                                                                                                                                                                               

SQL> select to_date('02 12 21','dd mm yy') from dual;

TO_DATE('                                                                                                                                                                                               
---------                                                                                                                                                                                               
02-DEC-21                                                                                                                                                                                               

SQL> select to_date('sunday 02 2021','dd mm yyyy') from dual;
select to_date('sunday 02 2021','dd mm yyyy') from dual
               *
ERROR at line 1:
ORA-01858: a non-numeric character was found where a numeric was expected 


SQL> select to_date('monday 02 2021','dd mm yyyy') from dual;
select to_date('monday 02 2021','dd mm yyyy') from dual
               *
ERROR at line 1:
ORA-01858: a non-numeric character was found where a numeric was expected 


SQL> select to_date('monday 02 2021','day mm yyyy') from dual;

TO_DATE('                                                                                                                                                                                               
---------                                                                                                                                                                                               
01-FEB-21                                                                                                                                                                                               

SQL> select to_date('monday 03 2021','day mm yyyy') from dual;

TO_DATE('                                                                                                                                                                                               
---------                                                                                                                                                                                               
01-MAR-21                                                                                                                                                                                               

SQL> select to_date('tuesday 03 2021','day mm yyyy') from dual;
select to_date('tuesday 03 2021','day mm yyyy') from dual
               *
ERROR at line 1:
ORA-01835: day of week conflicts with Julian date 


SQL> select to_date('11 03 2021','dd mm yyyy') from dual;

TO_DATE('                                                                                                                                                                                               
---------                                                                                                                                                                                               
11-MAR-21                                                                                                                                                                                               

SQL> select to_date(sysdate,'DAY MONTH YEAR') from dual;
select to_date(sysdate,'DAY MONTH YEAR') from dual
                       *
ERROR at line 1:
ORA-01820: format code cannot appear in date input format 


SQL> select to_date(sysdate,'day MONTH YEAR') from dual;
select to_date(sysdate,'day MONTH YEAR') from dual
                       *
ERROR at line 1:
ORA-01820: format code cannot appear in date input format 


SQL> select to_date(sysdate,'day MONTH year') from dual;
select to_date(sysdate,'day MONTH year') from dual
                       *
ERROR at line 1:
ORA-01820: format code cannot appear in date input format 


SQL> select to_date(sysdate,'day month year') from dual;
select to_date(sysdate,'day month year') from dual
                       *
ERROR at line 1:
ORA-01820: format code cannot appear in date input format 


SQL> select to_char(sysdate,'day month year') from dual;

TO_CHAR(SYSDATE,'DAYMONTHYEAR')                                                                                                                                                                         
--------------------------------------------------------------------------------------------------------------------                                                                                    
thursday  december  twenty twenty-one                                                                                                                                                                   

SQL> select to_char(sysdate,'DAY MONTH YEAR') from dual;

TO_CHAR(SYSDATE,'DAYMONTHYEAR')                                                                                                                                                                         
--------------------------------------------------------------------------------------------------------------------                                                                                    
THURSDAY  DECEMBER  TWENTY TWENTY-ONE                                                                                                                                                                   

SQL> select to_char(sysdate,'Dd MONTH YEAR') from dual;

TO_CHAR(SYSDATE,'DDMONTHYEAR')                                                                                                                                                                          
----------------------------------------------------------------------------------                                                                                                                      
02 DECEMBER  TWENTY TWENTY-ONE                                                                                                                                                                          

SQL> select to_char(sysdate,'DD MONTH YYYY') from dual;

TO_CHAR(SYSDATE,'DDMONTHYYYY')                                                                                                                                                                          
--------------------------------------------                                                                                                                                                            
02 DECEMBER  2021                                                                                                                                                                                       

SQL> select to_date('02 12 21','day mm yy') from dual;
select to_date('02 12 21','day mm yy') from dual
               *
ERROR at line 1:
ORA-01846: not a valid day of the week 


SQL> select to_date('021221','day mm yy') from dual;
select to_date('021221','day mm yy') from dual
               *
ERROR at line 1:
ORA-01846: not a valid day of the week 


SQL> select to_date('021221','dD mm yy') from dual;

TO_DATE('                                                                                                                                                                                               
---------                                                                                                                                                                                               
02-DEC-21                                                                                                                                                                                               

SQL> select to_date('081221','dD mm yy') from dual;

TO_DATE('                                                                                                                                                                                               
---------                                                                                                                                                                                               
08-DEC-21                                                                                                                                                                                               

SQL> select to_date(to_char(081221),'dD mm yy') from dual;
select to_date(to_char(081221),'dD mm yy') from dual
               *
ERROR at line 1:
ORA-01847: day of month must be between 1 and last day of month 


SQL> select to_date(to_char(111221),'dD mm yy') from dual;

TO_DATE(T                                                                                                                                                                                               
---------                                                                                                                                                                                               
11-DEC-21                                                                                                                                                                                               

SQL> select to_date(to_char(11221),'dD mm yy') from dual;
select to_date(to_char(11221),'dD mm yy') from dual
               *
ERROR at line 1:
ORA-01861: literal does not match format string 


SQL> select to_date(to_char( 11221),'dD mm yy') from dual;
select to_date(to_char( 11221),'dD mm yy') from dual
               *
ERROR at line 1:
ORA-01861: literal does not match format string 


SQL> select to_date(to_char(_11221),'dD mm yy') from dual;
select to_date(to_char(_11221),'dD mm yy') from dual
                       *
ERROR at line 1:
ORA-00911: invalid character 


SQL> select to_char(sysdate,'dayspth "of" month yyyy') from dual;
select to_char(sysdate,'dayspth "of" month yyyy') from dual
                       *
ERROR at line 1:
ORA-01821: date format not recognized 


SQL> select to_char(sysdate,'ddspth "of" month yyyy') from dual;

TO_CHAR(SYSDATE,'DDSPTH"OF"MONTHYYYY')                                                                                                                                                                  
-----------------------------------------------------------                                                                                                                                             
second of december  2021                                                                                                                                                                                

SQL> select to_char(sysdate, 'd') from dual;

T                                                                                                                                                                                                       
-                                                                                                                                                                                                       
5                                                                                                                                                                                                       

SQL> select first_name, hire_date from employees;

FIRST_NAME           HIRE_DATE                                                                                                                                                                          
-------------------- ---------                                                                                                                                                                          
Steven               17-JUN-03                                                                                                                                                                          
Neena                21-SEP-05                                                                                                                                                                          
Lex                  13-JAN-01                                                                                                                                                                          
Alexander            03-JAN-06                                                                                                                                                                          
Bruce                21-MAY-07                                                                                                                                                                          
David                25-JUN-05                                                                                                                                                                          
Valli                05-FEB-06                                                                                                                                                                          
Diana                07-FEB-07                                                                                                                                                                          
Nancy                17-AUG-02                                                                                                                                                                          
Daniel               16-AUG-02                                                                                                                                                                          
John                 28-SEP-05                                                                                                                                                                          
Ismael               30-SEP-05                                                                                                                                                                          
Jose Manuel          07-MAR-06                                                                                                                                                                          
Luis                 07-DEC-07                                                                                                                                                                          
Den                  07-DEC-02                                                                                                                                                                          
Alexander            18-MAY-03                                                                                                                                                                          
Shelli               24-DEC-05                                                                                                                                                                          
Sigal                24-JUL-05                                                                                                                                                                          
Guy                  15-NOV-06                                                                                                                                                                          
Karen                10-AUG-07                                                                                                                                                                          
Matthew              18-JUL-04                                                                                                                                                                          
Adam                 10-APR-05                                                                                                                                                                          
Payam                01-MAY-03                                                                                                                                                                          
Shanta               10-OCT-05                                                                                                                                                                          
Kevin                16-NOV-07                                                                                                                                                                          
Julia                16-JUL-05                                                                                                                                                                          
Irene                28-SEP-06                                                                                                                                                                          
James                14-JAN-07                                                                                                                                                                          
Steven               08-MAR-08                                                                                                                                                                          
Laura                20-AUG-05                                                                                                                                                                          
Mozhe                30-OCT-05                                                                                                                                                                          
James                16-FEB-05                                                                                                                                                                          
TJ                   10-APR-07                                                                                                                                                                          
Jason                14-JUN-04                                                                                                                                                                          
Michael              26-AUG-06                                                                                                                                                                          
Ki                   12-DEC-07                                                                                                                                                                          
Hazel                06-FEB-08                                                                                                                                                                          
Renske               14-JUL-03                                                                                                                                                                          
Stephen              26-OCT-05                                                                                                                                                                          
John                 12-FEB-06                                                                                                                                                                          
Joshua               06-APR-06                                                                                                                                                                          
Trenna               17-OCT-03                                                                                                                                                                          
Curtis               29-JAN-05                                                                                                                                                                          
Randall              15-MAR-06                                                                                                                                                                          
Peter                09-JUL-06                                                                                                                                                                          
John                 01-OCT-04                                                                                                                                                                          
Karen                05-JAN-05                                                                                                                                                                          
Alberto              10-MAR-05                                                                                                                                                                          
Gerald               15-OCT-07                                                                                                                                                                          
Eleni                29-JAN-08                                                                                                                                                                          
Peter                30-JAN-05                                                                                                                                                                          
David                24-MAR-05                                                                                                                                                                          
Peter                20-AUG-05                                                                                                                                                                          
Christopher          30-MAR-06                                                                                                                                                                          
Nanette              09-DEC-06                                                                                                                                                                          
Oliver               23-NOV-07                                                                                                                                                                          
Janette              30-JAN-04                                                                                                                                                                          
Patrick              04-MAR-04                                                                                                                                                                          
Allan                01-AUG-04                                                                                                                                                                          
Lindsey              10-MAR-05                                                                                                                                                                          
Louise               15-DEC-05                                                                                                                                                                          
Sarath               03-NOV-06                                                                                                                                                                          
Clara                11-NOV-05                                                                                                                                                                          
Danielle             19-MAR-07                                                                                                                                                                          
Mattea               24-JAN-08                                                                                                                                                                          
David                23-FEB-08                                                                                                                                                                          
Sundar               24-MAR-08                                                                                                                                                                          
Amit                 21-APR-08                                                                                                                                                                          
Lisa                 11-MAR-05                                                                                                                                                                          
Harrison             23-MAR-06                                                                                                                                                                          
Tayler               24-JAN-06                                                                                                                                                                          
William              23-FEB-07                                                                                                                                                                          
Elizabeth            24-MAR-07                                                                                                                                                                          
Sundita              21-APR-08                                                                                                                                                                          
Ellen                11-MAY-04                                                                                                                                                                          
Alyssa               19-MAR-05                                                                                                                                                                          
Jonathon             24-MAR-06                                                                                                                                                                          
Jack                 23-APR-06                                                                                                                                                                          
Kimberely            24-MAY-07                                                                                                                                                                          
Charles              04-JAN-08                                                                                                                                                                          
Winston              24-JAN-06                                                                                                                                                                          
Jean                 23-FEB-06                                                                                                                                                                          
Martha               21-JUN-07                                                                                                                                                                          
Girard               03-FEB-08                                                                                                                                                                          
Nandita              27-JAN-04                                                                                                                                                                          
Alexis               20-FEB-05                                                                                                                                                                          
Julia                24-JUN-06                                                                                                                                                                          
Anthony              07-FEB-07                                                                                                                                                                          
Kelly                14-JUN-05                                                                                                                                                                          
Jennifer             13-AUG-05                                                                                                                                                                          
Timothy              11-JUL-06                                                                                                                                                                          
Randall              19-DEC-07                                                                                                                                                                          
Sarah                04-FEB-04                                                                                                                                                                          
Britney              03-MAR-05                                                                                                                                                                          
Samuel               01-JUL-06                                                                                                                                                                          
Vance                17-MAR-07                                                                                                                                                                          
Alana                24-APR-06                                                                                                                                                                          
Kevin                23-MAY-06                                                                                                                                                                          
Donald               21-JUN-07                                                                                                                                                                          
Douglas              13-JAN-08                                                                                                                                                                          
Jennifer             17-SEP-03                                                                                                                                                                          
Michael              17-FEB-04                                                                                                                                                                          
Pat                  17-AUG-05                                                                                                                                                                          
Susan                07-JUN-02                                                                                                                                                                          
Hermann              07-JUN-02                                                                                                                                                                          
Shelley              07-JUN-02                                                                                                                                                                          
William              07-JUN-02                                                                                                                                                                          

107 rows selected.

SQL> select first_name, hire_date, to_char(hire_date,'d') from employees;

FIRST_NAME           HIRE_DATE T                                                                                                                                                                        
-------------------- --------- -                                                                                                                                                                        
Steven               17-JUN-03 3                                                                                                                                                                        
Neena                21-SEP-05 4                                                                                                                                                                        
Lex                  13-JAN-01 7                                                                                                                                                                        
Alexander            03-JAN-06 3                                                                                                                                                                        
Bruce                21-MAY-07 2                                                                                                                                                                        
David                25-JUN-05 7                                                                                                                                                                        
Valli                05-FEB-06 1                                                                                                                                                                        
Diana                07-FEB-07 4                                                                                                                                                                        
Nancy                17-AUG-02 7                                                                                                                                                                        
Daniel               16-AUG-02 6                                                                                                                                                                        
John                 28-SEP-05 4                                                                                                                                                                        
Ismael               30-SEP-05 6                                                                                                                                                                        
Jose Manuel          07-MAR-06 3                                                                                                                                                                        
Luis                 07-DEC-07 6                                                                                                                                                                        
Den                  07-DEC-02 7                                                                                                                                                                        
Alexander            18-MAY-03 1                                                                                                                                                                        
Shelli               24-DEC-05 7                                                                                                                                                                        
Sigal                24-JUL-05 1                                                                                                                                                                        
Guy                  15-NOV-06 4                                                                                                                                                                        
Karen                10-AUG-07 6                                                                                                                                                                        
Matthew              18-JUL-04 1                                                                                                                                                                        
Adam                 10-APR-05 1                                                                                                                                                                        
Payam                01-MAY-03 5                                                                                                                                                                        
Shanta               10-OCT-05 2                                                                                                                                                                        
Kevin                16-NOV-07 6                                                                                                                                                                        
Julia                16-JUL-05 7                                                                                                                                                                        
Irene                28-SEP-06 5                                                                                                                                                                        
James                14-JAN-07 1                                                                                                                                                                        
Steven               08-MAR-08 7                                                                                                                                                                        
Laura                20-AUG-05 7                                                                                                                                                                        
Mozhe                30-OCT-05 1                                                                                                                                                                        
James                16-FEB-05 4                                                                                                                                                                        
TJ                   10-APR-07 3                                                                                                                                                                        
Jason                14-JUN-04 2                                                                                                                                                                        
Michael              26-AUG-06 7                                                                                                                                                                        
Ki                   12-DEC-07 4                                                                                                                                                                        
Hazel                06-FEB-08 4                                                                                                                                                                        
Renske               14-JUL-03 2                                                                                                                                                                        
Stephen              26-OCT-05 4                                                                                                                                                                        
John                 12-FEB-06 1                                                                                                                                                                        
Joshua               06-APR-06 5                                                                                                                                                                        
Trenna               17-OCT-03 6                                                                                                                                                                        
Curtis               29-JAN-05 7                                                                                                                                                                        
Randall              15-MAR-06 4                                                                                                                                                                        
Peter                09-JUL-06 1                                                                                                                                                                        
John                 01-OCT-04 6                                                                                                                                                                        
Karen                05-JAN-05 4                                                                                                                                                                        
Alberto              10-MAR-05 5                                                                                                                                                                        
Gerald               15-OCT-07 2                                                                                                                                                                        
Eleni                29-JAN-08 3                                                                                                                                                                        
Peter                30-JAN-05 1                                                                                                                                                                        
David                24-MAR-05 5                                                                                                                                                                        
Peter                20-AUG-05 7                                                                                                                                                                        
Christopher          30-MAR-06 5                                                                                                                                                                        
Nanette              09-DEC-06 7                                                                                                                                                                        
Oliver               23-NOV-07 6                                                                                                                                                                        
Janette              30-JAN-04 6                                                                                                                                                                        
Patrick              04-MAR-04 5                                                                                                                                                                        
Allan                01-AUG-04 1                                                                                                                                                                        
Lindsey              10-MAR-05 5                                                                                                                                                                        
Louise               15-DEC-05 5                                                                                                                                                                        
Sarath               03-NOV-06 6                                                                                                                                                                        
Clara                11-NOV-05 6                                                                                                                                                                        
Danielle             19-MAR-07 2                                                                                                                                                                        
Mattea               24-JAN-08 5                                                                                                                                                                        
David                23-FEB-08 7                                                                                                                                                                        
Sundar               24-MAR-08 2                                                                                                                                                                        
Amit                 21-APR-08 2                                                                                                                                                                        
Lisa                 11-MAR-05 6                                                                                                                                                                        
Harrison             23-MAR-06 5                                                                                                                                                                        
Tayler               24-JAN-06 3                                                                                                                                                                        
William              23-FEB-07 6                                                                                                                                                                        
Elizabeth            24-MAR-07 7                                                                                                                                                                        
Sundita              21-APR-08 2                                                                                                                                                                        
Ellen                11-MAY-04 3                                                                                                                                                                        
Alyssa               19-MAR-05 7                                                                                                                                                                        
Jonathon             24-MAR-06 6                                                                                                                                                                        
Jack                 23-APR-06 1                                                                                                                                                                        
Kimberely            24-MAY-07 5                                                                                                                                                                        
Charles              04-JAN-08 6                                                                                                                                                                        
Winston              24-JAN-06 3                                                                                                                                                                        
Jean                 23-FEB-06 5                                                                                                                                                                        
Martha               21-JUN-07 5                                                                                                                                                                        
Girard               03-FEB-08 1                                                                                                                                                                        
Nandita              27-JAN-04 3                                                                                                                                                                        
Alexis               20-FEB-05 1                                                                                                                                                                        
Julia                24-JUN-06 7                                                                                                                                                                        
Anthony              07-FEB-07 4                                                                                                                                                                        
Kelly                14-JUN-05 3                                                                                                                                                                        
Jennifer             13-AUG-05 7                                                                                                                                                                        
Timothy              11-JUL-06 3                                                                                                                                                                        
Randall              19-DEC-07 4                                                                                                                                                                        
Sarah                04-FEB-04 4                                                                                                                                                                        
Britney              03-MAR-05 5                                                                                                                                                                        
Samuel               01-JUL-06 7                                                                                                                                                                        
Vance                17-MAR-07 7                                                                                                                                                                        
Alana                24-APR-06 2                                                                                                                                                                        
Kevin                23-MAY-06 3                                                                                                                                                                        
Donald               21-JUN-07 5                                                                                                                                                                        
Douglas              13-JAN-08 1                                                                                                                                                                        
Jennifer             17-SEP-03 4                                                                                                                                                                        
Michael              17-FEB-04 3                                                                                                                                                                        
Pat                  17-AUG-05 4                                                                                                                                                                        
Susan                07-JUN-02 6                                                                                                                                                                        
Hermann              07-JUN-02 6                                                                                                                                                                        
Shelley              07-JUN-02 6                                                                                                                                                                        
William              07-JUN-02 6                                                                                                                                                                        

107 rows selected.

SQL> select first_name, hire_date, to_char(hire_date,'day') from employees;

FIRST_NAME           HIRE_DATE TO_CHAR(HIRE_DATE,'DAY')                                                                                                                                                 
-------------------- --------- ------------------------------------                                                                                                                                     
Steven               17-JUN-03 tuesday                                                                                                                                                                  
Neena                21-SEP-05 wednesday                                                                                                                                                                
Lex                  13-JAN-01 saturday                                                                                                                                                                 
Alexander            03-JAN-06 tuesday                                                                                                                                                                  
Bruce                21-MAY-07 monday                                                                                                                                                                   
David                25-JUN-05 saturday                                                                                                                                                                 
Valli                05-FEB-06 sunday                                                                                                                                                                   
Diana                07-FEB-07 wednesday                                                                                                                                                                
Nancy                17-AUG-02 saturday                                                                                                                                                                 
Daniel               16-AUG-02 friday                                                                                                                                                                   
John                 28-SEP-05 wednesday                                                                                                                                                                
Ismael               30-SEP-05 friday                                                                                                                                                                   
Jose Manuel          07-MAR-06 tuesday                                                                                                                                                                  
Luis                 07-DEC-07 friday                                                                                                                                                                   
Den                  07-DEC-02 saturday                                                                                                                                                                 
Alexander            18-MAY-03 sunday                                                                                                                                                                   
Shelli               24-DEC-05 saturday                                                                                                                                                                 
Sigal                24-JUL-05 sunday                                                                                                                                                                   
Guy                  15-NOV-06 wednesday                                                                                                                                                                
Karen                10-AUG-07 friday                                                                                                                                                                   
Matthew              18-JUL-04 sunday                                                                                                                                                                   
Adam                 10-APR-05 sunday                                                                                                                                                                   
Payam                01-MAY-03 thursday                                                                                                                                                                 
Shanta               10-OCT-05 monday                                                                                                                                                                   
Kevin                16-NOV-07 friday                                                                                                                                                                   
Julia                16-JUL-05 saturday                                                                                                                                                                 
Irene                28-SEP-06 thursday                                                                                                                                                                 
James                14-JAN-07 sunday                                                                                                                                                                   
Steven               08-MAR-08 saturday                                                                                                                                                                 
Laura                20-AUG-05 saturday                                                                                                                                                                 
Mozhe                30-OCT-05 sunday                                                                                                                                                                   
James                16-FEB-05 wednesday                                                                                                                                                                
TJ                   10-APR-07 tuesday                                                                                                                                                                  
Jason                14-JUN-04 monday                                                                                                                                                                   
Michael              26-AUG-06 saturday                                                                                                                                                                 
Ki                   12-DEC-07 wednesday                                                                                                                                                                
Hazel                06-FEB-08 wednesday                                                                                                                                                                
Renske               14-JUL-03 monday                                                                                                                                                                   
Stephen              26-OCT-05 wednesday                                                                                                                                                                
John                 12-FEB-06 sunday                                                                                                                                                                   
Joshua               06-APR-06 thursday                                                                                                                                                                 
Trenna               17-OCT-03 friday                                                                                                                                                                   
Curtis               29-JAN-05 saturday                                                                                                                                                                 
Randall              15-MAR-06 wednesday                                                                                                                                                                
Peter                09-JUL-06 sunday                                                                                                                                                                   
John                 01-OCT-04 friday                                                                                                                                                                   
Karen                05-JAN-05 wednesday                                                                                                                                                                
Alberto              10-MAR-05 thursday                                                                                                                                                                 
Gerald               15-OCT-07 monday                                                                                                                                                                   
Eleni                29-JAN-08 tuesday                                                                                                                                                                  
Peter                30-JAN-05 sunday                                                                                                                                                                   
David                24-MAR-05 thursday                                                                                                                                                                 
Peter                20-AUG-05 saturday                                                                                                                                                                 
Christopher          30-MAR-06 thursday                                                                                                                                                                 
Nanette              09-DEC-06 saturday                                                                                                                                                                 
Oliver               23-NOV-07 friday                                                                                                                                                                   
Janette              30-JAN-04 friday                                                                                                                                                                   
Patrick              04-MAR-04 thursday                                                                                                                                                                 
Allan                01-AUG-04 sunday                                                                                                                                                                   
Lindsey              10-MAR-05 thursday                                                                                                                                                                 
Louise               15-DEC-05 thursday                                                                                                                                                                 
Sarath               03-NOV-06 friday                                                                                                                                                                   
Clara                11-NOV-05 friday                                                                                                                                                                   
Danielle             19-MAR-07 monday                                                                                                                                                                   
Mattea               24-JAN-08 thursday                                                                                                                                                                 
David                23-FEB-08 saturday                                                                                                                                                                 
Sundar               24-MAR-08 monday                                                                                                                                                                   
Amit                 21-APR-08 monday                                                                                                                                                                   
Lisa                 11-MAR-05 friday                                                                                                                                                                   
Harrison             23-MAR-06 thursday                                                                                                                                                                 
Tayler               24-JAN-06 tuesday                                                                                                                                                                  
William              23-FEB-07 friday                                                                                                                                                                   
Elizabeth            24-MAR-07 saturday                                                                                                                                                                 
Sundita              21-APR-08 monday                                                                                                                                                                   
Ellen                11-MAY-04 tuesday                                                                                                                                                                  
Alyssa               19-MAR-05 saturday                                                                                                                                                                 
Jonathon             24-MAR-06 friday                                                                                                                                                                   
Jack                 23-APR-06 sunday                                                                                                                                                                   
Kimberely            24-MAY-07 thursday                                                                                                                                                                 
Charles              04-JAN-08 friday                                                                                                                                                                   
Winston              24-JAN-06 tuesday                                                                                                                                                                  
Jean                 23-FEB-06 thursday                                                                                                                                                                 
Martha               21-JUN-07 thursday                                                                                                                                                                 
Girard               03-FEB-08 sunday                                                                                                                                                                   
Nandita              27-JAN-04 tuesday                                                                                                                                                                  
Alexis               20-FEB-05 sunday                                                                                                                                                                   
Julia                24-JUN-06 saturday                                                                                                                                                                 
Anthony              07-FEB-07 wednesday                                                                                                                                                                
Kelly                14-JUN-05 tuesday                                                                                                                                                                  
Jennifer             13-AUG-05 saturday                                                                                                                                                                 
Timothy              11-JUL-06 tuesday                                                                                                                                                                  
Randall              19-DEC-07 wednesday                                                                                                                                                                
Sarah                04-FEB-04 wednesday                                                                                                                                                                
Britney              03-MAR-05 thursday                                                                                                                                                                 
Samuel               01-JUL-06 saturday                                                                                                                                                                 
Vance                17-MAR-07 saturday                                                                                                                                                                 
Alana                24-APR-06 monday                                                                                                                                                                   
Kevin                23-MAY-06 tuesday                                                                                                                                                                  
Donald               21-JUN-07 thursday                                                                                                                                                                 
Douglas              13-JAN-08 sunday                                                                                                                                                                   
Jennifer             17-SEP-03 wednesday                                                                                                                                                                
Michael              17-FEB-04 tuesday                                                                                                                                                                  
Pat                  17-AUG-05 wednesday                                                                                                                                                                
Susan                07-JUN-02 friday                                                                                                                                                                   
Hermann              07-JUN-02 friday                                                                                                                                                                   
Shelley              07-JUN-02 friday                                                                                                                                                                   
William              07-JUN-02 friday                                                                                                                                                                   

107 rows selected.

SQL> select first_name, hire_date, to_char(hire_date,'Day') from employees;

FIRST_NAME           HIRE_DATE TO_CHAR(HIRE_DATE,'DAY')                                                                                                                                                 
-------------------- --------- ------------------------------------                                                                                                                                     
Steven               17-JUN-03 Tuesday                                                                                                                                                                  
Neena                21-SEP-05 Wednesday                                                                                                                                                                
Lex                  13-JAN-01 Saturday                                                                                                                                                                 
Alexander            03-JAN-06 Tuesday                                                                                                                                                                  
Bruce                21-MAY-07 Monday                                                                                                                                                                   
David                25-JUN-05 Saturday                                                                                                                                                                 
Valli                05-FEB-06 Sunday                                                                                                                                                                   
Diana                07-FEB-07 Wednesday                                                                                                                                                                
Nancy                17-AUG-02 Saturday                                                                                                                                                                 
Daniel               16-AUG-02 Friday                                                                                                                                                                   
John                 28-SEP-05 Wednesday                                                                                                                                                                
Ismael               30-SEP-05 Friday                                                                                                                                                                   
Jose Manuel          07-MAR-06 Tuesday                                                                                                                                                                  
Luis                 07-DEC-07 Friday                                                                                                                                                                   
Den                  07-DEC-02 Saturday                                                                                                                                                                 
Alexander            18-MAY-03 Sunday                                                                                                                                                                   
Shelli               24-DEC-05 Saturday                                                                                                                                                                 
Sigal                24-JUL-05 Sunday                                                                                                                                                                   
Guy                  15-NOV-06 Wednesday                                                                                                                                                                
Karen                10-AUG-07 Friday                                                                                                                                                                   
Matthew              18-JUL-04 Sunday                                                                                                                                                                   
Adam                 10-APR-05 Sunday                                                                                                                                                                   
Payam                01-MAY-03 Thursday                                                                                                                                                                 
Shanta               10-OCT-05 Monday                                                                                                                                                                   
Kevin                16-NOV-07 Friday                                                                                                                                                                   
Julia                16-JUL-05 Saturday                                                                                                                                                                 
Irene                28-SEP-06 Thursday                                                                                                                                                                 
James                14-JAN-07 Sunday                                                                                                                                                                   
Steven               08-MAR-08 Saturday                                                                                                                                                                 
Laura                20-AUG-05 Saturday                                                                                                                                                                 
Mozhe                30-OCT-05 Sunday                                                                                                                                                                   
James                16-FEB-05 Wednesday                                                                                                                                                                
TJ                   10-APR-07 Tuesday                                                                                                                                                                  
Jason                14-JUN-04 Monday                                                                                                                                                                   
Michael              26-AUG-06 Saturday                                                                                                                                                                 
Ki                   12-DEC-07 Wednesday                                                                                                                                                                
Hazel                06-FEB-08 Wednesday                                                                                                                                                                
Renske               14-JUL-03 Monday                                                                                                                                                                   
Stephen              26-OCT-05 Wednesday                                                                                                                                                                
John                 12-FEB-06 Sunday                                                                                                                                                                   
Joshua               06-APR-06 Thursday                                                                                                                                                                 
Trenna               17-OCT-03 Friday                                                                                                                                                                   
Curtis               29-JAN-05 Saturday                                                                                                                                                                 
Randall              15-MAR-06 Wednesday                                                                                                                                                                
Peter                09-JUL-06 Sunday                                                                                                                                                                   
John                 01-OCT-04 Friday                                                                                                                                                                   
Karen                05-JAN-05 Wednesday                                                                                                                                                                
Alberto              10-MAR-05 Thursday                                                                                                                                                                 
Gerald               15-OCT-07 Monday                                                                                                                                                                   
Eleni                29-JAN-08 Tuesday                                                                                                                                                                  
Peter                30-JAN-05 Sunday                                                                                                                                                                   
David                24-MAR-05 Thursday                                                                                                                                                                 
Peter                20-AUG-05 Saturday                                                                                                                                                                 
Christopher          30-MAR-06 Thursday                                                                                                                                                                 
Nanette              09-DEC-06 Saturday                                                                                                                                                                 
Oliver               23-NOV-07 Friday                                                                                                                                                                   
Janette              30-JAN-04 Friday                                                                                                                                                                   
Patrick              04-MAR-04 Thursday                                                                                                                                                                 
Allan                01-AUG-04 Sunday                                                                                                                                                                   
Lindsey              10-MAR-05 Thursday                                                                                                                                                                 
Louise               15-DEC-05 Thursday                                                                                                                                                                 
Sarath               03-NOV-06 Friday                                                                                                                                                                   
Clara                11-NOV-05 Friday                                                                                                                                                                   
Danielle             19-MAR-07 Monday                                                                                                                                                                   
Mattea               24-JAN-08 Thursday                                                                                                                                                                 
David                23-FEB-08 Saturday                                                                                                                                                                 
Sundar               24-MAR-08 Monday                                                                                                                                                                   
Amit                 21-APR-08 Monday                                                                                                                                                                   
Lisa                 11-MAR-05 Friday                                                                                                                                                                   
Harrison             23-MAR-06 Thursday                                                                                                                                                                 
Tayler               24-JAN-06 Tuesday                                                                                                                                                                  
William              23-FEB-07 Friday                                                                                                                                                                   
Elizabeth            24-MAR-07 Saturday                                                                                                                                                                 
Sundita              21-APR-08 Monday                                                                                                                                                                   
Ellen                11-MAY-04 Tuesday                                                                                                                                                                  
Alyssa               19-MAR-05 Saturday                                                                                                                                                                 
Jonathon             24-MAR-06 Friday                                                                                                                                                                   
Jack                 23-APR-06 Sunday                                                                                                                                                                   
Kimberely            24-MAY-07 Thursday                                                                                                                                                                 
Charles              04-JAN-08 Friday                                                                                                                                                                   
Winston              24-JAN-06 Tuesday                                                                                                                                                                  
Jean                 23-FEB-06 Thursday                                                                                                                                                                 
Martha               21-JUN-07 Thursday                                                                                                                                                                 
Girard               03-FEB-08 Sunday                                                                                                                                                                   
Nandita              27-JAN-04 Tuesday                                                                                                                                                                  
Alexis               20-FEB-05 Sunday                                                                                                                                                                   
Julia                24-JUN-06 Saturday                                                                                                                                                                 
Anthony              07-FEB-07 Wednesday                                                                                                                                                                
Kelly                14-JUN-05 Tuesday                                                                                                                                                                  
Jennifer             13-AUG-05 Saturday                                                                                                                                                                 
Timothy              11-JUL-06 Tuesday                                                                                                                                                                  
Randall              19-DEC-07 Wednesday                                                                                                                                                                
Sarah                04-FEB-04 Wednesday                                                                                                                                                                
Britney              03-MAR-05 Thursday                                                                                                                                                                 
Samuel               01-JUL-06 Saturday                                                                                                                                                                 
Vance                17-MAR-07 Saturday                                                                                                                                                                 
Alana                24-APR-06 Monday                                                                                                                                                                   
Kevin                23-MAY-06 Tuesday                                                                                                                                                                  
Donald               21-JUN-07 Thursday                                                                                                                                                                 
Douglas              13-JAN-08 Sunday                                                                                                                                                                   
Jennifer             17-SEP-03 Wednesday                                                                                                                                                                
Michael              17-FEB-04 Tuesday                                                                                                                                                                  
Pat                  17-AUG-05 Wednesday                                                                                                                                                                
Susan                07-JUN-02 Friday                                                                                                                                                                   
Hermann              07-JUN-02 Friday                                                                                                                                                                   
Shelley              07-JUN-02 Friday                                                                                                                                                                   
William              07-JUN-02 Friday                                                                                                                                                                   

107 rows selected.

SQL> select first_name, hire_date, to_char(hire_date,'Day') from employees where to_char(hire_date,'Day')='Wednesday';

FIRST_NAME           HIRE_DATE TO_CHAR(HIRE_DATE,'DAY')                                                                                                                                                 
-------------------- --------- ------------------------------------                                                                                                                                     
Neena                21-SEP-05 Wednesday                                                                                                                                                                
Diana                07-FEB-07 Wednesday                                                                                                                                                                
John                 28-SEP-05 Wednesday                                                                                                                                                                
Guy                  15-NOV-06 Wednesday                                                                                                                                                                
James                16-FEB-05 Wednesday                                                                                                                                                                
Ki                   12-DEC-07 Wednesday                                                                                                                                                                
Hazel                06-FEB-08 Wednesday                                                                                                                                                                
Stephen              26-OCT-05 Wednesday                                                                                                                                                                
Randall              15-MAR-06 Wednesday                                                                                                                                                                
Karen                05-JAN-05 Wednesday                                                                                                                                                                
Anthony              07-FEB-07 Wednesday                                                                                                                                                                
Randall              19-DEC-07 Wednesday                                                                                                                                                                
Sarah                04-FEB-04 Wednesday                                                                                                                                                                
Jennifer             17-SEP-03 Wednesday                                                                                                                                                                
Pat                  17-AUG-05 Wednesday                                                                                                                                                                

15 rows selected.

SQL> spool off;

SQL> select first_name, hire_date, to_char(hire_date,'Day') from employees where to_char(hire_date,'Day')='Monday';

no rows selected

SQL> select first_name, hire_date, to_char(hire_date,'Day') from employees where to_char(hire_date,'Day')='   Monday';

no rows selected

SQL> select first_name, hire_date, to_char(hire_date,'Day') from employees where to_char(hire_date,'Day')='Monday   ';

FIRST_NAME           HIRE_DATE TO_CHAR(HIRE_DATE,'DAY')                                                                                                                                                 
-------------------- --------- ------------------------------------                                                                                                                                     
Bruce                21-MAY-07 Monday                                                                                                                                                                   
Shanta               10-OCT-05 Monday                                                                                                                                                                   
Jason                14-JUN-04 Monday                                                                                                                                                                   
Renske               14-JUL-03 Monday                                                                                                                                                                   
Gerald               15-OCT-07 Monday                                                                                                                                                                   
Danielle             19-MAR-07 Monday                                                                                                                                                                   
Sundar               24-MAR-08 Monday                                                                                                                                                                   
Amit                 21-APR-08 Monday                                                                                                                                                                   
Sundita              21-APR-08 Monday                                                                                                                                                                   
Alana                24-APR-06 Monday                                                                                                                                                                   

10 rows selected.

SQL> select first_name, hire_date, to_char(hire_date,'Day') from employees where trim(to_char(hire_date,'Day'))='Monday';

FIRST_NAME           HIRE_DATE TO_CHAR(HIRE_DATE,'DAY')                                                                                                                                                 
-------------------- --------- ------------------------------------                                                                                                                                     
Bruce                21-MAY-07 Monday                                                                                                                                                                   
Shanta               10-OCT-05 Monday                                                                                                                                                                   
Jason                14-JUN-04 Monday                                                                                                                                                                   
Renske               14-JUL-03 Monday                                                                                                                                                                   
Gerald               15-OCT-07 Monday                                                                                                                                                                   
Danielle             19-MAR-07 Monday                                                                                                                                                                   
Sundar               24-MAR-08 Monday                                                                                                                                                                   
Amit                 21-APR-08 Monday                                                                                                                                                                   
Sundita              21-APR-08 Monday                                                                                                                                                                   
Alana                24-APR-06 Monday                                                                                                                                                                   

10 rows selected.

SQL> select first_name, hire_date, to_char(hire_date,'Day') from employees where to_char(hire_date,'fmDay')='Monday';

FIRST_NAME           HIRE_DATE TO_CHAR(HIRE_DATE,'DAY')                                                                                                                                                 
-------------------- --------- ------------------------------------                                                                                                                                     
Bruce                21-MAY-07 Monday                                                                                                                                                                   
Shanta               10-OCT-05 Monday                                                                                                                                                                   
Jason                14-JUN-04 Monday                                                                                                                                                                   
Renske               14-JUL-03 Monday                                                                                                                                                                   
Gerald               15-OCT-07 Monday                                                                                                                                                                   
Danielle             19-MAR-07 Monday                                                                                                                                                                   
Sundar               24-MAR-08 Monday                                                                                                                                                                   
Amit                 21-APR-08 Monday                                                                                                                                                                   
Sundita              21-APR-08 Monday                                                                                                                                                                   
Alana                24-APR-06 Monday                                                                                                                                                                   

10 rows selected.

SQL> select first_name, hire_date, to_char(hire_date,'yyyy') from employees where to_char(hire_date,'fmDay')='Monday';

FIRST_NAME           HIRE_DATE TO_C                                                                                                                                                                     
-------------------- --------- ----                                                                                                                                                                     
Bruce                21-MAY-07 2007                                                                                                                                                                     
Shanta               10-OCT-05 2005                                                                                                                                                                     
Jason                14-JUN-04 2004                                                                                                                                                                     
Renske               14-JUL-03 2003                                                                                                                                                                     
Gerald               15-OCT-07 2007                                                                                                                                                                     
Danielle             19-MAR-07 2007                                                                                                                                                                     
Sundar               24-MAR-08 2008                                                                                                                                                                     
Amit                 21-APR-08 2008                                                                                                                                                                     
Sundita              21-APR-08 2008                                                                                                                                                                     
Alana                24-APR-06 2006                                                                                                                                                                     

10 rows selected.

SQL> select first_name, hire_date, to_char(hire_date,'yyyy') from employees where to_char(hire_date,'fmDay')='Sunday';

FIRST_NAME           HIRE_DATE TO_C                                                                                                                                                                     
-------------------- --------- ----                                                                                                                                                                     
Valli                05-FEB-06 2006                                                                                                                                                                     
Alexander            18-MAY-03 2003                                                                                                                                                                     
Sigal                24-JUL-05 2005                                                                                                                                                                     
Matthew              18-JUL-04 2004                                                                                                                                                                     
Adam                 10-APR-05 2005                                                                                                                                                                     
James                14-JAN-07 2007                                                                                                                                                                     
Mozhe                30-OCT-05 2005                                                                                                                                                                     
John                 12-FEB-06 2006                                                                                                                                                                     
Peter                09-JUL-06 2006                                                                                                                                                                     
Peter                30-JAN-05 2005                                                                                                                                                                     
Allan                01-AUG-04 2004                                                                                                                                                                     
Jack                 23-APR-06 2006                                                                                                                                                                     
Girard               03-FEB-08 2008                                                                                                                                                                     
Alexis               20-FEB-05 2005                                                                                                                                                                     
Douglas              13-JAN-08 2008                                                                                                                                                                     

15 rows selected.

SQL> select sysdate from dual;

SYSDATE                                                                                                                                                                                                 
---------                                                                                                                                                                                               
02-DEC-21                                                                                                                                                                                               

SQL> select sysdate, sysdate+1 from dual;

SYSDATE   SYSDATE+1                                                                                                                                                                                     
--------- ---------                                                                                                                                                                                     
02-DEC-21 03-DEC-21                                                                                                                                                                                     

SQL> select sysdate, sysdate+1, sysdate-1 from dual;

SYSDATE   SYSDATE+1 SYSDATE-1                                                                                                                                                                           
--------- --------- ---------                                                                                                                                                                           
02-DEC-21 03-DEC-21 01-DEC-21                                                                                                                                                                           

SQL> select sysdate, sysdate+1, sysdate-3 from dual;

SYSDATE   SYSDATE+1 SYSDATE-3                                                                                                                                                                           
--------- --------- ---------                                                                                                                                                                           
02-DEC-21 03-DEC-21 29-NOV-21                                                                                                                                                                           

SQL> select sysdate, sysdate+1, sysdate-1 from dual;

SYSDATE   SYSDATE+1 SYSDATE-1                                                                                                                                                                           
--------- --------- ---------                                                                                                                                                                           
02-DEC-21 03-DEC-21 01-DEC-21                                                                                                                                                                           

SQL> select sysdate-sysdate+1, sysdate-1 from dual;

SYSDATE-SYSDATE+1 SYSDATE-1                                                                                                                                                                             
----------------- ---------                                                                                                                                                                             
                1 01-DEC-21                                                                                                                                                                             

SQL> select sysdate-sysdate+10, sysdate-1 from dual;

SYSDATE-SYSDATE+10 SYSDATE-1                                                                                                                                                                            
------------------ ---------                                                                                                                                                                            
                10 01-DEC-21                                                                                                                                                                            

SQL> select sysdate-(sysdate+10), sysdate-1 from dual;

SYSDATE-(SYSDATE+10) SYSDATE-1                                                                                                                                                                          
-------------------- ---------                                                                                                                                                                          
                 -10 01-DEC-21                                                                                                                                                                          

SQL> select sysdate-(sysdate-10), sysdate-1 from dual;

SYSDATE-(SYSDATE-10) SYSDATE-1                                                                                                                                                                          
-------------------- ---------                                                                                                                                                                          
                  10 01-DEC-21                                                                                                                                                                          

SQL> select to_char(sysdate, 'hh:mi:ss'), to_char(sysdate+2/24, 'hh:mi:ss') from dual;

TO_CHAR( TO_CHAR(                                                                                                                                                                                       
-------- --------                                                                                                                                                                                       
10:49:39 12:49:39                                                                                                                                                                                       

SQL> select to_char(sysdate, 'hh:mi:ss'), to_char(sysdate+2/60, 'hh:mi:ss') from dual;

TO_CHAR( TO_CHAR(                                                                                                                                                                                       
-------- --------                                                                                                                                                                                       
10:50:18 11:38:18                                                                                                                                                                                       

SQL> select to_char(sysdate, 'hh:mi:ss'), to_char(sysdate+1/60, 'hh:mi:ss') from dual;

TO_CHAR( TO_CHAR(                                                                                                                                                                                       
-------- --------                                                                                                                                                                                       
10:50:45 11:14:45                                                                                                                                                                                       

SQL> select last_name, hire_date, sysdate-hire_date no_of_days from employees
  2  ;

LAST_NAME                 HIRE_DATE NO_OF_DAYS                                                                                                                                                          
------------------------- --------- ----------                                                                                                                                                          
King                      17-JUN-03 6743.45303                                                                                                                                                          
Kochhar                   21-SEP-05 5916.45303                                                                                                                                                          
De Haan                   13-JAN-01 7628.45303                                                                                                                                                          
Hunold                    03-JAN-06 5812.45303                                                                                                                                                          
Ernst                     21-MAY-07 5309.45303                                                                                                                                                          
Austin                    25-JUN-05 6004.45303                                                                                                                                                          
Pataballa                 05-FEB-06 5779.45303                                                                                                                                                          
Lorentz                   07-FEB-07 5412.45303                                                                                                                                                          
Greenberg                 17-AUG-02 7047.45303                                                                                                                                                          
Faviet                    16-AUG-02 7048.45303                                                                                                                                                          
Chen                      28-SEP-05 5909.45303                                                                                                                                                          
Sciarra                   30-SEP-05 5907.45303                                                                                                                                                          
Urman                     07-MAR-06 5749.45303                                                                                                                                                          
Popp                      07-DEC-07 5109.45303                                                                                                                                                          
Raphaely                  07-DEC-02 6935.45303                                                                                                                                                          
Khoo                      18-MAY-03 6773.45303                                                                                                                                                          
Baida                     24-DEC-05 5822.45303                                                                                                                                                          
Tobias                    24-JUL-05 5975.45303                                                                                                                                                          
Himuro                    15-NOV-06 5496.45303                                                                                                                                                          
Colmenares                10-AUG-07 5228.45303                                                                                                                                                          
Weiss                     18-JUL-04 6346.45303                                                                                                                                                          
Fripp                     10-APR-05 6080.45303                                                                                                                                                          
Kaufling                  01-MAY-03 6790.45303                                                                                                                                                          
Vollman                   10-OCT-05 5897.45303                                                                                                                                                          
Mourgos                   16-NOV-07 5130.45303                                                                                                                                                          
Nayer                     16-JUL-05 5983.45303                                                                                                                                                          
Mikkilineni               28-SEP-06 5544.45303                                                                                                                                                          
Landry                    14-JAN-07 5436.45303                                                                                                                                                          
Markle                    08-MAR-08 5017.45303                                                                                                                                                          
Bissot                    20-AUG-05 5948.45303                                                                                                                                                          
Atkinson                  30-OCT-05 5877.45303                                                                                                                                                          
Marlow                    16-FEB-05 6133.45303                                                                                                                                                          
Olson                     10-APR-07 5350.45303                                                                                                                                                          
Mallin                    14-JUN-04 6380.45303                                                                                                                                                          
Rogers                    26-AUG-06 5577.45303                                                                                                                                                          
Gee                       12-DEC-07 5104.45303                                                                                                                                                          
Philtanker                06-FEB-08 5048.45303                                                                                                                                                          
Ladwig                    14-JUL-03 6716.45303                                                                                                                                                          
Stiles                    26-OCT-05 5881.45303                                                                                                                                                          
Seo                       12-FEB-06 5772.45303                                                                                                                                                          
Patel                     06-APR-06 5719.45303                                                                                                                                                          
Rajs                      17-OCT-03 6621.45303                                                                                                                                                          
Davies                    29-JAN-05 6151.45303                                                                                                                                                          
Matos                     15-MAR-06 5741.45303                                                                                                                                                          
Vargas                    09-JUL-06 5625.45303                                                                                                                                                          
Russell                   01-OCT-04 6271.45303                                                                                                                                                          
Partners                  05-JAN-05 6175.45303                                                                                                                                                          
Errazuriz                 10-MAR-05 6111.45303                                                                                                                                                          
Cambrault                 15-OCT-07 5162.45303                                                                                                                                                          
Zlotkey                   29-JAN-08 5056.45303                                                                                                                                                          
Tucker                    30-JAN-05 6150.45303                                                                                                                                                          
Bernstein                 24-MAR-05 6097.45303                                                                                                                                                          
Hall                      20-AUG-05 5948.45303                                                                                                                                                          
Olsen                     30-MAR-06 5726.45303                                                                                                                                                          
Cambrault                 09-DEC-06 5472.45303                                                                                                                                                          
Tuvault                   23-NOV-07 5123.45303                                                                                                                                                          
King                      30-JAN-04 6516.45303                                                                                                                                                          
Sully                     04-MAR-04 6482.45303                                                                                                                                                          
McEwen                    01-AUG-04 6332.45303                                                                                                                                                          
Smith                     10-MAR-05 6111.45303                                                                                                                                                          
Doran                     15-DEC-05 5831.45303                                                                                                                                                          
Sewall                    03-NOV-06 5508.45303                                                                                                                                                          
Vishney                   11-NOV-05 5865.45303                                                                                                                                                          
Greene                    19-MAR-07 5372.45303                                                                                                                                                          
Marvins                   24-JAN-08 5061.45303                                                                                                                                                          
Lee                       23-FEB-08 5031.45303                                                                                                                                                          
Ande                      24-MAR-08 5001.45303                                                                                                                                                          
Banda                     21-APR-08 4973.45303                                                                                                                                                          
Ozer                      11-MAR-05 6110.45303                                                                                                                                                          
Bloom                     23-MAR-06 5733.45303                                                                                                                                                          
Fox                       24-JAN-06 5791.45303                                                                                                                                                          
Smith                     23-FEB-07 5396.45303                                                                                                                                                          
Bates                     24-MAR-07 5367.45303                                                                                                                                                          
Kumar                     21-APR-08 4973.45303                                                                                                                                                          
Abel                      11-MAY-04 6414.45303                                                                                                                                                          
Hutton                    19-MAR-05 6102.45303                                                                                                                                                          
Taylor                    24-MAR-06 5732.45303                                                                                                                                                          
Livingston                23-APR-06 5702.45303                                                                                                                                                          
Grant                     24-MAY-07 5306.45303                                                                                                                                                          
Johnson                   04-JAN-08 5081.45303                                                                                                                                                          
Taylor                    24-JAN-06 5791.45303                                                                                                                                                          
Fleaur                    23-FEB-06 5761.45303                                                                                                                                                          
Sullivan                  21-JUN-07 5278.45303                                                                                                                                                          
Geoni                     03-FEB-08 5051.45303                                                                                                                                                          
Sarchand                  27-JAN-04 6519.45303                                                                                                                                                          
Bull                      20-FEB-05 6129.45303                                                                                                                                                          
Dellinger                 24-JUN-06 5640.45303                                                                                                                                                          
Cabrio                    07-FEB-07 5412.45303                                                                                                                                                          
Chung                     14-JUN-05 6015.45303                                                                                                                                                          
Dilly                     13-AUG-05 5955.45303                                                                                                                                                          
Gates                     11-JUL-06 5623.45303                                                                                                                                                          
Perkins                   19-DEC-07 5097.45303                                                                                                                                                          
Bell                      04-FEB-04 6511.45303                                                                                                                                                          
Everett                   03-MAR-05 6118.45303                                                                                                                                                          
McCain                    01-JUL-06 5633.45303                                                                                                                                                          
Jones                     17-MAR-07 5374.45303                                                                                                                                                          
Walsh                     24-APR-06 5701.45303                                                                                                                                                          
Feeney                    23-MAY-06 5672.45303                                                                                                                                                          
OConnell                  21-JUN-07 5278.45303                                                                                                                                                          
Grant                     13-JAN-08 5072.45303                                                                                                                                                          
Whalen                    17-SEP-03 6651.45303                                                                                                                                                          
Hartstein                 17-FEB-04 6498.45303                                                                                                                                                          
Fay                       17-AUG-05 5951.45303                                                                                                                                                          
Mavris                    07-JUN-02 7118.45303                                                                                                                                                          
Baer                      07-JUN-02 7118.45303                                                                                                                                                          
Higgins                   07-JUN-02 7118.45303                                                                                                                                                          
Gietz                     07-JUN-02 7118.45303                                                                                                                                                          

107 rows selected.

SQL> select last_name, hire_date, round(sysdate-hire_date) no_of_days from employees;

LAST_NAME                 HIRE_DATE NO_OF_DAYS                                                                                                                                                          
------------------------- --------- ----------                                                                                                                                                          
King                      17-JUN-03       6743                                                                                                                                                          
Kochhar                   21-SEP-05       5916                                                                                                                                                          
De Haan                   13-JAN-01       7628                                                                                                                                                          
Hunold                    03-JAN-06       5812                                                                                                                                                          
Ernst                     21-MAY-07       5309                                                                                                                                                          
Austin                    25-JUN-05       6004                                                                                                                                                          
Pataballa                 05-FEB-06       5779                                                                                                                                                          
Lorentz                   07-FEB-07       5412                                                                                                                                                          
Greenberg                 17-AUG-02       7047                                                                                                                                                          
Faviet                    16-AUG-02       7048                                                                                                                                                          
Chen                      28-SEP-05       5909                                                                                                                                                          
Sciarra                   30-SEP-05       5907                                                                                                                                                          
Urman                     07-MAR-06       5749                                                                                                                                                          
Popp                      07-DEC-07       5109                                                                                                                                                          
Raphaely                  07-DEC-02       6935                                                                                                                                                          
Khoo                      18-MAY-03       6773                                                                                                                                                          
Baida                     24-DEC-05       5822                                                                                                                                                          
Tobias                    24-JUL-05       5975                                                                                                                                                          
Himuro                    15-NOV-06       5496                                                                                                                                                          
Colmenares                10-AUG-07       5228                                                                                                                                                          
Weiss                     18-JUL-04       6346                                                                                                                                                          
Fripp                     10-APR-05       6080                                                                                                                                                          
Kaufling                  01-MAY-03       6790                                                                                                                                                          
Vollman                   10-OCT-05       5897                                                                                                                                                          
Mourgos                   16-NOV-07       5130                                                                                                                                                          
Nayer                     16-JUL-05       5983                                                                                                                                                          
Mikkilineni               28-SEP-06       5544                                                                                                                                                          
Landry                    14-JAN-07       5436                                                                                                                                                          
Markle                    08-MAR-08       5017                                                                                                                                                          
Bissot                    20-AUG-05       5948                                                                                                                                                          
Atkinson                  30-OCT-05       5877                                                                                                                                                          
Marlow                    16-FEB-05       6133                                                                                                                                                          
Olson                     10-APR-07       5350                                                                                                                                                          
Mallin                    14-JUN-04       6380                                                                                                                                                          
Rogers                    26-AUG-06       5577                                                                                                                                                          
Gee                       12-DEC-07       5104                                                                                                                                                          
Philtanker                06-FEB-08       5048                                                                                                                                                          
Ladwig                    14-JUL-03       6716                                                                                                                                                          
Stiles                    26-OCT-05       5881                                                                                                                                                          
Seo                       12-FEB-06       5772                                                                                                                                                          
Patel                     06-APR-06       5719                                                                                                                                                          
Rajs                      17-OCT-03       6621                                                                                                                                                          
Davies                    29-JAN-05       6151                                                                                                                                                          
Matos                     15-MAR-06       5741                                                                                                                                                          
Vargas                    09-JUL-06       5625                                                                                                                                                          
Russell                   01-OCT-04       6271                                                                                                                                                          
Partners                  05-JAN-05       6175                                                                                                                                                          
Errazuriz                 10-MAR-05       6111                                                                                                                                                          
Cambrault                 15-OCT-07       5162                                                                                                                                                          
Zlotkey                   29-JAN-08       5056                                                                                                                                                          
Tucker                    30-JAN-05       6150                                                                                                                                                          
Bernstein                 24-MAR-05       6097                                                                                                                                                          
Hall                      20-AUG-05       5948                                                                                                                                                          
Olsen                     30-MAR-06       5726                                                                                                                                                          
Cambrault                 09-DEC-06       5472                                                                                                                                                          
Tuvault                   23-NOV-07       5123                                                                                                                                                          
King                      30-JAN-04       6516                                                                                                                                                          
Sully                     04-MAR-04       6482                                                                                                                                                          
McEwen                    01-AUG-04       6332                                                                                                                                                          
Smith                     10-MAR-05       6111                                                                                                                                                          
Doran                     15-DEC-05       5831                                                                                                                                                          
Sewall                    03-NOV-06       5508                                                                                                                                                          
Vishney                   11-NOV-05       5865                                                                                                                                                          
Greene                    19-MAR-07       5372                                                                                                                                                          
Marvins                   24-JAN-08       5061                                                                                                                                                          
Lee                       23-FEB-08       5031                                                                                                                                                          
Ande                      24-MAR-08       5001                                                                                                                                                          
Banda                     21-APR-08       4973                                                                                                                                                          
Ozer                      11-MAR-05       6110                                                                                                                                                          
Bloom                     23-MAR-06       5733                                                                                                                                                          
Fox                       24-JAN-06       5791                                                                                                                                                          
Smith                     23-FEB-07       5396                                                                                                                                                          
Bates                     24-MAR-07       5367                                                                                                                                                          
Kumar                     21-APR-08       4973                                                                                                                                                          
Abel                      11-MAY-04       6414                                                                                                                                                          
Hutton                    19-MAR-05       6102                                                                                                                                                          
Taylor                    24-MAR-06       5732                                                                                                                                                          
Livingston                23-APR-06       5702                                                                                                                                                          
Grant                     24-MAY-07       5306                                                                                                                                                          
Johnson                   04-JAN-08       5081                                                                                                                                                          
Taylor                    24-JAN-06       5791                                                                                                                                                          
Fleaur                    23-FEB-06       5761                                                                                                                                                          
Sullivan                  21-JUN-07       5278                                                                                                                                                          
Geoni                     03-FEB-08       5051                                                                                                                                                          
Sarchand                  27-JAN-04       6519                                                                                                                                                          
Bull                      20-FEB-05       6129                                                                                                                                                          
Dellinger                 24-JUN-06       5640                                                                                                                                                          
Cabrio                    07-FEB-07       5412                                                                                                                                                          
Chung                     14-JUN-05       6015                                                                                                                                                          
Dilly                     13-AUG-05       5955                                                                                                                                                          
Gates                     11-JUL-06       5623                                                                                                                                                          
Perkins                   19-DEC-07       5097                                                                                                                                                          
Bell                      04-FEB-04       6511                                                                                                                                                          
Everett                   03-MAR-05       6118                                                                                                                                                          
McCain                    01-JUL-06       5633                                                                                                                                                          
Jones                     17-MAR-07       5374                                                                                                                                                          
Walsh                     24-APR-06       5701                                                                                                                                                          
Feeney                    23-MAY-06       5672                                                                                                                                                          
OConnell                  21-JUN-07       5278                                                                                                                                                          
Grant                     13-JAN-08       5072                                                                                                                                                          
Whalen                    17-SEP-03       6651                                                                                                                                                          
Hartstein                 17-FEB-04       6498                                                                                                                                                          
Fay                       17-AUG-05       5951                                                                                                                                                          
Mavris                    07-JUN-02       7118                                                                                                                                                          
Baer                      07-JUN-02       7118                                                                                                                                                          
Higgins                   07-JUN-02       7118                                                                                                                                                          
Gietz                     07-JUN-02       7118                                                                                                                                                          

107 rows selected.

SQL> select last_name, hire_date, round(sysdate-hire_date/365) no_of_days from employees;
select last_name, hire_date, round(sysdate-hire_date/365) no_of_days from employees
                                           *
ERROR at line 1:
ORA-00932: inconsistent datatypes: expected NUMBER got DATE 


SQL> select last_name, hire_date, round(round(sysdate-hire_date)/365) no_of_days from employees;

LAST_NAME                 HIRE_DATE NO_OF_DAYS                                                                                                                                                          
------------------------- --------- ----------                                                                                                                                                          
King                      17-JUN-03         18                                                                                                                                                          
Kochhar                   21-SEP-05         16                                                                                                                                                          
De Haan                   13-JAN-01         21                                                                                                                                                          
Hunold                    03-JAN-06         16                                                                                                                                                          
Ernst                     21-MAY-07         15                                                                                                                                                          
Austin                    25-JUN-05         16                                                                                                                                                          
Pataballa                 05-FEB-06         16                                                                                                                                                          
Lorentz                   07-FEB-07         15                                                                                                                                                          
Greenberg                 17-AUG-02         19                                                                                                                                                          
Faviet                    16-AUG-02         19                                                                                                                                                          
Chen                      28-SEP-05         16                                                                                                                                                          
Sciarra                   30-SEP-05         16                                                                                                                                                          
Urman                     07-MAR-06         16                                                                                                                                                          
Popp                      07-DEC-07         14                                                                                                                                                          
Raphaely                  07-DEC-02         19                                                                                                                                                          
Khoo                      18-MAY-03         19                                                                                                                                                          
Baida                     24-DEC-05         16                                                                                                                                                          
Tobias                    24-JUL-05         16                                                                                                                                                          
Himuro                    15-NOV-06         15                                                                                                                                                          
Colmenares                10-AUG-07         14                                                                                                                                                          
Weiss                     18-JUL-04         17                                                                                                                                                          
Fripp                     10-APR-05         17                                                                                                                                                          
Kaufling                  01-MAY-03         19                                                                                                                                                          
Vollman                   10-OCT-05         16                                                                                                                                                          
Mourgos                   16-NOV-07         14                                                                                                                                                          
Nayer                     16-JUL-05         16                                                                                                                                                          
Mikkilineni               28-SEP-06         15                                                                                                                                                          
Landry                    14-JAN-07         15                                                                                                                                                          
Markle                    08-MAR-08         14                                                                                                                                                          
Bissot                    20-AUG-05         16                                                                                                                                                          
Atkinson                  30-OCT-05         16                                                                                                                                                          
Marlow                    16-FEB-05         17                                                                                                                                                          
Olson                     10-APR-07         15                                                                                                                                                          
Mallin                    14-JUN-04         17                                                                                                                                                          
Rogers                    26-AUG-06         15                                                                                                                                                          
Gee                       12-DEC-07         14                                                                                                                                                          
Philtanker                06-FEB-08         14                                                                                                                                                          
Ladwig                    14-JUL-03         18                                                                                                                                                          
Stiles                    26-OCT-05         16                                                                                                                                                          
Seo                       12-FEB-06         16                                                                                                                                                          
Patel                     06-APR-06         16                                                                                                                                                          
Rajs                      17-OCT-03         18                                                                                                                                                          
Davies                    29-JAN-05         17                                                                                                                                                          
Matos                     15-MAR-06         16                                                                                                                                                          
Vargas                    09-JUL-06         15                                                                                                                                                          
Russell                   01-OCT-04         17                                                                                                                                                          
Partners                  05-JAN-05         17                                                                                                                                                          
Errazuriz                 10-MAR-05         17                                                                                                                                                          
Cambrault                 15-OCT-07         14                                                                                                                                                          
Zlotkey                   29-JAN-08         14                                                                                                                                                          
Tucker                    30-JAN-05         17                                                                                                                                                          
Bernstein                 24-MAR-05         17                                                                                                                                                          
Hall                      20-AUG-05         16                                                                                                                                                          
Olsen                     30-MAR-06         16                                                                                                                                                          
Cambrault                 09-DEC-06         15                                                                                                                                                          
Tuvault                   23-NOV-07         14                                                                                                                                                          
King                      30-JAN-04         18                                                                                                                                                          
Sully                     04-MAR-04         18                                                                                                                                                          
McEwen                    01-AUG-04         17                                                                                                                                                          
Smith                     10-MAR-05         17                                                                                                                                                          
Doran                     15-DEC-05         16                                                                                                                                                          
Sewall                    03-NOV-06         15                                                                                                                                                          
Vishney                   11-NOV-05         16                                                                                                                                                          
Greene                    19-MAR-07         15                                                                                                                                                          
Marvins                   24-JAN-08         14                                                                                                                                                          
Lee                       23-FEB-08         14                                                                                                                                                          
Ande                      24-MAR-08         14                                                                                                                                                          
Banda                     21-APR-08         14                                                                                                                                                          
Ozer                      11-MAR-05         17                                                                                                                                                          
Bloom                     23-MAR-06         16                                                                                                                                                          
Fox                       24-JAN-06         16                                                                                                                                                          
Smith                     23-FEB-07         15                                                                                                                                                          
Bates                     24-MAR-07         15                                                                                                                                                          
Kumar                     21-APR-08         14                                                                                                                                                          
Abel                      11-MAY-04         18                                                                                                                                                          
Hutton                    19-MAR-05         17                                                                                                                                                          
Taylor                    24-MAR-06         16                                                                                                                                                          
Livingston                23-APR-06         16                                                                                                                                                          
Grant                     24-MAY-07         15                                                                                                                                                          
Johnson                   04-JAN-08         14                                                                                                                                                          
Taylor                    24-JAN-06         16                                                                                                                                                          
Fleaur                    23-FEB-06         16                                                                                                                                                          
Sullivan                  21-JUN-07         14                                                                                                                                                          
Geoni                     03-FEB-08         14                                                                                                                                                          
Sarchand                  27-JAN-04         18                                                                                                                                                          
Bull                      20-FEB-05         17                                                                                                                                                          
Dellinger                 24-JUN-06         15                                                                                                                                                          
Cabrio                    07-FEB-07         15                                                                                                                                                          
Chung                     14-JUN-05         16                                                                                                                                                          
Dilly                     13-AUG-05         16                                                                                                                                                          
Gates                     11-JUL-06         15                                                                                                                                                          
Perkins                   19-DEC-07         14                                                                                                                                                          
Bell                      04-FEB-04         18                                                                                                                                                          
Everett                   03-MAR-05         17                                                                                                                                                          
McCain                    01-JUL-06         15                                                                                                                                                          
Jones                     17-MAR-07         15                                                                                                                                                          
Walsh                     24-APR-06         16                                                                                                                                                          
Feeney                    23-MAY-06         16                                                                                                                                                          
OConnell                  21-JUN-07         14                                                                                                                                                          
Grant                     13-JAN-08         14                                                                                                                                                          
Whalen                    17-SEP-03         18                                                                                                                                                          
Hartstein                 17-FEB-04         18                                                                                                                                                          
Fay                       17-AUG-05         16                                                                                                                                                          
Mavris                    07-JUN-02         20                                                                                                                                                          
Baer                      07-JUN-02         20                                                                                                                                                          
Higgins                   07-JUN-02         20                                                                                                                                                          
Gietz                     07-JUN-02         20                                                                                                                                                          

107 rows selected.

SQL> select last_name, hire_date, trunc(round(sysdate-hire_date)/365) no_of_days from employees;

LAST_NAME                 HIRE_DATE NO_OF_DAYS                                                                                                                                                          
------------------------- --------- ----------                                                                                                                                                          
King                      17-JUN-03         18                                                                                                                                                          
Kochhar                   21-SEP-05         16                                                                                                                                                          
De Haan                   13-JAN-01         20                                                                                                                                                          
Hunold                    03-JAN-06         15                                                                                                                                                          
Ernst                     21-MAY-07         14                                                                                                                                                          
Austin                    25-JUN-05         16                                                                                                                                                          
Pataballa                 05-FEB-06         15                                                                                                                                                          
Lorentz                   07-FEB-07         14                                                                                                                                                          
Greenberg                 17-AUG-02         19                                                                                                                                                          
Faviet                    16-AUG-02         19                                                                                                                                                          
Chen                      28-SEP-05         16                                                                                                                                                          
Sciarra                   30-SEP-05         16                                                                                                                                                          
Urman                     07-MAR-06         15                                                                                                                                                          
Popp                      07-DEC-07         13                                                                                                                                                          
Raphaely                  07-DEC-02         19                                                                                                                                                          
Khoo                      18-MAY-03         18                                                                                                                                                          
Baida                     24-DEC-05         15                                                                                                                                                          
Tobias                    24-JUL-05         16                                                                                                                                                          
Himuro                    15-NOV-06         15                                                                                                                                                          
Colmenares                10-AUG-07         14                                                                                                                                                          
Weiss                     18-JUL-04         17                                                                                                                                                          
Fripp                     10-APR-05         16                                                                                                                                                          
Kaufling                  01-MAY-03         18                                                                                                                                                          
Vollman                   10-OCT-05         16                                                                                                                                                          
Mourgos                   16-NOV-07         14                                                                                                                                                          
Nayer                     16-JUL-05         16                                                                                                                                                          
Mikkilineni               28-SEP-06         15                                                                                                                                                          
Landry                    14-JAN-07         14                                                                                                                                                          
Markle                    08-MAR-08         13                                                                                                                                                          
Bissot                    20-AUG-05         16                                                                                                                                                          
Atkinson                  30-OCT-05         16                                                                                                                                                          
Marlow                    16-FEB-05         16                                                                                                                                                          
Olson                     10-APR-07         14                                                                                                                                                          
Mallin                    14-JUN-04         17                                                                                                                                                          
Rogers                    26-AUG-06         15                                                                                                                                                          
Gee                       12-DEC-07         13                                                                                                                                                          
Philtanker                06-FEB-08         13                                                                                                                                                          
Ladwig                    14-JUL-03         18                                                                                                                                                          
Stiles                    26-OCT-05         16                                                                                                                                                          
Seo                       12-FEB-06         15                                                                                                                                                          
Patel                     06-APR-06         15                                                                                                                                                          
Rajs                      17-OCT-03         18                                                                                                                                                          
Davies                    29-JAN-05         16                                                                                                                                                          
Matos                     15-MAR-06         15                                                                                                                                                          
Vargas                    09-JUL-06         15                                                                                                                                                          
Russell                   01-OCT-04         17                                                                                                                                                          
Partners                  05-JAN-05         16                                                                                                                                                          
Errazuriz                 10-MAR-05         16                                                                                                                                                          
Cambrault                 15-OCT-07         14                                                                                                                                                          
Zlotkey                   29-JAN-08         13                                                                                                                                                          
Tucker                    30-JAN-05         16                                                                                                                                                          
Bernstein                 24-MAR-05         16                                                                                                                                                          
Hall                      20-AUG-05         16                                                                                                                                                          
Olsen                     30-MAR-06         15                                                                                                                                                          
Cambrault                 09-DEC-06         14                                                                                                                                                          
Tuvault                   23-NOV-07         14                                                                                                                                                          
King                      30-JAN-04         17                                                                                                                                                          
Sully                     04-MAR-04         17                                                                                                                                                          
McEwen                    01-AUG-04         17                                                                                                                                                          
Smith                     10-MAR-05         16                                                                                                                                                          
Doran                     15-DEC-05         15                                                                                                                                                          
Sewall                    03-NOV-06         15                                                                                                                                                          
Vishney                   11-NOV-05         16                                                                                                                                                          
Greene                    19-MAR-07         14                                                                                                                                                          
Marvins                   24-JAN-08         13                                                                                                                                                          
Lee                       23-FEB-08         13                                                                                                                                                          
Ande                      24-MAR-08         13                                                                                                                                                          
Banda                     21-APR-08         13                                                                                                                                                          
Ozer                      11-MAR-05         16                                                                                                                                                          
Bloom                     23-MAR-06         15                                                                                                                                                          
Fox                       24-JAN-06         15                                                                                                                                                          
Smith                     23-FEB-07         14                                                                                                                                                          
Bates                     24-MAR-07         14                                                                                                                                                          
Kumar                     21-APR-08         13                                                                                                                                                          
Abel                      11-MAY-04         17                                                                                                                                                          
Hutton                    19-MAR-05         16                                                                                                                                                          
Taylor                    24-MAR-06         15                                                                                                                                                          
Livingston                23-APR-06         15                                                                                                                                                          
Grant                     24-MAY-07         14                                                                                                                                                          
Johnson                   04-JAN-08         13                                                                                                                                                          
Taylor                    24-JAN-06         15                                                                                                                                                          
Fleaur                    23-FEB-06         15                                                                                                                                                          
Sullivan                  21-JUN-07         14                                                                                                                                                          
Geoni                     03-FEB-08         13                                                                                                                                                          
Sarchand                  27-JAN-04         17                                                                                                                                                          
Bull                      20-FEB-05         16                                                                                                                                                          
Dellinger                 24-JUN-06         15                                                                                                                                                          
Cabrio                    07-FEB-07         14                                                                                                                                                          
Chung                     14-JUN-05         16                                                                                                                                                          
Dilly                     13-AUG-05         16                                                                                                                                                          
Gates                     11-JUL-06         15                                                                                                                                                          
Perkins                   19-DEC-07         13                                                                                                                                                          
Bell                      04-FEB-04         17                                                                                                                                                          
Everett                   03-MAR-05         16                                                                                                                                                          
McCain                    01-JUL-06         15                                                                                                                                                          
Jones                     17-MAR-07         14                                                                                                                                                          
Walsh                     24-APR-06         15                                                                                                                                                          
Feeney                    23-MAY-06         15                                                                                                                                                          
OConnell                  21-JUN-07         14                                                                                                                                                          
Grant                     13-JAN-08         13                                                                                                                                                          
Whalen                    17-SEP-03         18                                                                                                                                                          
Hartstein                 17-FEB-04         17                                                                                                                                                          
Fay                       17-AUG-05         16                                                                                                                                                          
Mavris                    07-JUN-02         19                                                                                                                                                          
Baer                      07-JUN-02         19                                                                                                                                                          
Higgins                   07-JUN-02         19                                                                                                                                                          
Gietz                     07-JUN-02         19                                                                                                                                                          

107 rows selected.

SQL> select months_between(sysdate, hire_date) from employees;

MONTHS_BETWEEN(SYSDATE,HIRE_DATE)                                                                                                                                                                       
---------------------------------                                                                                                                                                                       
                       221.530869                                                                                                                                                                       
                       194.401837                                                                                                                                                                       
                       250.659901                                                                                                                                                                       
                       190.982482                                                                                                                                                                       
                       174.401837                                                                                                                                                                       
                       197.272804                                                                                                                                                                       
                       189.917966                                                                                                                                                                       
                       177.853449                                                                                                                                                                       
                       231.530869                                                                                                                                                                       
                       231.563127                                                                                                                                                                       
                        194.17603                                                                                                                                                                       
                       194.111514                                                                                                                                                                       
                       188.853449                                                                                                                                                                       
                       167.853449                                                                                                                                                                       
                       227.853449                                                                                                                                                                       
                       222.498611                                                                                                                                                                       
                       191.305062                                                                                                                                                                       
                       196.305062                                                                                                                                                                       
                       180.595385                                                                                                                                                                       
                       171.756675                                                                                                                                                                       
                       208.498611                                                                                                                                                                       
                       199.756675                                                                                                                                                                       
                       223.046998                                                                                                                                                                       
                       193.756675                                                                                                                                                                       
                       168.563127                                                                                                                                                                       
                       196.563127                                                                                                                                                                       
                        182.17603                                                                                                                                                                       
                       178.627643                                                                                                                                                                       
                       164.821191                                                                                                                                                                       
                       195.434095                                                                                                                                                                       
                       193.111514                                                                                                                                                                       
                       201.563127                                                                                                                                                                       
                       175.756675                                                                                                                                                                       
                       209.627643                                                                                                                                                                       
                       183.240546                                                                                                                                                                       
                       167.692159                                                                                                                                                                       
                       165.885708                                                                                                                                                                       
                       220.627643                                                                                                                                                                       
                       193.240546                                                                                                                                                                       
                       189.692159                                                                                                                                                                       
                       187.885708                                                                                                                                                                       
                       217.530869                                                                                                                                                                       
                       202.143772                                                                                                                                                                       
                       188.595385                                                                                                                                                                       
                       184.788933                                                                                                                                                                       
                       206.046998                                                                                                                                                                       
                       202.917966                                                                                                                                                                       
                       200.756675                                                                                                                                                                       
                       169.595385                                                                                                                                                                       
                       166.143772                                                                                                                                                                       
                       202.111514                                                                                                                                                                       
                       200.305062                                                                                                                                                                       
                       195.434095                                                                                                                                                                       
                       188.111514                                                                                                                                                                       
                       179.788933                                                                                                                                                                       
                        168.33732                                                                                                                                                                       
                       214.111514                                                                                                                                                                       
                       212.950224                                                                                                                                                                       
                       208.046998                                                                                                                                                                       
                       200.756675                                                                                                                                                                       
                       191.595385                                                                                                                                                                       
                       180.982482                                                                                                                                                                       
                       192.724417                                                                                                                                                                       
                       176.466353                                                                                                                                                                       
                       166.305062                                                                                                                                                                       
                        165.33732                                                                                                                                                                       
                       164.305062                                                                                                                                                                       
                       163.401837                                                                                                                                                                       
                       200.724417                                                                                                                                                                       
                        188.33732                                                                                                                                                                       
                       190.305062                                                                                                                                                                       
                        177.33732                                                                                                                                                                       
                       176.305062                                                                                                                                                                       
                       163.401837                                                                                                                                                                       
                       210.724417                                                                                                                                                                       
                       200.466353                                                                                                                                                                       
                       188.305062                                                                                                                                                                       
                        187.33732                                                                                                                                                                       
                       174.305062                                                                                                                                                                       
                       166.950224                                                                                                                                                                       
                       190.305062                                                                                                                                                                       
                        189.33732                                                                                                                                                                       
                       173.401837                                                                                                                                                                       
                       165.982482                                                                                                                                                                       
                       214.208288                                                                                                                                                                       
                       201.434095                                                                                                                                                                       
                       185.305062                                                                                                                                                                       
                       177.853449                                                                                                                                                                       
                       197.627643                                                                                                                                                                       
                       195.659901                                                                                                                                                                       
                       184.724417                                                                                                                                                                       
                       167.466353                                                                                                                                                                       
                       213.950224                                                                                                                                                                       
                       200.982482                                                                                                                                                                       
                       185.046998                                                                                                                                                                       
                       176.530869                                                                                                                                                                       
                       187.305062                                                                                                                                                                       
                        186.33732                                                                                                                                                                       
                       173.401837                                                                                                                                                                       
                       166.659901                                                                                                                                                                       
                       218.530869                                                                                                                                                                       
                       213.530869                                                                                                                                                                       
                       195.530869                                                                                                                                                                       
                       233.853449                                                                                                                                                                       
                       233.853449                                                                                                                                                                       
                       233.853449                                                                                                                                                                       
                       233.853449                                                                                                                                                                       

107 rows selected.

SQL> select years_between(sysdate, hire_date) from employees;
select years_between(sysdate, hire_date) from employees
       *
ERROR at line 1:
ORA-00904: "YEARS_BETWEEN": invalid identifier 


SQL> select first_name, hire_date, trunc(months_between(sysdate, hire_date)) from employees;

FIRST_NAME           HIRE_DATE TRUNC(MONTHS_BETWEEN(SYSDATE,HIRE_DATE))                                                                                                                                 
-------------------- --------- ----------------------------------------                                                                                                                                 
Steven               17-JUN-03                                      221                                                                                                                                 
Neena                21-SEP-05                                      194                                                                                                                                 
Lex                  13-JAN-01                                      250                                                                                                                                 
Alexander            03-JAN-06                                      190                                                                                                                                 
Bruce                21-MAY-07                                      174                                                                                                                                 
David                25-JUN-05                                      197                                                                                                                                 
Valli                05-FEB-06                                      189                                                                                                                                 
Diana                07-FEB-07                                      177                                                                                                                                 
Nancy                17-AUG-02                                      231                                                                                                                                 
Daniel               16-AUG-02                                      231                                                                                                                                 
John                 28-SEP-05                                      194                                                                                                                                 
Ismael               30-SEP-05                                      194                                                                                                                                 
Jose Manuel          07-MAR-06                                      188                                                                                                                                 
Luis                 07-DEC-07                                      167                                                                                                                                 
Den                  07-DEC-02                                      227                                                                                                                                 
Alexander            18-MAY-03                                      222                                                                                                                                 
Shelli               24-DEC-05                                      191                                                                                                                                 
Sigal                24-JUL-05                                      196                                                                                                                                 
Guy                  15-NOV-06                                      180                                                                                                                                 
Karen                10-AUG-07                                      171                                                                                                                                 
Matthew              18-JUL-04                                      208                                                                                                                                 
Adam                 10-APR-05                                      199                                                                                                                                 
Payam                01-MAY-03                                      223                                                                                                                                 
Shanta               10-OCT-05                                      193                                                                                                                                 
Kevin                16-NOV-07                                      168                                                                                                                                 
Julia                16-JUL-05                                      196                                                                                                                                 
Irene                28-SEP-06                                      182                                                                                                                                 
James                14-JAN-07                                      178                                                                                                                                 
Steven               08-MAR-08                                      164                                                                                                                                 
Laura                20-AUG-05                                      195                                                                                                                                 
Mozhe                30-OCT-05                                      193                                                                                                                                 
James                16-FEB-05                                      201                                                                                                                                 
TJ                   10-APR-07                                      175                                                                                                                                 
Jason                14-JUN-04                                      209                                                                                                                                 
Michael              26-AUG-06                                      183                                                                                                                                 
Ki                   12-DEC-07                                      167                                                                                                                                 
Hazel                06-FEB-08                                      165                                                                                                                                 
Renske               14-JUL-03                                      220                                                                                                                                 
Stephen              26-OCT-05                                      193                                                                                                                                 
John                 12-FEB-06                                      189                                                                                                                                 
Joshua               06-APR-06                                      187                                                                                                                                 
Trenna               17-OCT-03                                      217                                                                                                                                 
Curtis               29-JAN-05                                      202                                                                                                                                 
Randall              15-MAR-06                                      188                                                                                                                                 
Peter                09-JUL-06                                      184                                                                                                                                 
John                 01-OCT-04                                      206                                                                                                                                 
Karen                05-JAN-05                                      202                                                                                                                                 
Alberto              10-MAR-05                                      200                                                                                                                                 
Gerald               15-OCT-07                                      169                                                                                                                                 
Eleni                29-JAN-08                                      166                                                                                                                                 
Peter                30-JAN-05                                      202                                                                                                                                 
David                24-MAR-05                                      200                                                                                                                                 
Peter                20-AUG-05                                      195                                                                                                                                 
Christopher          30-MAR-06                                      188                                                                                                                                 
Nanette              09-DEC-06                                      179                                                                                                                                 
Oliver               23-NOV-07                                      168                                                                                                                                 
Janette              30-JAN-04                                      214                                                                                                                                 
Patrick              04-MAR-04                                      212                                                                                                                                 
Allan                01-AUG-04                                      208                                                                                                                                 
Lindsey              10-MAR-05                                      200                                                                                                                                 
Louise               15-DEC-05                                      191                                                                                                                                 
Sarath               03-NOV-06                                      180                                                                                                                                 
Clara                11-NOV-05                                      192                                                                                                                                 
Danielle             19-MAR-07                                      176                                                                                                                                 
Mattea               24-JAN-08                                      166                                                                                                                                 
David                23-FEB-08                                      165                                                                                                                                 
Sundar               24-MAR-08                                      164                                                                                                                                 
Amit                 21-APR-08                                      163                                                                                                                                 
Lisa                 11-MAR-05                                      200                                                                                                                                 
Harrison             23-MAR-06                                      188                                                                                                                                 
Tayler               24-JAN-06                                      190                                                                                                                                 
William              23-FEB-07                                      177                                                                                                                                 
Elizabeth            24-MAR-07                                      176                                                                                                                                 
Sundita              21-APR-08                                      163                                                                                                                                 
Ellen                11-MAY-04                                      210                                                                                                                                 
Alyssa               19-MAR-05                                      200                                                                                                                                 
Jonathon             24-MAR-06                                      188                                                                                                                                 
Jack                 23-APR-06                                      187                                                                                                                                 
Kimberely            24-MAY-07                                      174                                                                                                                                 
Charles              04-JAN-08                                      166                                                                                                                                 
Winston              24-JAN-06                                      190                                                                                                                                 
Jean                 23-FEB-06                                      189                                                                                                                                 
Martha               21-JUN-07                                      173                                                                                                                                 
Girard               03-FEB-08                                      165                                                                                                                                 
Nandita              27-JAN-04                                      214                                                                                                                                 
Alexis               20-FEB-05                                      201                                                                                                                                 
Julia                24-JUN-06                                      185                                                                                                                                 
Anthony              07-FEB-07                                      177                                                                                                                                 
Kelly                14-JUN-05                                      197                                                                                                                                 
Jennifer             13-AUG-05                                      195                                                                                                                                 
Timothy              11-JUL-06                                      184                                                                                                                                 
Randall              19-DEC-07                                      167                                                                                                                                 
Sarah                04-FEB-04                                      213                                                                                                                                 
Britney              03-MAR-05                                      200                                                                                                                                 
Samuel               01-JUL-06                                      185                                                                                                                                 
Vance                17-MAR-07                                      176                                                                                                                                 
Alana                24-APR-06                                      187                                                                                                                                 
Kevin                23-MAY-06                                      186                                                                                                                                 
Donald               21-JUN-07                                      173                                                                                                                                 
Douglas              13-JAN-08                                      166                                                                                                                                 
Jennifer             17-SEP-03                                      218                                                                                                                                 
Michael              17-FEB-04                                      213                                                                                                                                 
Pat                  17-AUG-05                                      195                                                                                                                                 
Susan                07-JUN-02                                      233                                                                                                                                 
Hermann              07-JUN-02                                      233                                                                                                                                 
Shelley              07-JUN-02                                      233                                                                                                                                 
William              07-JUN-02                                      233                                                                                                                                 

107 rows selected.

SQL> select add_months(sysdate, 1) from dual;

ADD_MONTH                                                                                                                                                                                               
---------                                                                                                                                                                                               
02-JAN-22                                                                                                                                                                                               

SQL> select add_months(sysdate, 12) from dual;

ADD_MONTH                                                                                                                                                                                               
---------                                                                                                                                                                                               
02-DEC-22                                                                                                                                                                                               

SQL> select next_date(sysdate, 'monday') from dual;
select next_date(sysdate, 'monday') from dual
       *
ERROR at line 1:
ORA-00904: "NEXT_DATE": invalid identifier 


SQL> select next_day(sysdate, 'monday') from dual;

NEXT_DAY(                                                                                                                                                                                               
---------                                                                                                                                                                                               
06-DEC-21                                                                                                                                                                                               

SQL> select next_day(sysdate, 'saturday') from dual;

NEXT_DAY(                                                                                                                                                                                               
---------                                                                                                                                                                                               
04-DEC-21                                                                                                                                                                                               

SQL> select last_day(sysdate, 'saturday') from dual;
select last_day(sysdate, 'saturday') from dual
       *
ERROR at line 1:
ORA-00909: invalid number of arguments 


SQL> select last_day(sysdate) from dual;

LAST_DAY(                                                                                                                                                                                               
---------                                                                                                                                                                                               
31-DEC-21                                                                                                                                                                                               

SQL> select last_day(add_months(sysdate,2)) from dual;

LAST_DAY(                                                                                                                                                                                               
---------                                                                                                                                                                                               
28-FEB-22                                                                                                                                                                                               

SQL> select to_char(last_day(add_months(sysdate,2)),'day') from dual;

TO_CHAR(LAST_DAY(ADD_MONTHS(SYSDATE,                                                                                                                                                                    
------------------------------------                                                                                                                                                                    
monday                                                                                                                                                                                                  

SQL> spool off;
SQL> select last_name, department_id, commisssion_pct from employees;
select last_name, department_id, commisssion_pct from employees
                                 *
ERROR at line 1:
ORA-00904: "COMMISSSION_PCT": invalid identifier 


SQL> select last_name, department_id, commission_pct from employees;

LAST_NAME                 DEPARTMENT_ID COMMISSION_PCT                                                                                                                                                  
------------------------- ------------- --------------                                                                                                                                                  
King                                 90                                                                                                                                                                 
Kochhar                              90                                                                                                                                                                 
De Haan                              90                                                                                                                                                                 
Hunold                               60                                                                                                                                                                 
Ernst                                60                                                                                                                                                                 
Austin                               60                                                                                                                                                                 
Pataballa                            60                                                                                                                                                                 
Lorentz                              60                                                                                                                                                                 
Greenberg                           100                                                                                                                                                                 
Faviet                              100                                                                                                                                                                 
Chen                                100                                                                                                                                                                 
Sciarra                             100                                                                                                                                                                 
Urman                               100                                                                                                                                                                 
Popp                                100                                                                                                                                                                 
Raphaely                             30                                                                                                                                                                 
Khoo                                 30                                                                                                                                                                 
Baida                                30                                                                                                                                                                 
Tobias                               30                                                                                                                                                                 
Himuro                               30                                                                                                                                                                 
Colmenares                           30                                                                                                                                                                 
Weiss                                50                                                                                                                                                                 
Fripp                                50                                                                                                                                                                 
Kaufling                             50                                                                                                                                                                 
Vollman                              50                                                                                                                                                                 
Mourgos                              50                                                                                                                                                                 
Nayer                                50                                                                                                                                                                 
Mikkilineni                          50                                                                                                                                                                 
Landry                               50                                                                                                                                                                 
Markle                               50                                                                                                                                                                 
Bissot                               50                                                                                                                                                                 
Atkinson                             50                                                                                                                                                                 
Marlow                               50                                                                                                                                                                 
Olson                                50                                                                                                                                                                 
Mallin                               50                                                                                                                                                                 
Rogers                               50                                                                                                                                                                 
Gee                                  50                                                                                                                                                                 
Philtanker                           50                                                                                                                                                                 
Ladwig                               50                                                                                                                                                                 
Stiles                               50                                                                                                                                                                 
Seo                                  50                                                                                                                                                                 
Patel                                50                                                                                                                                                                 
Rajs                                 50                                                                                                                                                                 
Davies                               50                                                                                                                                                                 
Matos                                50                                                                                                                                                                 
Vargas                               50                                                                                                                                                                 
Russell                              80             .4                                                                                                                                                  
Partners                             80             .3                                                                                                                                                  
Errazuriz                            80             .3                                                                                                                                                  
Cambrault                            80             .3                                                                                                                                                  
Zlotkey                              80             .2                                                                                                                                                  
Tucker                               80             .3                                                                                                                                                  
Bernstein                            80            .25                                                                                                                                                  
Hall                                 80            .25                                                                                                                                                  
Olsen                                80             .2                                                                                                                                                  
Cambrault                            80             .2                                                                                                                                                  
Tuvault                              80            .15                                                                                                                                                  
King                                 80            .35                                                                                                                                                  
Sully                                80            .35                                                                                                                                                  
McEwen                               80            .35                                                                                                                                                  
Smith                                80             .3                                                                                                                                                  
Doran                                80             .3                                                                                                                                                  
Sewall                               80            .25                                                                                                                                                  
Vishney                              80            .25                                                                                                                                                  
Greene                               80            .15                                                                                                                                                  
Marvins                              80             .1                                                                                                                                                  
Lee                                  80             .1                                                                                                                                                  
Ande                                 80             .1                                                                                                                                                  
Banda                                80             .1                                                                                                                                                  
Ozer                                 80            .25                                                                                                                                                  
Bloom                                80             .2                                                                                                                                                  
Fox                                  80             .2                                                                                                                                                  
Smith                                80            .15                                                                                                                                                  
Bates                                80            .15                                                                                                                                                  
Kumar                                80             .1                                                                                                                                                  
Abel                                 80             .3                                                                                                                                                  
Hutton                               80            .25                                                                                                                                                  
Taylor                               80             .2                                                                                                                                                  
Livingston                           80             .2                                                                                                                                                  
Grant                                              .15                                                                                                                                                  
Johnson                              80             .1                                                                                                                                                  
Taylor                               50                                                                                                                                                                 
Fleaur                               50                                                                                                                                                                 
Sullivan                             50                                                                                                                                                                 
Geoni                                50                                                                                                                                                                 
Sarchand                             50                                                                                                                                                                 
Bull                                 50                                                                                                                                                                 
Dellinger                            50                                                                                                                                                                 
Cabrio                               50                                                                                                                                                                 
Chung                                50                                                                                                                                                                 
Dilly                                50                                                                                                                                                                 
Gates                                50                                                                                                                                                                 
Perkins                              50                                                                                                                                                                 
Bell                                 50                                                                                                                                                                 
Everett                              50                                                                                                                                                                 
McCain                               50                                                                                                                                                                 
Jones                                50                                                                                                                                                                 
Walsh                                50                                                                                                                                                                 
Feeney                               50                                                                                                                                                                 
OConnell                             50                                                                                                                                                                 
Grant                                50                                                                                                                                                                 
Whalen                               10                                                                                                                                                                 
Hartstein                            20                                                                                                                                                                 
Fay                                  20                                                                                                                                                                 
Mavris                               40                                                                                                                                                                 
Baer                                 70                                                                                                                                                                 
Higgins                             110                                                                                                                                                                 
Gietz                               110                                                                                                                                                                 

107 rows selected.

SQL> select last_name, department_id, nvl(commission_pct,0) from employees;

LAST_NAME                 DEPARTMENT_ID NVL(COMMISSION_PCT,0)                                                                                                                                           
------------------------- ------------- ---------------------                                                                                                                                           
King                                 90                     0                                                                                                                                           
Kochhar                              90                     0                                                                                                                                           
De Haan                              90                     0                                                                                                                                           
Hunold                               60                     0                                                                                                                                           
Ernst                                60                     0                                                                                                                                           
Austin                               60                     0                                                                                                                                           
Pataballa                            60                     0                                                                                                                                           
Lorentz                              60                     0                                                                                                                                           
Greenberg                           100                     0                                                                                                                                           
Faviet                              100                     0                                                                                                                                           
Chen                                100                     0                                                                                                                                           
Sciarra                             100                     0                                                                                                                                           
Urman                               100                     0                                                                                                                                           
Popp                                100                     0                                                                                                                                           
Raphaely                             30                     0                                                                                                                                           
Khoo                                 30                     0                                                                                                                                           
Baida                                30                     0                                                                                                                                           
Tobias                               30                     0                                                                                                                                           
Himuro                               30                     0                                                                                                                                           
Colmenares                           30                     0                                                                                                                                           
Weiss                                50                     0                                                                                                                                           
Fripp                                50                     0                                                                                                                                           
Kaufling                             50                     0                                                                                                                                           
Vollman                              50                     0                                                                                                                                           
Mourgos                              50                     0                                                                                                                                           
Nayer                                50                     0                                                                                                                                           
Mikkilineni                          50                     0                                                                                                                                           
Landry                               50                     0                                                                                                                                           
Markle                               50                     0                                                                                                                                           
Bissot                               50                     0                                                                                                                                           
Atkinson                             50                     0                                                                                                                                           
Marlow                               50                     0                                                                                                                                           
Olson                                50                     0                                                                                                                                           
Mallin                               50                     0                                                                                                                                           
Rogers                               50                     0                                                                                                                                           
Gee                                  50                     0                                                                                                                                           
Philtanker                           50                     0                                                                                                                                           
Ladwig                               50                     0                                                                                                                                           
Stiles                               50                     0                                                                                                                                           
Seo                                  50                     0                                                                                                                                           
Patel                                50                     0                                                                                                                                           
Rajs                                 50                     0                                                                                                                                           
Davies                               50                     0                                                                                                                                           
Matos                                50                     0                                                                                                                                           
Vargas                               50                     0                                                                                                                                           
Russell                              80                    .4                                                                                                                                           
Partners                             80                    .3                                                                                                                                           
Errazuriz                            80                    .3                                                                                                                                           
Cambrault                            80                    .3                                                                                                                                           
Zlotkey                              80                    .2                                                                                                                                           
Tucker                               80                    .3                                                                                                                                           
Bernstein                            80                   .25                                                                                                                                           
Hall                                 80                   .25                                                                                                                                           
Olsen                                80                    .2                                                                                                                                           
Cambrault                            80                    .2                                                                                                                                           
Tuvault                              80                   .15                                                                                                                                           
King                                 80                   .35                                                                                                                                           
Sully                                80                   .35                                                                                                                                           
McEwen                               80                   .35                                                                                                                                           
Smith                                80                    .3                                                                                                                                           
Doran                                80                    .3                                                                                                                                           
Sewall                               80                   .25                                                                                                                                           
Vishney                              80                   .25                                                                                                                                           
Greene                               80                   .15                                                                                                                                           
Marvins                              80                    .1                                                                                                                                           
Lee                                  80                    .1                                                                                                                                           
Ande                                 80                    .1                                                                                                                                           
Banda                                80                    .1                                                                                                                                           
Ozer                                 80                   .25                                                                                                                                           
Bloom                                80                    .2                                                                                                                                           
Fox                                  80                    .2                                                                                                                                           
Smith                                80                   .15                                                                                                                                           
Bates                                80                   .15                                                                                                                                           
Kumar                                80                    .1                                                                                                                                           
Abel                                 80                    .3                                                                                                                                           
Hutton                               80                   .25                                                                                                                                           
Taylor                               80                    .2                                                                                                                                           
Livingston                           80                    .2                                                                                                                                           
Grant                                                     .15                                                                                                                                           
Johnson                              80                    .1                                                                                                                                           
Taylor                               50                     0                                                                                                                                           
Fleaur                               50                     0                                                                                                                                           
Sullivan                             50                     0                                                                                                                                           
Geoni                                50                     0                                                                                                                                           
Sarchand                             50                     0                                                                                                                                           
Bull                                 50                     0                                                                                                                                           
Dellinger                            50                     0                                                                                                                                           
Cabrio                               50                     0                                                                                                                                           
Chung                                50                     0                                                                                                                                           
Dilly                                50                     0                                                                                                                                           
Gates                                50                     0                                                                                                                                           
Perkins                              50                     0                                                                                                                                           
Bell                                 50                     0                                                                                                                                           
Everett                              50                     0                                                                                                                                           
McCain                               50                     0                                                                                                                                           
Jones                                50                     0                                                                                                                                           
Walsh                                50                     0                                                                                                                                           
Feeney                               50                     0                                                                                                                                           
OConnell                             50                     0                                                                                                                                           
Grant                                50                     0                                                                                                                                           
Whalen                               10                     0                                                                                                                                           
Hartstein                            20                     0                                                                                                                                           
Fay                                  20                     0                                                                                                                                           
Mavris                               40                     0                                                                                                                                           
Baer                                 70                     0                                                                                                                                           
Higgins                             110                     0                                                                                                                                           
Gietz                               110                     0                                                                                                                                           

107 rows selected.

SQL> select * from employees where manager_id is null;

EMPLOYEE_ID FIRST_NAME           LAST_NAME                 EMAIL                     PHONE_NUMBER         HIRE_DATE JOB_ID         SALARY COMMISSION_PCT MANAGER_ID DEPARTMENT_ID                       
----------- -------------------- ------------------------- ------------------------- -------------------- --------- ---------- ---------- -------------- ---------- -------------                       
        100 Steven               King                      SKING                     515.123.4567         17-JUN-03 AD_PRES         24000                                      90                       

SQL> select first_name, nvl(manager_id,0) from employees;

FIRST_NAME           NVL(MANAGER_ID,0)                                                                                                                                                                  
-------------------- -----------------                                                                                                                                                                  
Steven                               0                                                                                                                                                                  
Neena                              100                                                                                                                                                                  
Lex                                100                                                                                                                                                                  
Alexander                          102                                                                                                                                                                  
Bruce                              103                                                                                                                                                                  
David                              103                                                                                                                                                                  
Valli                              103                                                                                                                                                                  
Diana                              103                                                                                                                                                                  
Nancy                              101                                                                                                                                                                  
Daniel                             108                                                                                                                                                                  
John                               108                                                                                                                                                                  
Ismael                             108                                                                                                                                                                  
Jose Manuel                        108                                                                                                                                                                  
Luis                               108                                                                                                                                                                  
Den                                100                                                                                                                                                                  
Alexander                          114                                                                                                                                                                  
Shelli                             114                                                                                                                                                                  
Sigal                              114                                                                                                                                                                  
Guy                                114                                                                                                                                                                  
Karen                              114                                                                                                                                                                  
Matthew                            100                                                                                                                                                                  
Adam                               100                                                                                                                                                                  
Payam                              100                                                                                                                                                                  
Shanta                             100                                                                                                                                                                  
Kevin                              100                                                                                                                                                                  
Julia                              120                                                                                                                                                                  
Irene                              120                                                                                                                                                                  
James                              120                                                                                                                                                                  
Steven                             120                                                                                                                                                                  
Laura                              121                                                                                                                                                                  
Mozhe                              121                                                                                                                                                                  
James                              121                                                                                                                                                                  
TJ                                 121                                                                                                                                                                  
Jason                              122                                                                                                                                                                  
Michael                            122                                                                                                                                                                  
Ki                                 122                                                                                                                                                                  
Hazel                              122                                                                                                                                                                  
Renske                             123                                                                                                                                                                  
Stephen                            123                                                                                                                                                                  
John                               123                                                                                                                                                                  
Joshua                             123                                                                                                                                                                  
Trenna                             124                                                                                                                                                                  
Curtis                             124                                                                                                                                                                  
Randall                            124                                                                                                                                                                  
Peter                              124                                                                                                                                                                  
John                               100                                                                                                                                                                  
Karen                              100                                                                                                                                                                  
Alberto                            100                                                                                                                                                                  
Gerald                             100                                                                                                                                                                  
Eleni                              100                                                                                                                                                                  
Peter                              145                                                                                                                                                                  
David                              145                                                                                                                                                                  
Peter                              145                                                                                                                                                                  
Christopher                        145                                                                                                                                                                  
Nanette                            145                                                                                                                                                                  
Oliver                             145                                                                                                                                                                  
Janette                            146                                                                                                                                                                  
Patrick                            146                                                                                                                                                                  
Allan                              146                                                                                                                                                                  
Lindsey                            146                                                                                                                                                                  
Louise                             146                                                                                                                                                                  
Sarath                             146                                                                                                                                                                  
Clara                              147                                                                                                                                                                  
Danielle                           147                                                                                                                                                                  
Mattea                             147                                                                                                                                                                  
David                              147                                                                                                                                                                  
Sundar                             147                                                                                                                                                                  
Amit                               147                                                                                                                                                                  
Lisa                               148                                                                                                                                                                  
Harrison                           148                                                                                                                                                                  
Tayler                             148                                                                                                                                                                  
William                            148                                                                                                                                                                  
Elizabeth                          148                                                                                                                                                                  
Sundita                            148                                                                                                                                                                  
Ellen                              149                                                                                                                                                                  
Alyssa                             149                                                                                                                                                                  
Jonathon                           149                                                                                                                                                                  
Jack                               149                                                                                                                                                                  
Kimberely                          149                                                                                                                                                                  
Charles                            149                                                                                                                                                                  
Winston                            120                                                                                                                                                                  
Jean                               120                                                                                                                                                                  
Martha                             120                                                                                                                                                                  
Girard                             120                                                                                                                                                                  
Nandita                            121                                                                                                                                                                  
Alexis                             121                                                                                                                                                                  
Julia                              121                                                                                                                                                                  
Anthony                            121                                                                                                                                                                  
Kelly                              122                                                                                                                                                                  
Jennifer                           122                                                                                                                                                                  
Timothy                            122                                                                                                                                                                  
Randall                            122                                                                                                                                                                  
Sarah                              123                                                                                                                                                                  
Britney                            123                                                                                                                                                                  
Samuel                             123                                                                                                                                                                  
Vance                              123                                                                                                                                                                  
Alana                              124                                                                                                                                                                  
Kevin                              124                                                                                                                                                                  
Donald                             124                                                                                                                                                                  
Douglas                            124                                                                                                                                                                  
Jennifer                           101                                                                                                                                                                  
Michael                            100                                                                                                                                                                  
Pat                                201                                                                                                                                                                  
Susan                              101                                                                                                                                                                  
Hermann                            101                                                                                                                                                                  
Shelley                            101                                                                                                                                                                  
William                            205                                                                                                                                                                  

107 rows selected.

SQL> select first_name, nvl2(commission_pct, salary+commission_pc, salary) from employees;
select first_name, nvl2(commission_pct, salary+commission_pc, salary) from employees
                                               *
ERROR at line 1:
ORA-00904: "COMMISSION_PC": invalid identifier 


SQL> select first_name, nvl2(commission_pct, salary+commission_pct, salary) from employees;

FIRST_NAME           NVL2(COMMISSION_PCT,SALARY+COMMISSION_PCT,SALARY)                                                                                                                                  
-------------------- -------------------------------------------------                                                                                                                                  
Steven                                                           24000                                                                                                                                  
Neena                                                            17000                                                                                                                                  
Lex                                                              17000                                                                                                                                  
Alexander                                                         9000                                                                                                                                  
Bruce                                                             6000                                                                                                                                  
David                                                             4800                                                                                                                                  
Valli                                                             4800                                                                                                                                  
Diana                                                             4200                                                                                                                                  
Nancy                                                            12008                                                                                                                                  
Daniel                                                            9000                                                                                                                                  
John                                                              8200                                                                                                                                  
Ismael                                                            7700                                                                                                                                  
Jose Manuel                                                       7800                                                                                                                                  
Luis                                                              6900                                                                                                                                  
Den                                                              11000                                                                                                                                  
Alexander                                                         3100                                                                                                                                  
Shelli                                                            2900                                                                                                                                  
Sigal                                                             2800                                                                                                                                  
Guy                                                               2600                                                                                                                                  
Karen                                                             2500                                                                                                                                  
Matthew                                                           8000                                                                                                                                  
Adam                                                              8200                                                                                                                                  
Payam                                                             7900                                                                                                                                  
Shanta                                                            6500                                                                                                                                  
Kevin                                                             5800                                                                                                                                  
Julia                                                             3200                                                                                                                                  
Irene                                                             2700                                                                                                                                  
James                                                             2400                                                                                                                                  
Steven                                                            2200                                                                                                                                  
Laura                                                             3300                                                                                                                                  
Mozhe                                                             2800                                                                                                                                  
James                                                             2500                                                                                                                                  
TJ                                                                2100                                                                                                                                  
Jason                                                             3300                                                                                                                                  
Michael                                                           2900                                                                                                                                  
Ki                                                                2400                                                                                                                                  
Hazel                                                             2200                                                                                                                                  
Renske                                                            3600                                                                                                                                  
Stephen                                                           3200                                                                                                                                  
John                                                              2700                                                                                                                                  
Joshua                                                            2500                                                                                                                                  
Trenna                                                            3500                                                                                                                                  
Curtis                                                            3100                                                                                                                                  
Randall                                                           2600                                                                                                                                  
Peter                                                             2500                                                                                                                                  
John                                                           14000.4                                                                                                                                  
Karen                                                          13500.3                                                                                                                                  
Alberto                                                        12000.3                                                                                                                                  
Gerald                                                         11000.3                                                                                                                                  
Eleni                                                          10500.2                                                                                                                                  
Peter                                                          10000.3                                                                                                                                  
David                                                          9500.25                                                                                                                                  
Peter                                                          9000.25                                                                                                                                  
Christopher                                                     8000.2                                                                                                                                  
Nanette                                                         7500.2                                                                                                                                  
Oliver                                                         7000.15                                                                                                                                  
Janette                                                       10000.35                                                                                                                                  
Patrick                                                        9500.35                                                                                                                                  
Allan                                                          9000.35                                                                                                                                  
Lindsey                                                         8000.3                                                                                                                                  
Louise                                                          7500.3                                                                                                                                  
Sarath                                                         7000.25                                                                                                                                  
Clara                                                         10500.25                                                                                                                                  
Danielle                                                       9500.15                                                                                                                                  
Mattea                                                          7200.1                                                                                                                                  
David                                                           6800.1                                                                                                                                  
Sundar                                                          6400.1                                                                                                                                  
Amit                                                            6200.1                                                                                                                                  
Lisa                                                          11500.25                                                                                                                                  
Harrison                                                       10000.2                                                                                                                                  
Tayler                                                          9600.2                                                                                                                                  
William                                                        7400.15                                                                                                                                  
Elizabeth                                                      7300.15                                                                                                                                  
Sundita                                                         6100.1                                                                                                                                  
Ellen                                                          11000.3                                                                                                                                  
Alyssa                                                         8800.25                                                                                                                                  
Jonathon                                                        8600.2                                                                                                                                  
Jack                                                            8400.2                                                                                                                                  
Kimberely                                                      7000.15                                                                                                                                  
Charles                                                         6200.1                                                                                                                                  
Winston                                                           3200                                                                                                                                  
Jean                                                              3100                                                                                                                                  
Martha                                                            2500                                                                                                                                  
Girard                                                            2800                                                                                                                                  
Nandita                                                           4200                                                                                                                                  
Alexis                                                            4100                                                                                                                                  
Julia                                                             3400                                                                                                                                  
Anthony                                                           3000                                                                                                                                  
Kelly                                                             3800                                                                                                                                  
Jennifer                                                          3600                                                                                                                                  
Timothy                                                           2900                                                                                                                                  
Randall                                                           2500                                                                                                                                  
Sarah                                                             4000                                                                                                                                  
Britney                                                           3900                                                                                                                                  
Samuel                                                            3200                                                                                                                                  
Vance                                                             2800                                                                                                                                  
Alana                                                             3100                                                                                                                                  
Kevin                                                             3000                                                                                                                                  
Donald                                                            2600                                                                                                                                  
Douglas                                                           2600                                                                                                                                  
Jennifer                                                          4400                                                                                                                                  
Michael                                                          13000                                                                                                                                  
Pat                                                               6000                                                                                                                                  
Susan                                                             6500                                                                                                                                  
Hermann                                                          10000                                                                                                                                  
Shelley                                                          12008                                                                                                                                  
William                                                           8300                                                                                                                                  

107 rows selected.

SQL> select first_name, salary, commission_pct nvl2(commission_pct, salary+commission_pct, salary) Income from employees;
select first_name, salary, commission_pct nvl2(commission_pct, salary+commission_pct, salary) Income from employees
                                              *
ERROR at line 1:
ORA-00923: FROM keyword not found where expected 


SQL> select first_name, salary, commission_pct nvl2(commission_pct, salary+commission_pct, salary)Income from employees;
select first_name, salary, commission_pct nvl2(commission_pct, salary+commission_pct, salary)Income from employees
                                              *
ERROR at line 1:
ORA-00923: FROM keyword not found where expected 


SQL> select first_name, salary, commission_pct nvl2(commission_pct, salary+commission_pct, salary)Income from employees;
select first_name, salary, commission_pct nvl2(commission_pct, salary+commission_pct, salary)Income from employees
                                              *
ERROR at line 1:
ORA-00923: FROM keyword not found where expected 


SQL> ed
Wrote file afiedt.buf

  1  select first_name name, 
  2  salary sal, 
  3  commission_pct comm, 
  4  nvl2(commission_pct, salary+commission_pct, salary) income 
  5* from employees
SQL> /

NAME                        SAL       COMM     INCOME                                                                                                                                                   
-------------------- ---------- ---------- ----------                                                                                                                                                   
Steven                    24000                 24000                                                                                                                                                   
Neena                     17000                 17000                                                                                                                                                   
Lex                       17000                 17000                                                                                                                                                   
Alexander                  9000                  9000                                                                                                                                                   
Bruce                      6000                  6000                                                                                                                                                   
David                      4800                  4800                                                                                                                                                   
Valli                      4800                  4800                                                                                                                                                   
Diana                      4200                  4200                                                                                                                                                   
Nancy                     12008                 12008                                                                                                                                                   
Daniel                     9000                  9000                                                                                                                                                   
John                       8200                  8200                                                                                                                                                   
Ismael                     7700                  7700                                                                                                                                                   
Jose Manuel                7800                  7800                                                                                                                                                   
Luis                       6900                  6900                                                                                                                                                   
Den                       11000                 11000                                                                                                                                                   
Alexander                  3100                  3100                                                                                                                                                   
Shelli                     2900                  2900                                                                                                                                                   
Sigal                      2800                  2800                                                                                                                                                   
Guy                        2600                  2600                                                                                                                                                   
Karen                      2500                  2500                                                                                                                                                   
Matthew                    8000                  8000                                                                                                                                                   
Adam                       8200                  8200                                                                                                                                                   
Payam                      7900                  7900                                                                                                                                                   
Shanta                     6500                  6500                                                                                                                                                   
Kevin                      5800                  5800                                                                                                                                                   
Julia                      3200                  3200                                                                                                                                                   
Irene                      2700                  2700                                                                                                                                                   
James                      2400                  2400                                                                                                                                                   
Steven                     2200                  2200                                                                                                                                                   
Laura                      3300                  3300                                                                                                                                                   
Mozhe                      2800                  2800                                                                                                                                                   
James                      2500                  2500                                                                                                                                                   
TJ                         2100                  2100                                                                                                                                                   
Jason                      3300                  3300                                                                                                                                                   
Michael                    2900                  2900                                                                                                                                                   
Ki                         2400                  2400                                                                                                                                                   
Hazel                      2200                  2200                                                                                                                                                   
Renske                     3600                  3600                                                                                                                                                   
Stephen                    3200                  3200                                                                                                                                                   
John                       2700                  2700                                                                                                                                                   
Joshua                     2500                  2500                                                                                                                                                   
Trenna                     3500                  3500                                                                                                                                                   
Curtis                     3100                  3100                                                                                                                                                   
Randall                    2600                  2600                                                                                                                                                   
Peter                      2500                  2500                                                                                                                                                   
John                      14000         .4    14000.4                                                                                                                                                   
Karen                     13500         .3    13500.3                                                                                                                                                   
Alberto                   12000         .3    12000.3                                                                                                                                                   
Gerald                    11000         .3    11000.3                                                                                                                                                   
Eleni                     10500         .2    10500.2                                                                                                                                                   
Peter                     10000         .3    10000.3                                                                                                                                                   
David                      9500        .25    9500.25                                                                                                                                                   
Peter                      9000        .25    9000.25                                                                                                                                                   
Christopher                8000         .2     8000.2                                                                                                                                                   
Nanette                    7500         .2     7500.2                                                                                                                                                   
Oliver                     7000        .15    7000.15                                                                                                                                                   
Janette                   10000        .35   10000.35                                                                                                                                                   
Patrick                    9500        .35    9500.35                                                                                                                                                   
Allan                      9000        .35    9000.35                                                                                                                                                   
Lindsey                    8000         .3     8000.3                                                                                                                                                   
Louise                     7500         .3     7500.3                                                                                                                                                   
Sarath                     7000        .25    7000.25                                                                                                                                                   
Clara                     10500        .25   10500.25                                                                                                                                                   
Danielle                   9500        .15    9500.15                                                                                                                                                   
Mattea                     7200         .1     7200.1                                                                                                                                                   
David                      6800         .1     6800.1                                                                                                                                                   
Sundar                     6400         .1     6400.1                                                                                                                                                   
Amit                       6200         .1     6200.1                                                                                                                                                   
Lisa                      11500        .25   11500.25                                                                                                                                                   
Harrison                  10000         .2    10000.2                                                                                                                                                   
Tayler                     9600         .2     9600.2                                                                                                                                                   
William                    7400        .15    7400.15                                                                                                                                                   
Elizabeth                  7300        .15    7300.15                                                                                                                                                   
Sundita                    6100         .1     6100.1                                                                                                                                                   
Ellen                     11000         .3    11000.3                                                                                                                                                   
Alyssa                     8800        .25    8800.25                                                                                                                                                   
Jonathon                   8600         .2     8600.2                                                                                                                                                   
Jack                       8400         .2     8400.2                                                                                                                                                   
Kimberely                  7000        .15    7000.15                                                                                                                                                   
Charles                    6200         .1     6200.1                                                                                                                                                   
Winston                    3200                  3200                                                                                                                                                   
Jean                       3100                  3100                                                                                                                                                   
Martha                     2500                  2500                                                                                                                                                   
Girard                     2800                  2800                                                                                                                                                   
Nandita                    4200                  4200                                                                                                                                                   
Alexis                     4100                  4100                                                                                                                                                   
Julia                      3400                  3400                                                                                                                                                   
Anthony                    3000                  3000                                                                                                                                                   
Kelly                      3800                  3800                                                                                                                                                   
Jennifer                   3600                  3600                                                                                                                                                   
Timothy                    2900                  2900                                                                                                                                                   
Randall                    2500                  2500                                                                                                                                                   
Sarah                      4000                  4000                                                                                                                                                   
Britney                    3900                  3900                                                                                                                                                   
Samuel                     3200                  3200                                                                                                                                                   
Vance                      2800                  2800                                                                                                                                                   
Alana                      3100                  3100                                                                                                                                                   
Kevin                      3000                  3000                                                                                                                                                   
Donald                     2600                  2600                                                                                                                                                   
Douglas                    2600                  2600                                                                                                                                                   
Jennifer                   4400                  4400                                                                                                                                                   
Michael                   13000                 13000                                                                                                                                                   
Pat                        6000                  6000                                                                                                                                                   
Susan                      6500                  6500                                                                                                                                                   
Hermann                   10000                 10000                                                                                                                                                   
Shelley                   12008                 12008                                                                                                                                                   
William                    8300                  8300                                                                                                                                                   

107 rows selected.

SQL> ed
Wrote file afiedt.buf

  1  select length(first_name) lfn,
  2  length(last_name) lln,
  3  nullif(length(first_name), length(last_name)), 
  4* from employees
SQL> /
from employees
*
ERROR at line 4:
ORA-00936: missing expression 


SQL> ed
Wrote file afiedt.buf

  1  select length(first_name) lfn,
  2  length(last_name) lln,
  3  nullif(length(first_name), length(last_name)) fnl 
  4* from employees
SQL> /

       LFN        LLN        FNL                                                                                                                                                                        
---------- ---------- ----------                                                                                                                                                                        
         6          4          6                                                                                                                                                                        
         5          7          5                                                                                                                                                                        
         3          7          3                                                                                                                                                                        
         9          6          9                                                                                                                                                                        
         5          5                                                                                                                                                                                   
         5          6          5                                                                                                                                                                        
         5          9          5                                                                                                                                                                        
         5          7          5                                                                                                                                                                        
         5          9          5                                                                                                                                                                        
         6          6                                                                                                                                                                                   
         4          4                                                                                                                                                                                   
         6          7          6                                                                                                                                                                        
        11          5         11                                                                                                                                                                        
         4          4                                                                                                                                                                                   
         3          8          3                                                                                                                                                                        
         9          4          9                                                                                                                                                                        
         6          5          6                                                                                                                                                                        
         5          6          5                                                                                                                                                                        
         3          6          3                                                                                                                                                                        
         5         10          5                                                                                                                                                                        
         7          5          7                                                                                                                                                                        
         4          5          4                                                                                                                                                                        
         5          8          5                                                                                                                                                                        
         6          7          6                                                                                                                                                                        
         5          7          5                                                                                                                                                                        
         5          5                                                                                                                                                                                   
         5         11          5                                                                                                                                                                        
         5          6          5                                                                                                                                                                        
         6          6                                                                                                                                                                                   
         5          6          5                                                                                                                                                                        
         5          8          5                                                                                                                                                                        
         5          6          5                                                                                                                                                                        
         2          5          2                                                                                                                                                                        
         5          6          5                                                                                                                                                                        
         7          6          7                                                                                                                                                                        
         2          3          2                                                                                                                                                                        
         5         10          5                                                                                                                                                                        
         6          6                                                                                                                                                                                   
         7          6          7                                                                                                                                                                        
         4          3          4                                                                                                                                                                        
         6          5          6                                                                                                                                                                        
         6          4          6                                                                                                                                                                        
         6          6                                                                                                                                                                                   
         7          5          7                                                                                                                                                                        
         5          6          5                                                                                                                                                                        
         4          7          4                                                                                                                                                                        
         5          8          5                                                                                                                                                                        
         7          9          7                                                                                                                                                                        
         6          9          6                                                                                                                                                                        
         5          7          5                                                                                                                                                                        
         5          6          5                                                                                                                                                                        
         5          9          5                                                                                                                                                                        
         5          4          5                                                                                                                                                                        
        11          5         11                                                                                                                                                                        
         7          9          7                                                                                                                                                                        
         6          7          6                                                                                                                                                                        
         7          4          7                                                                                                                                                                        
         7          5          7                                                                                                                                                                        
         5          6          5                                                                                                                                                                        
         7          5          7                                                                                                                                                                        
         6          5          6                                                                                                                                                                        
         6          6                                                                                                                                                                                   
         5          7          5                                                                                                                                                                        
         8          6          8                                                                                                                                                                        
         6          7          6                                                                                                                                                                        
         5          3          5                                                                                                                                                                        
         6          4          6                                                                                                                                                                        
         4          5          4                                                                                                                                                                        
         4          4                                                                                                                                                                                   
         8          5          8                                                                                                                                                                        
         6          3          6                                                                                                                                                                        
         7          5          7                                                                                                                                                                        
         9          5          9                                                                                                                                                                        
         7          5          7                                                                                                                                                                        
         5          4          5                                                                                                                                                                        
         6          6                                                                                                                                                                                   
         8          6          8                                                                                                                                                                        
         4         10          4                                                                                                                                                                        
         9          5          9                                                                                                                                                                        
         7          7                                                                                                                                                                                   
         7          6          7                                                                                                                                                                        
         4          6          4                                                                                                                                                                        
         6          8          6                                                                                                                                                                        
         6          5          6                                                                                                                                                                        
         7          8          7                                                                                                                                                                        
         6          4          6                                                                                                                                                                        
         5          9          5                                                                                                                                                                        
         7          6          7                                                                                                                                                                        
         5          5                                                                                                                                                                                   
         8          5          8                                                                                                                                                                        
         7          5          7                                                                                                                                                                        
         7          7                                                                                                                                                                                   
         5          4          5                                                                                                                                                                        
         7          7                                                                                                                                                                                   
         6          6                                                                                                                                                                                   
         5          5                                                                                                                                                                                   
         5          5                                                                                                                                                                                   
         5          6          5                                                                                                                                                                        
         6          8          6                                                                                                                                                                        
         7          5          7                                                                                                                                                                        
         8          6          8                                                                                                                                                                        
         7          9          7                                                                                                                                                                        
         3          3                                                                                                                                                                                   
         5          6          5                                                                                                                                                                        
         7          4          7                                                                                                                                                                        
         7          7                                                                                                                                                                                   
         7          5          7                                                                                                                                                                        

107 rows selected.

SQL> ed
Wrote file afiedt.buf

  1* select coalesce(commission_pct, salary, 0) from employees
SQL> /

COALESCE(COMMISSION_PCT,SALARY,0)                                                                                                                                                                       
---------------------------------                                                                                                                                                                       
                            24000                                                                                                                                                                       
                            17000                                                                                                                                                                       
                            17000                                                                                                                                                                       
                             9000                                                                                                                                                                       
                             6000                                                                                                                                                                       
                             4800                                                                                                                                                                       
                             4800                                                                                                                                                                       
                             4200                                                                                                                                                                       
                            12008                                                                                                                                                                       
                             9000                                                                                                                                                                       
                             8200                                                                                                                                                                       
                             7700                                                                                                                                                                       
                             7800                                                                                                                                                                       
                             6900                                                                                                                                                                       
                            11000                                                                                                                                                                       
                             3100                                                                                                                                                                       
                             2900                                                                                                                                                                       
                             2800                                                                                                                                                                       
                             2600                                                                                                                                                                       
                             2500                                                                                                                                                                       
                             8000                                                                                                                                                                       
                             8200                                                                                                                                                                       
                             7900                                                                                                                                                                       
                             6500                                                                                                                                                                       
                             5800                                                                                                                                                                       
                             3200                                                                                                                                                                       
                             2700                                                                                                                                                                       
                             2400                                                                                                                                                                       
                             2200                                                                                                                                                                       
                             3300                                                                                                                                                                       
                             2800                                                                                                                                                                       
                             2500                                                                                                                                                                       
                             2100                                                                                                                                                                       
                             3300                                                                                                                                                                       
                             2900                                                                                                                                                                       
                             2400                                                                                                                                                                       
                             2200                                                                                                                                                                       
                             3600                                                                                                                                                                       
                             3200                                                                                                                                                                       
                             2700                                                                                                                                                                       
                             2500                                                                                                                                                                       
                             3500                                                                                                                                                                       
                             3100                                                                                                                                                                       
                             2600                                                                                                                                                                       
                             2500                                                                                                                                                                       
                               .4                                                                                                                                                                       
                               .3                                                                                                                                                                       
                               .3                                                                                                                                                                       
                               .3                                                                                                                                                                       
                               .2                                                                                                                                                                       
                               .3                                                                                                                                                                       
                              .25                                                                                                                                                                       
                              .25                                                                                                                                                                       
                               .2                                                                                                                                                                       
                               .2                                                                                                                                                                       
                              .15                                                                                                                                                                       
                              .35                                                                                                                                                                       
                              .35                                                                                                                                                                       
                              .35                                                                                                                                                                       
                               .3                                                                                                                                                                       
                               .3                                                                                                                                                                       
                              .25                                                                                                                                                                       
                              .25                                                                                                                                                                       
                              .15                                                                                                                                                                       
                               .1                                                                                                                                                                       
                               .1                                                                                                                                                                       
                               .1                                                                                                                                                                       
                               .1                                                                                                                                                                       
                              .25                                                                                                                                                                       
                               .2                                                                                                                                                                       
                               .2                                                                                                                                                                       
                              .15                                                                                                                                                                       
                              .15                                                                                                                                                                       
                               .1                                                                                                                                                                       
                               .3                                                                                                                                                                       
                              .25                                                                                                                                                                       
                               .2                                                                                                                                                                       
                               .2                                                                                                                                                                       
                              .15                                                                                                                                                                       
                               .1                                                                                                                                                                       
                             3200                                                                                                                                                                       
                             3100                                                                                                                                                                       
                             2500                                                                                                                                                                       
                             2800                                                                                                                                                                       
                             4200                                                                                                                                                                       
                             4100                                                                                                                                                                       
                             3400                                                                                                                                                                       
                             3000                                                                                                                                                                       
                             3800                                                                                                                                                                       
                             3600                                                                                                                                                                       
                             2900                                                                                                                                                                       
                             2500                                                                                                                                                                       
                             4000                                                                                                                                                                       
                             3900                                                                                                                                                                       
                             3200                                                                                                                                                                       
                             2800                                                                                                                                                                       
                             3100                                                                                                                                                                       
                             3000                                                                                                                                                                       
                             2600                                                                                                                                                                       
                             2600                                                                                                                                                                       
                             4400                                                                                                                                                                       
                            13000                                                                                                                                                                       
                             6000                                                                                                                                                                       
                             6500                                                                                                                                                                       
                            10000                                                                                                                                                                       
                            12008                                                                                                                                                                       
                             8300                                                                                                                                                                       

107 rows selected.

SQL> spool off
SQL> select first_name, job_id, salary from employees;

FIRST_NAME           JOB_ID         SALARY                                                                                                                                                              
-------------------- ---------- ----------                                                                                                                                                              
Steven               AD_PRES         24000                                                                                                                                                              
Neena                AD_VP           17000                                                                                                                                                              
Lex                  AD_VP           17000                                                                                                                                                              
Alexander            IT_PROG          9000                                                                                                                                                              
Bruce                IT_PROG          6000                                                                                                                                                              
David                IT_PROG          4800                                                                                                                                                              
Valli                IT_PROG          4800                                                                                                                                                              
Diana                IT_PROG          4200                                                                                                                                                              
Nancy                FI_MGR          12008                                                                                                                                                              
Daniel               FI_ACCOUNT       9000                                                                                                                                                              
John                 FI_ACCOUNT       8200                                                                                                                                                              
Ismael               FI_ACCOUNT       7700                                                                                                                                                              
Jose Manuel          FI_ACCOUNT       7800                                                                                                                                                              
Luis                 FI_ACCOUNT       6900                                                                                                                                                              
Den                  PU_MAN          11000                                                                                                                                                              
Alexander            PU_CLERK         3100                                                                                                                                                              
Shelli               PU_CLERK         2900                                                                                                                                                              
Sigal                PU_CLERK         2800                                                                                                                                                              
Guy                  PU_CLERK         2600                                                                                                                                                              
Karen                PU_CLERK         2500                                                                                                                                                              
Matthew              ST_MAN           8000                                                                                                                                                              
Adam                 ST_MAN           8200                                                                                                                                                              
Payam                ST_MAN           7900                                                                                                                                                              
Shanta               ST_MAN           6500                                                                                                                                                              
Kevin                ST_MAN           5800                                                                                                                                                              
Julia                ST_CLERK         3200                                                                                                                                                              
Irene                ST_CLERK         2700                                                                                                                                                              
James                ST_CLERK         2400                                                                                                                                                              
Steven               ST_CLERK         2200                                                                                                                                                              
Laura                ST_CLERK         3300                                                                                                                                                              
Mozhe                ST_CLERK         2800                                                                                                                                                              
James                ST_CLERK         2500                                                                                                                                                              
TJ                   ST_CLERK         2100                                                                                                                                                              
Jason                ST_CLERK         3300                                                                                                                                                              
Michael              ST_CLERK         2900                                                                                                                                                              
Ki                   ST_CLERK         2400                                                                                                                                                              
Hazel                ST_CLERK         2200                                                                                                                                                              
Renske               ST_CLERK         3600                                                                                                                                                              
Stephen              ST_CLERK         3200                                                                                                                                                              
John                 ST_CLERK         2700                                                                                                                                                              
Joshua               ST_CLERK         2500                                                                                                                                                              
Trenna               ST_CLERK         3500                                                                                                                                                              
Curtis               ST_CLERK         3100                                                                                                                                                              
Randall              ST_CLERK         2600                                                                                                                                                              
Peter                ST_CLERK         2500                                                                                                                                                              
John                 SA_MAN          14000                                                                                                                                                              
Karen                SA_MAN          13500                                                                                                                                                              
Alberto              SA_MAN          12000                                                                                                                                                              
Gerald               SA_MAN          11000                                                                                                                                                              
Eleni                SA_MAN          10500                                                                                                                                                              
Peter                SA_REP          10000                                                                                                                                                              
David                SA_REP           9500                                                                                                                                                              
Peter                SA_REP           9000                                                                                                                                                              
Christopher          SA_REP           8000                                                                                                                                                              
Nanette              SA_REP           7500                                                                                                                                                              
Oliver               SA_REP           7000                                                                                                                                                              
Janette              SA_REP          10000                                                                                                                                                              
Patrick              SA_REP           9500                                                                                                                                                              
Allan                SA_REP           9000                                                                                                                                                              
Lindsey              SA_REP           8000                                                                                                                                                              
Louise               SA_REP           7500                                                                                                                                                              
Sarath               SA_REP           7000                                                                                                                                                              
Clara                SA_REP          10500                                                                                                                                                              
Danielle             SA_REP           9500                                                                                                                                                              
Mattea               SA_REP           7200                                                                                                                                                              
David                SA_REP           6800                                                                                                                                                              
Sundar               SA_REP           6400                                                                                                                                                              
Amit                 SA_REP           6200                                                                                                                                                              
Lisa                 SA_REP          11500                                                                                                                                                              
Harrison             SA_REP          10000                                                                                                                                                              
Tayler               SA_REP           9600                                                                                                                                                              
William              SA_REP           7400                                                                                                                                                              
Elizabeth            SA_REP           7300                                                                                                                                                              
Sundita              SA_REP           6100                                                                                                                                                              
Ellen                SA_REP          11000                                                                                                                                                              
Alyssa               SA_REP           8800                                                                                                                                                              
Jonathon             SA_REP           8600                                                                                                                                                              
Jack                 SA_REP           8400                                                                                                                                                              
Kimberely            SA_REP           7000                                                                                                                                                              
Charles              SA_REP           6200                                                                                                                                                              
Winston              SH_CLERK         3200                                                                                                                                                              
Jean                 SH_CLERK         3100                                                                                                                                                              
Martha               SH_CLERK         2500                                                                                                                                                              
Girard               SH_CLERK         2800                                                                                                                                                              
Nandita              SH_CLERK         4200                                                                                                                                                              
Alexis               SH_CLERK         4100                                                                                                                                                              
Julia                SH_CLERK         3400                                                                                                                                                              
Anthony              SH_CLERK         3000                                                                                                                                                              
Kelly                SH_CLERK         3800                                                                                                                                                              
Jennifer             SH_CLERK         3600                                                                                                                                                              
Timothy              SH_CLERK         2900                                                                                                                                                              
Randall              SH_CLERK         2500                                                                                                                                                              
Sarah                SH_CLERK         4000                                                                                                                                                              
Britney              SH_CLERK         3900                                                                                                                                                              
Samuel               SH_CLERK         3200                                                                                                                                                              
Vance                SH_CLERK         2800                                                                                                                                                              
Alana                SH_CLERK         3100                                                                                                                                                              
Kevin                SH_CLERK         3000                                                                                                                                                              
Donald               SH_CLERK         2600                                                                                                                                                              
Douglas              SH_CLERK         2600                                                                                                                                                              
Jennifer             AD_ASST          4400                                                                                                                                                              
Michael              MK_MAN          13000                                                                                                                                                              
Pat                  MK_REP           6000                                                                                                                                                              
Susan                HR_REP           6500                                                                                                                                                              
Hermann              PR_REP          10000                                                                                                                                                              
Shelley              AC_MGR          12008                                                                                                                                                              
William              AC_ACCOUNT       8300                                                                                                                                                              

107 rows selected.

SQL> ed
Wrote file afiedt.buf

  1  select last_name, job_id, salary,
  2  case job_id 
  3  when 'ST_CLERK' then salary*1.10
  4  when 'IT_PROG'  then salary*1.20
  5  when 'ST_MAN'   then salary*1.30
  6  end
  7* from employees
SQL> //

LAST_NAME                 JOB_ID         SALARY CASEJOB_IDWHEN'ST_CLERK'THENSALARY*1.10WHEN'IT_PROG'THENSALARY*1.20WHEN'ST_MAN'THENSALARY*1.30END                                                       
------------------------- ---------- ---------- -------------------------------------------------------------------------------------------------                                                       
King                      AD_PRES         24000                                                                                                                                                         
Kochhar                   AD_VP           17000                                                                                                                                                         
De Haan                   AD_VP           17000                                                                                                                                                         
Hunold                    IT_PROG          9000                                                                                             10800                                                       
Ernst                     IT_PROG          6000                                                                                              7200                                                       
Austin                    IT_PROG          4800                                                                                              5760                                                       
Pataballa                 IT_PROG          4800                                                                                              5760                                                       
Lorentz                   IT_PROG          4200                                                                                              5040                                                       
Greenberg                 FI_MGR          12008                                                                                                                                                         
Faviet                    FI_ACCOUNT       9000                                                                                                                                                         
Chen                      FI_ACCOUNT       8200                                                                                                                                                         
Sciarra                   FI_ACCOUNT       7700                                                                                                                                                         
Urman                     FI_ACCOUNT       7800                                                                                                                                                         
Popp                      FI_ACCOUNT       6900                                                                                                                                                         
Raphaely                  PU_MAN          11000                                                                                                                                                         
Khoo                      PU_CLERK         3100                                                                                                                                                         
Baida                     PU_CLERK         2900                                                                                                                                                         
Tobias                    PU_CLERK         2800                                                                                                                                                         
Himuro                    PU_CLERK         2600                                                                                                                                                         
Colmenares                PU_CLERK         2500                                                                                                                                                         
Weiss                     ST_MAN           8000                                                                                             10400                                                       
Fripp                     ST_MAN           8200                                                                                             10660                                                       
Kaufling                  ST_MAN           7900                                                                                             10270                                                       
Vollman                   ST_MAN           6500                                                                                              8450                                                       
Mourgos                   ST_MAN           5800                                                                                              7540                                                       
Nayer                     ST_CLERK         3200                                                                                              3520                                                       
Mikkilineni               ST_CLERK         2700                                                                                              2970                                                       
Landry                    ST_CLERK         2400                                                                                              2640                                                       
Markle                    ST_CLERK         2200                                                                                              2420                                                       
Bissot                    ST_CLERK         3300                                                                                              3630                                                       
Atkinson                  ST_CLERK         2800                                                                                              3080                                                       
Marlow                    ST_CLERK         2500                                                                                              2750                                                       
Olson                     ST_CLERK         2100                                                                                              2310                                                       
Mallin                    ST_CLERK         3300                                                                                              3630                                                       
Rogers                    ST_CLERK         2900                                                                                              3190                                                       
Gee                       ST_CLERK         2400                                                                                              2640                                                       
Philtanker                ST_CLERK         2200                                                                                              2420                                                       
Ladwig                    ST_CLERK         3600                                                                                              3960                                                       
Stiles                    ST_CLERK         3200                                                                                              3520                                                       
Seo                       ST_CLERK         2700                                                                                              2970                                                       
Patel                     ST_CLERK         2500                                                                                              2750                                                       
Rajs                      ST_CLERK         3500                                                                                              3850                                                       
Davies                    ST_CLERK         3100                                                                                              3410                                                       
Matos                     ST_CLERK         2600                                                                                              2860                                                       
Vargas                    ST_CLERK         2500                                                                                              2750                                                       
Russell                   SA_MAN          14000                                                                                                                                                         
Partners                  SA_MAN          13500                                                                                                                                                         
Errazuriz                 SA_MAN          12000                                                                                                                                                         
Cambrault                 SA_MAN          11000                                                                                                                                                         
Zlotkey                   SA_MAN          10500                                                                                                                                                         
Tucker                    SA_REP          10000                                                                                                                                                         
Bernstein                 SA_REP           9500                                                                                                                                                         
Hall                      SA_REP           9000                                                                                                                                                         
Olsen                     SA_REP           8000                                                                                                                                                         
Cambrault                 SA_REP           7500                                                                                                                                                         
Tuvault                   SA_REP           7000                                                                                                                                                         
King                      SA_REP          10000                                                                                                                                                         
Sully                     SA_REP           9500                                                                                                                                                         
McEwen                    SA_REP           9000                                                                                                                                                         
Smith                     SA_REP           8000                                                                                                                                                         
Doran                     SA_REP           7500                                                                                                                                                         
Sewall                    SA_REP           7000                                                                                                                                                         
Vishney                   SA_REP          10500                                                                                                                                                         
Greene                    SA_REP           9500                                                                                                                                                         
Marvins                   SA_REP           7200                                                                                                                                                         
Lee                       SA_REP           6800                                                                                                                                                         
Ande                      SA_REP           6400                                                                                                                                                         
Banda                     SA_REP           6200                                                                                                                                                         
Ozer                      SA_REP          11500                                                                                                                                                         
Bloom                     SA_REP          10000                                                                                                                                                         
Fox                       SA_REP           9600                                                                                                                                                         
Smith                     SA_REP           7400                                                                                                                                                         
Bates                     SA_REP           7300                                                                                                                                                         
Kumar                     SA_REP           6100                                                                                                                                                         
Abel                      SA_REP          11000                                                                                                                                                         
Hutton                    SA_REP           8800                                                                                                                                                         
Taylor                    SA_REP           8600                                                                                                                                                         
Livingston                SA_REP           8400                                                                                                                                                         
Grant                     SA_REP           7000                                                                                                                                                         
Johnson                   SA_REP           6200                                                                                                                                                         
Taylor                    SH_CLERK         3200                                                                                                                                                         
Fleaur                    SH_CLERK         3100                                                                                                                                                         
Sullivan                  SH_CLERK         2500                                                                                                                                                         
Geoni                     SH_CLERK         2800                                                                                                                                                         
Sarchand                  SH_CLERK         4200                                                                                                                                                         
Bull                      SH_CLERK         4100                                                                                                                                                         
Dellinger                 SH_CLERK         3400                                                                                                                                                         
Cabrio                    SH_CLERK         3000                                                                                                                                                         
Chung                     SH_CLERK         3800                                                                                                                                                         
Dilly                     SH_CLERK         3600                                                                                                                                                         
Gates                     SH_CLERK         2900                                                                                                                                                         
Perkins                   SH_CLERK         2500                                                                                                                                                         
Bell                      SH_CLERK         4000                                                                                                                                                         
Everett                   SH_CLERK         3900                                                                                                                                                         
McCain                    SH_CLERK         3200                                                                                                                                                         
Jones                     SH_CLERK         2800                                                                                                                                                         
Walsh                     SH_CLERK         3100                                                                                                                                                         
Feeney                    SH_CLERK         3000                                                                                                                                                         
OConnell                  SH_CLERK         2600                                                                                                                                                         
Grant                     SH_CLERK         2600                                                                                                                                                         
Whalen                    AD_ASST          4400                                                                                                                                                         
Hartstein                 MK_MAN          13000                                                                                                                                                         
Fay                       MK_REP           6000                                                                                                                                                         
Mavris                    HR_REP           6500                                                                                                                                                         
Baer                      PR_REP          10000                                                                                                                                                         
Higgins                   AC_MGR          12008                                                                                                                                                         
Gietz                     AC_ACCOUNT       8300                                                                                                                                                         

107 rows selected.

SQL> ed
Wrote file afiedt.buf

  1  select last_name, job_id, salary,
  2  case job_id 
  3  when 'ST_CLERK' then salary*1.10
  4  when 'IT_PROG'  then salary*1.20
  5  when 'ST_MAN'   then salary*1.30
  6  end
  7  as incsal
  8* from employees
SQL> ed/

SQL> /

LAST_NAME                 JOB_ID         SALARY     INCSAL                                                                                                                                              
------------------------- ---------- ---------- ----------                                                                                                                                              
King                      AD_PRES         24000                                                                                                                                                         
Kochhar                   AD_VP           17000                                                                                                                                                         
De Haan                   AD_VP           17000                                                                                                                                                         
Hunold                    IT_PROG          9000      10800                                                                                                                                              
Ernst                     IT_PROG          6000       7200                                                                                                                                              
Austin                    IT_PROG          4800       5760                                                                                                                                              
Pataballa                 IT_PROG          4800       5760                                                                                                                                              
Lorentz                   IT_PROG          4200       5040                                                                                                                                              
Greenberg                 FI_MGR          12008                                                                                                                                                         
Faviet                    FI_ACCOUNT       9000                                                                                                                                                         
Chen                      FI_ACCOUNT       8200                                                                                                                                                         
Sciarra                   FI_ACCOUNT       7700                                                                                                                                                         
Urman                     FI_ACCOUNT       7800                                                                                                                                                         
Popp                      FI_ACCOUNT       6900                                                                                                                                                         
Raphaely                  PU_MAN          11000                                                                                                                                                         
Khoo                      PU_CLERK         3100                                                                                                                                                         
Baida                     PU_CLERK         2900                                                                                                                                                         
Tobias                    PU_CLERK         2800                                                                                                                                                         
Himuro                    PU_CLERK         2600                                                                                                                                                         
Colmenares                PU_CLERK         2500                                                                                                                                                         
Weiss                     ST_MAN           8000      10400                                                                                                                                              
Fripp                     ST_MAN           8200      10660                                                                                                                                              
Kaufling                  ST_MAN           7900      10270                                                                                                                                              
Vollman                   ST_MAN           6500       8450                                                                                                                                              
Mourgos                   ST_MAN           5800       7540                                                                                                                                              
Nayer                     ST_CLERK         3200       3520                                                                                                                                              
Mikkilineni               ST_CLERK         2700       2970                                                                                                                                              
Landry                    ST_CLERK         2400       2640                                                                                                                                              
Markle                    ST_CLERK         2200       2420                                                                                                                                              
Bissot                    ST_CLERK         3300       3630                                                                                                                                              
Atkinson                  ST_CLERK         2800       3080                                                                                                                                              
Marlow                    ST_CLERK         2500       2750                                                                                                                                              
Olson                     ST_CLERK         2100       2310                                                                                                                                              
Mallin                    ST_CLERK         3300       3630                                                                                                                                              
Rogers                    ST_CLERK         2900       3190                                                                                                                                              
Gee                       ST_CLERK         2400       2640                                                                                                                                              
Philtanker                ST_CLERK         2200       2420                                                                                                                                              
Ladwig                    ST_CLERK         3600       3960                                                                                                                                              
Stiles                    ST_CLERK         3200       3520                                                                                                                                              
Seo                       ST_CLERK         2700       2970                                                                                                                                              
Patel                     ST_CLERK         2500       2750                                                                                                                                              
Rajs                      ST_CLERK         3500       3850                                                                                                                                              
Davies                    ST_CLERK         3100       3410                                                                                                                                              
Matos                     ST_CLERK         2600       2860                                                                                                                                              
Vargas                    ST_CLERK         2500       2750                                                                                                                                              
Russell                   SA_MAN          14000                                                                                                                                                         
Partners                  SA_MAN          13500                                                                                                                                                         
Errazuriz                 SA_MAN          12000                                                                                                                                                         
Cambrault                 SA_MAN          11000                                                                                                                                                         
Zlotkey                   SA_MAN          10500                                                                                                                                                         
Tucker                    SA_REP          10000                                                                                                                                                         
Bernstein                 SA_REP           9500                                                                                                                                                         
Hall                      SA_REP           9000                                                                                                                                                         
Olsen                     SA_REP           8000                                                                                                                                                         
Cambrault                 SA_REP           7500                                                                                                                                                         
Tuvault                   SA_REP           7000                                                                                                                                                         
King                      SA_REP          10000                                                                                                                                                         
Sully                     SA_REP           9500                                                                                                                                                         
McEwen                    SA_REP           9000                                                                                                                                                         
Smith                     SA_REP           8000                                                                                                                                                         
Doran                     SA_REP           7500                                                                                                                                                         
Sewall                    SA_REP           7000                                                                                                                                                         
Vishney                   SA_REP          10500                                                                                                                                                         
Greene                    SA_REP           9500                                                                                                                                                         
Marvins                   SA_REP           7200                                                                                                                                                         
Lee                       SA_REP           6800                                                                                                                                                         
Ande                      SA_REP           6400                                                                                                                                                         
Banda                     SA_REP           6200                                                                                                                                                         
Ozer                      SA_REP          11500                                                                                                                                                         
Bloom                     SA_REP          10000                                                                                                                                                         
Fox                       SA_REP           9600                                                                                                                                                         
Smith                     SA_REP           7400                                                                                                                                                         
Bates                     SA_REP           7300                                                                                                                                                         
Kumar                     SA_REP           6100                                                                                                                                                         
Abel                      SA_REP          11000                                                                                                                                                         
Hutton                    SA_REP           8800                                                                                                                                                         
Taylor                    SA_REP           8600                                                                                                                                                         
Livingston                SA_REP           8400                                                                                                                                                         
Grant                     SA_REP           7000                                                                                                                                                         
Johnson                   SA_REP           6200                                                                                                                                                         
Taylor                    SH_CLERK         3200                                                                                                                                                         
Fleaur                    SH_CLERK         3100                                                                                                                                                         
Sullivan                  SH_CLERK         2500                                                                                                                                                         
Geoni                     SH_CLERK         2800                                                                                                                                                         
Sarchand                  SH_CLERK         4200                                                                                                                                                         
Bull                      SH_CLERK         4100                                                                                                                                                         
Dellinger                 SH_CLERK         3400                                                                                                                                                         
Cabrio                    SH_CLERK         3000                                                                                                                                                         
Chung                     SH_CLERK         3800                                                                                                                                                         
Dilly                     SH_CLERK         3600                                                                                                                                                         
Gates                     SH_CLERK         2900                                                                                                                                                         
Perkins                   SH_CLERK         2500                                                                                                                                                         
Bell                      SH_CLERK         4000                                                                                                                                                         
Everett                   SH_CLERK         3900                                                                                                                                                         
McCain                    SH_CLERK         3200                                                                                                                                                         
Jones                     SH_CLERK         2800                                                                                                                                                         
Walsh                     SH_CLERK         3100                                                                                                                                                         
Feeney                    SH_CLERK         3000                                                                                                                                                         
OConnell                  SH_CLERK         2600                                                                                                                                                         
Grant                     SH_CLERK         2600                                                                                                                                                         
Whalen                    AD_ASST          4400                                                                                                                                                         
Hartstein                 MK_MAN          13000                                                                                                                                                         
Fay                       MK_REP           6000                                                                                                                                                         
Mavris                    HR_REP           6500                                                                                                                                                         
Baer                      PR_REP          10000                                                                                                                                                         
Higgins                   AC_MGR          12008                                                                                                                                                         
Gietz                     AC_ACCOUNT       8300                                                                                                                                                         

107 rows selected.

SQL> ed
Wrote file afiedt.buf

  1  select last_name, job_id, salary,
  2  case job_id 
  3  when 'ST_CLERK' then salary*1.10
  4  when 'IT_PROG'  then salary*1.20
  5  when 'ST_MAN'   then salary*1.30
  6  else salary
  7  end
  8  as incsal
  9* from employees
SQL> /

LAST_NAME                 JOB_ID         SALARY     INCSAL                                                                                                                                              
------------------------- ---------- ---------- ----------                                                                                                                                              
King                      AD_PRES         24000      24000                                                                                                                                              
Kochhar                   AD_VP           17000      17000                                                                                                                                              
De Haan                   AD_VP           17000      17000                                                                                                                                              
Hunold                    IT_PROG          9000      10800                                                                                                                                              
Ernst                     IT_PROG          6000       7200                                                                                                                                              
Austin                    IT_PROG          4800       5760                                                                                                                                              
Pataballa                 IT_PROG          4800       5760                                                                                                                                              
Lorentz                   IT_PROG          4200       5040                                                                                                                                              
Greenberg                 FI_MGR          12008      12008                                                                                                                                              
Faviet                    FI_ACCOUNT       9000       9000                                                                                                                                              
Chen                      FI_ACCOUNT       8200       8200                                                                                                                                              
Sciarra                   FI_ACCOUNT       7700       7700                                                                                                                                              
Urman                     FI_ACCOUNT       7800       7800                                                                                                                                              
Popp                      FI_ACCOUNT       6900       6900                                                                                                                                              
Raphaely                  PU_MAN          11000      11000                                                                                                                                              
Khoo                      PU_CLERK         3100       3100                                                                                                                                              
Baida                     PU_CLERK         2900       2900                                                                                                                                              
Tobias                    PU_CLERK         2800       2800                                                                                                                                              
Himuro                    PU_CLERK         2600       2600                                                                                                                                              
Colmenares                PU_CLERK         2500       2500                                                                                                                                              
Weiss                     ST_MAN           8000      10400                                                                                                                                              
Fripp                     ST_MAN           8200      10660                                                                                                                                              
Kaufling                  ST_MAN           7900      10270                                                                                                                                              
Vollman                   ST_MAN           6500       8450                                                                                                                                              
Mourgos                   ST_MAN           5800       7540                                                                                                                                              
Nayer                     ST_CLERK         3200       3520                                                                                                                                              
Mikkilineni               ST_CLERK         2700       2970                                                                                                                                              
Landry                    ST_CLERK         2400       2640                                                                                                                                              
Markle                    ST_CLERK         2200       2420                                                                                                                                              
Bissot                    ST_CLERK         3300       3630                                                                                                                                              
Atkinson                  ST_CLERK         2800       3080                                                                                                                                              
Marlow                    ST_CLERK         2500       2750                                                                                                                                              
Olson                     ST_CLERK         2100       2310                                                                                                                                              
Mallin                    ST_CLERK         3300       3630                                                                                                                                              
Rogers                    ST_CLERK         2900       3190                                                                                                                                              
Gee                       ST_CLERK         2400       2640                                                                                                                                              
Philtanker                ST_CLERK         2200       2420                                                                                                                                              
Ladwig                    ST_CLERK         3600       3960                                                                                                                                              
Stiles                    ST_CLERK         3200       3520                                                                                                                                              
Seo                       ST_CLERK         2700       2970                                                                                                                                              
Patel                     ST_CLERK         2500       2750                                                                                                                                              
Rajs                      ST_CLERK         3500       3850                                                                                                                                              
Davies                    ST_CLERK         3100       3410                                                                                                                                              
Matos                     ST_CLERK         2600       2860                                                                                                                                              
Vargas                    ST_CLERK         2500       2750                                                                                                                                              
Russell                   SA_MAN          14000      14000                                                                                                                                              
Partners                  SA_MAN          13500      13500                                                                                                                                              
Errazuriz                 SA_MAN          12000      12000                                                                                                                                              
Cambrault                 SA_MAN          11000      11000                                                                                                                                              
Zlotkey                   SA_MAN          10500      10500                                                                                                                                              
Tucker                    SA_REP          10000      10000                                                                                                                                              
Bernstein                 SA_REP           9500       9500                                                                                                                                              
Hall                      SA_REP           9000       9000                                                                                                                                              
Olsen                     SA_REP           8000       8000                                                                                                                                              
Cambrault                 SA_REP           7500       7500                                                                                                                                              
Tuvault                   SA_REP           7000       7000                                                                                                                                              
King                      SA_REP          10000      10000                                                                                                                                              
Sully                     SA_REP           9500       9500                                                                                                                                              
McEwen                    SA_REP           9000       9000                                                                                                                                              
Smith                     SA_REP           8000       8000                                                                                                                                              
Doran                     SA_REP           7500       7500                                                                                                                                              
Sewall                    SA_REP           7000       7000                                                                                                                                              
Vishney                   SA_REP          10500      10500                                                                                                                                              
Greene                    SA_REP           9500       9500                                                                                                                                              
Marvins                   SA_REP           7200       7200                                                                                                                                              
Lee                       SA_REP           6800       6800                                                                                                                                              
Ande                      SA_REP           6400       6400                                                                                                                                              
Banda                     SA_REP           6200       6200                                                                                                                                              
Ozer                      SA_REP          11500      11500                                                                                                                                              
Bloom                     SA_REP          10000      10000                                                                                                                                              
Fox                       SA_REP           9600       9600                                                                                                                                              
Smith                     SA_REP           7400       7400                                                                                                                                              
Bates                     SA_REP           7300       7300                                                                                                                                              
Kumar                     SA_REP           6100       6100                                                                                                                                              
Abel                      SA_REP          11000      11000                                                                                                                                              
Hutton                    SA_REP           8800       8800                                                                                                                                              
Taylor                    SA_REP           8600       8600                                                                                                                                              
Livingston                SA_REP           8400       8400                                                                                                                                              
Grant                     SA_REP           7000       7000                                                                                                                                              
Johnson                   SA_REP           6200       6200                                                                                                                                              
Taylor                    SH_CLERK         3200       3200                                                                                                                                              
Fleaur                    SH_CLERK         3100       3100                                                                                                                                              
Sullivan                  SH_CLERK         2500       2500                                                                                                                                              
Geoni                     SH_CLERK         2800       2800                                                                                                                                              
Sarchand                  SH_CLERK         4200       4200                                                                                                                                              
Bull                      SH_CLERK         4100       4100                                                                                                                                              
Dellinger                 SH_CLERK         3400       3400                                                                                                                                              
Cabrio                    SH_CLERK         3000       3000                                                                                                                                              
Chung                     SH_CLERK         3800       3800                                                                                                                                              
Dilly                     SH_CLERK         3600       3600                                                                                                                                              
Gates                     SH_CLERK         2900       2900                                                                                                                                              
Perkins                   SH_CLERK         2500       2500                                                                                                                                              
Bell                      SH_CLERK         4000       4000                                                                                                                                              
Everett                   SH_CLERK         3900       3900                                                                                                                                              
McCain                    SH_CLERK         3200       3200                                                                                                                                              
Jones                     SH_CLERK         2800       2800                                                                                                                                              
Walsh                     SH_CLERK         3100       3100                                                                                                                                              
Feeney                    SH_CLERK         3000       3000                                                                                                                                              
OConnell                  SH_CLERK         2600       2600                                                                                                                                              
Grant                     SH_CLERK         2600       2600                                                                                                                                              
Whalen                    AD_ASST          4400       4400                                                                                                                                              
Hartstein                 MK_MAN          13000      13000                                                                                                                                              
Fay                       MK_REP           6000       6000                                                                                                                                              
Mavris                    HR_REP           6500       6500                                                                                                                                              
Baer                      PR_REP          10000      10000                                                                                                                                              
Higgins                   AC_MGR          12008      12008                                                                                                                                              
Gietz                     AC_ACCOUNT       8300       8300                                                                                                                                              

107 rows selected.

SQL> ed
Wrote file afiedt.buf

  1  create table dummy as 
  2  select last_name, job_id, salary,
  3  case job_id 
  4  when 'ST_CLERK' then salary*1.10
  5  when 'IT_PROG'  then salary*1.20
  6  when 'ST_MAN'   then salary*1.30
  7  else salary
  8  end
  9  as incsal
 10* from employees
SQL> /

Table created.

SQL> select * from dummy;

LAST_NAME                 JOB_ID         SALARY     INCSAL                                                                                                                                              
------------------------- ---------- ---------- ----------                                                                                                                                              
King                      AD_PRES         24000      24000                                                                                                                                              
Kochhar                   AD_VP           17000      17000                                                                                                                                              
De Haan                   AD_VP           17000      17000                                                                                                                                              
Hunold                    IT_PROG          9000      10800                                                                                                                                              
Ernst                     IT_PROG          6000       7200                                                                                                                                              
Austin                    IT_PROG          4800       5760                                                                                                                                              
Pataballa                 IT_PROG          4800       5760                                                                                                                                              
Lorentz                   IT_PROG          4200       5040                                                                                                                                              
Greenberg                 FI_MGR          12008      12008                                                                                                                                              
Faviet                    FI_ACCOUNT       9000       9000                                                                                                                                              
Chen                      FI_ACCOUNT       8200       8200                                                                                                                                              
Sciarra                   FI_ACCOUNT       7700       7700                                                                                                                                              
Urman                     FI_ACCOUNT       7800       7800                                                                                                                                              
Popp                      FI_ACCOUNT       6900       6900                                                                                                                                              
Raphaely                  PU_MAN          11000      11000                                                                                                                                              
Khoo                      PU_CLERK         3100       3100                                                                                                                                              
Baida                     PU_CLERK         2900       2900                                                                                                                                              
Tobias                    PU_CLERK         2800       2800                                                                                                                                              
Himuro                    PU_CLERK         2600       2600                                                                                                                                              
Colmenares                PU_CLERK         2500       2500                                                                                                                                              
Weiss                     ST_MAN           8000      10400                                                                                                                                              
Fripp                     ST_MAN           8200      10660                                                                                                                                              
Kaufling                  ST_MAN           7900      10270                                                                                                                                              
Vollman                   ST_MAN           6500       8450                                                                                                                                              
Mourgos                   ST_MAN           5800       7540                                                                                                                                              
Nayer                     ST_CLERK         3200       3520                                                                                                                                              
Mikkilineni               ST_CLERK         2700       2970                                                                                                                                              
Landry                    ST_CLERK         2400       2640                                                                                                                                              
Markle                    ST_CLERK         2200       2420                                                                                                                                              
Bissot                    ST_CLERK         3300       3630                                                                                                                                              
Atkinson                  ST_CLERK         2800       3080                                                                                                                                              
Marlow                    ST_CLERK         2500       2750                                                                                                                                              
Olson                     ST_CLERK         2100       2310                                                                                                                                              
Mallin                    ST_CLERK         3300       3630                                                                                                                                              
Rogers                    ST_CLERK         2900       3190                                                                                                                                              
Gee                       ST_CLERK         2400       2640                                                                                                                                              
Philtanker                ST_CLERK         2200       2420                                                                                                                                              
Ladwig                    ST_CLERK         3600       3960                                                                                                                                              
Stiles                    ST_CLERK         3200       3520                                                                                                                                              
Seo                       ST_CLERK         2700       2970                                                                                                                                              
Patel                     ST_CLERK         2500       2750                                                                                                                                              
Rajs                      ST_CLERK         3500       3850                                                                                                                                              
Davies                    ST_CLERK         3100       3410                                                                                                                                              
Matos                     ST_CLERK         2600       2860                                                                                                                                              
Vargas                    ST_CLERK         2500       2750                                                                                                                                              
Russell                   SA_MAN          14000      14000                                                                                                                                              
Partners                  SA_MAN          13500      13500                                                                                                                                              
Errazuriz                 SA_MAN          12000      12000                                                                                                                                              
Cambrault                 SA_MAN          11000      11000                                                                                                                                              
Zlotkey                   SA_MAN          10500      10500                                                                                                                                              
Tucker                    SA_REP          10000      10000                                                                                                                                              
Bernstein                 SA_REP           9500       9500                                                                                                                                              
Hall                      SA_REP           9000       9000                                                                                                                                              
Olsen                     SA_REP           8000       8000                                                                                                                                              
Cambrault                 SA_REP           7500       7500                                                                                                                                              
Tuvault                   SA_REP           7000       7000                                                                                                                                              
King                      SA_REP          10000      10000                                                                                                                                              
Sully                     SA_REP           9500       9500                                                                                                                                              
McEwen                    SA_REP           9000       9000                                                                                                                                              
Smith                     SA_REP           8000       8000                                                                                                                                              
Doran                     SA_REP           7500       7500                                                                                                                                              
Sewall                    SA_REP           7000       7000                                                                                                                                              
Vishney                   SA_REP          10500      10500                                                                                                                                              
Greene                    SA_REP           9500       9500                                                                                                                                              
Marvins                   SA_REP           7200       7200                                                                                                                                              
Lee                       SA_REP           6800       6800                                                                                                                                              
Ande                      SA_REP           6400       6400                                                                                                                                              
Banda                     SA_REP           6200       6200                                                                                                                                              
Ozer                      SA_REP          11500      11500                                                                                                                                              
Bloom                     SA_REP          10000      10000                                                                                                                                              
Fox                       SA_REP           9600       9600                                                                                                                                              
Smith                     SA_REP           7400       7400                                                                                                                                              
Bates                     SA_REP           7300       7300                                                                                                                                              
Kumar                     SA_REP           6100       6100                                                                                                                                              
Abel                      SA_REP          11000      11000                                                                                                                                              
Hutton                    SA_REP           8800       8800                                                                                                                                              
Taylor                    SA_REP           8600       8600                                                                                                                                              
Livingston                SA_REP           8400       8400                                                                                                                                              
Grant                     SA_REP           7000       7000                                                                                                                                              
Johnson                   SA_REP           6200       6200                                                                                                                                              
Taylor                    SH_CLERK         3200       3200                                                                                                                                              
Fleaur                    SH_CLERK         3100       3100                                                                                                                                              
Sullivan                  SH_CLERK         2500       2500                                                                                                                                              
Geoni                     SH_CLERK         2800       2800                                                                                                                                              
Sarchand                  SH_CLERK         4200       4200                                                                                                                                              
Bull                      SH_CLERK         4100       4100                                                                                                                                              
Dellinger                 SH_CLERK         3400       3400                                                                                                                                              
Cabrio                    SH_CLERK         3000       3000                                                                                                                                              
Chung                     SH_CLERK         3800       3800                                                                                                                                              
Dilly                     SH_CLERK         3600       3600                                                                                                                                              
Gates                     SH_CLERK         2900       2900                                                                                                                                              
Perkins                   SH_CLERK         2500       2500                                                                                                                                              
Bell                      SH_CLERK         4000       4000                                                                                                                                              
Everett                   SH_CLERK         3900       3900                                                                                                                                              
McCain                    SH_CLERK         3200       3200                                                                                                                                              
Jones                     SH_CLERK         2800       2800                                                                                                                                              
Walsh                     SH_CLERK         3100       3100                                                                                                                                              
Feeney                    SH_CLERK         3000       3000                                                                                                                                              
OConnell                  SH_CLERK         2600       2600                                                                                                                                              
Grant                     SH_CLERK         2600       2600                                                                                                                                              
Whalen                    AD_ASST          4400       4400                                                                                                                                              
Hartstein                 MK_MAN          13000      13000                                                                                                                                              
Fay                       MK_REP           6000       6000                                                                                                                                              
Mavris                    HR_REP           6500       6500                                                                                                                                              
Baer                      PR_REP          10000      10000                                                                                                                                              
Higgins                   AC_MGR          12008      12008                                                                                                                                              
Gietz                     AC_ACCOUNT       8300       8300                                                                                                                                              

107 rows selected.

SQL> drop table dummy;

Table dropped.

SQL> purge recyclebin;

Recyclebin purged.

SQL> 
SQL> ed
Wrote file afiedt.buf

  1  select last_name, job_id, salary,
  2  decode (job_id
  3  , 'ST_CLERK', salary*1.10
  4  , 'IT_PROG', salary*1.20,
  5  , 'ST_MAN', salary*1.30,
  6     salary)
  7  as incsal
  8* from employees
  9  /
, 'ST_MAN', salary*1.30,
*
ERROR at line 5:
ORA-00936: missing expression 


SQL> ed
Wrote file afiedt.buf

  1  select last_name, 
  2  job_id, 
  3  salary,
  4  decode (job_id, 
  5         'ST_CLERK', salary*1.10, 
  6         'IT_PROG', salary*1.20, 
  7         'ST_MAN', salary*1.30,
  8          salary) as incsal
  9* from employees
SQL> /

LAST_NAME                 JOB_ID         SALARY     INCSAL                                                                                                                                              
------------------------- ---------- ---------- ----------                                                                                                                                              
King                      AD_PRES         24000      24000                                                                                                                                              
Kochhar                   AD_VP           17000      17000                                                                                                                                              
De Haan                   AD_VP           17000      17000                                                                                                                                              
Hunold                    IT_PROG          9000      10800                                                                                                                                              
Ernst                     IT_PROG          6000       7200                                                                                                                                              
Austin                    IT_PROG          4800       5760                                                                                                                                              
Pataballa                 IT_PROG          4800       5760                                                                                                                                              
Lorentz                   IT_PROG          4200       5040                                                                                                                                              
Greenberg                 FI_MGR          12008      12008                                                                                                                                              
Faviet                    FI_ACCOUNT       9000       9000                                                                                                                                              
Chen                      FI_ACCOUNT       8200       8200                                                                                                                                              
Sciarra                   FI_ACCOUNT       7700       7700                                                                                                                                              
Urman                     FI_ACCOUNT       7800       7800                                                                                                                                              
Popp                      FI_ACCOUNT       6900       6900                                                                                                                                              
Raphaely                  PU_MAN          11000      11000                                                                                                                                              
Khoo                      PU_CLERK         3100       3100                                                                                                                                              
Baida                     PU_CLERK         2900       2900                                                                                                                                              
Tobias                    PU_CLERK         2800       2800                                                                                                                                              
Himuro                    PU_CLERK         2600       2600                                                                                                                                              
Colmenares                PU_CLERK         2500       2500                                                                                                                                              
Weiss                     ST_MAN           8000      10400                                                                                                                                              
Fripp                     ST_MAN           8200      10660                                                                                                                                              
Kaufling                  ST_MAN           7900      10270                                                                                                                                              
Vollman                   ST_MAN           6500       8450                                                                                                                                              
Mourgos                   ST_MAN           5800       7540                                                                                                                                              
Nayer                     ST_CLERK         3200       3520                                                                                                                                              
Mikkilineni               ST_CLERK         2700       2970                                                                                                                                              
Landry                    ST_CLERK         2400       2640                                                                                                                                              
Markle                    ST_CLERK         2200       2420                                                                                                                                              
Bissot                    ST_CLERK         3300       3630                                                                                                                                              
Atkinson                  ST_CLERK         2800       3080                                                                                                                                              
Marlow                    ST_CLERK         2500       2750                                                                                                                                              
Olson                     ST_CLERK         2100       2310                                                                                                                                              
Mallin                    ST_CLERK         3300       3630                                                                                                                                              
Rogers                    ST_CLERK         2900       3190                                                                                                                                              
Gee                       ST_CLERK         2400       2640                                                                                                                                              
Philtanker                ST_CLERK         2200       2420                                                                                                                                              
Ladwig                    ST_CLERK         3600       3960                                                                                                                                              
Stiles                    ST_CLERK         3200       3520                                                                                                                                              
Seo                       ST_CLERK         2700       2970                                                                                                                                              
Patel                     ST_CLERK         2500       2750                                                                                                                                              
Rajs                      ST_CLERK         3500       3850                                                                                                                                              
Davies                    ST_CLERK         3100       3410                                                                                                                                              
Matos                     ST_CLERK         2600       2860                                                                                                                                              
Vargas                    ST_CLERK         2500       2750                                                                                                                                              
Russell                   SA_MAN          14000      14000                                                                                                                                              
Partners                  SA_MAN          13500      13500                                                                                                                                              
Errazuriz                 SA_MAN          12000      12000                                                                                                                                              
Cambrault                 SA_MAN          11000      11000                                                                                                                                              
Zlotkey                   SA_MAN          10500      10500                                                                                                                                              
Tucker                    SA_REP          10000      10000                                                                                                                                              
Bernstein                 SA_REP           9500       9500                                                                                                                                              
Hall                      SA_REP           9000       9000                                                                                                                                              
Olsen                     SA_REP           8000       8000                                                                                                                                              
Cambrault                 SA_REP           7500       7500                                                                                                                                              
Tuvault                   SA_REP           7000       7000                                                                                                                                              
King                      SA_REP          10000      10000                                                                                                                                              
Sully                     SA_REP           9500       9500                                                                                                                                              
McEwen                    SA_REP           9000       9000                                                                                                                                              
Smith                     SA_REP           8000       8000                                                                                                                                              
Doran                     SA_REP           7500       7500                                                                                                                                              
Sewall                    SA_REP           7000       7000                                                                                                                                              
Vishney                   SA_REP          10500      10500                                                                                                                                              
Greene                    SA_REP           9500       9500                                                                                                                                              
Marvins                   SA_REP           7200       7200                                                                                                                                              
Lee                       SA_REP           6800       6800                                                                                                                                              
Ande                      SA_REP           6400       6400                                                                                                                                              
Banda                     SA_REP           6200       6200                                                                                                                                              
Ozer                      SA_REP          11500      11500                                                                                                                                              
Bloom                     SA_REP          10000      10000                                                                                                                                              
Fox                       SA_REP           9600       9600                                                                                                                                              
Smith                     SA_REP           7400       7400                                                                                                                                              
Bates                     SA_REP           7300       7300                                                                                                                                              
Kumar                     SA_REP           6100       6100                                                                                                                                              
Abel                      SA_REP          11000      11000                                                                                                                                              
Hutton                    SA_REP           8800       8800                                                                                                                                              
Taylor                    SA_REP           8600       8600                                                                                                                                              
Livingston                SA_REP           8400       8400                                                                                                                                              
Grant                     SA_REP           7000       7000                                                                                                                                              
Johnson                   SA_REP           6200       6200                                                                                                                                              
Taylor                    SH_CLERK         3200       3200                                                                                                                                              
Fleaur                    SH_CLERK         3100       3100                                                                                                                                              
Sullivan                  SH_CLERK         2500       2500                                                                                                                                              
Geoni                     SH_CLERK         2800       2800                                                                                                                                              
Sarchand                  SH_CLERK         4200       4200                                                                                                                                              
Bull                      SH_CLERK         4100       4100                                                                                                                                              
Dellinger                 SH_CLERK         3400       3400                                                                                                                                              
Cabrio                    SH_CLERK         3000       3000                                                                                                                                              
Chung                     SH_CLERK         3800       3800                                                                                                                                              
Dilly                     SH_CLERK         3600       3600                                                                                                                                              
Gates                     SH_CLERK         2900       2900                                                                                                                                              
Perkins                   SH_CLERK         2500       2500                                                                                                                                              
Bell                      SH_CLERK         4000       4000                                                                                                                                              
Everett                   SH_CLERK         3900       3900                                                                                                                                              
McCain                    SH_CLERK         3200       3200                                                                                                                                              
Jones                     SH_CLERK         2800       2800                                                                                                                                              
Walsh                     SH_CLERK         3100       3100                                                                                                                                              
Feeney                    SH_CLERK         3000       3000                                                                                                                                              
OConnell                  SH_CLERK         2600       2600                                                                                                                                              
Grant                     SH_CLERK         2600       2600                                                                                                                                              
Whalen                    AD_ASST          4400       4400                                                                                                                                              
Hartstein                 MK_MAN          13000      13000                                                                                                                                              
Fay                       MK_REP           6000       6000                                                                                                                                              
Mavris                    HR_REP           6500       6500                                                                                                                                              
Baer                      PR_REP          10000      10000                                                                                                                                              
Higgins                   AC_MGR          12008      12008                                                                                                                                              
Gietz                     AC_ACCOUNT       8300       8300                                                                                                                                              

107 rows selected.

SQL> spool off
