SQL> begin
  2  dbms_output.put_lines('This is PL SQL Demo');
  3  end;
  4  /
dbms_output.put_lines('This is PL SQL Demo');
            *
ERROR at line 2:
ORA-06550: line 2, column 13: 
PLS-00302: component 'PUT_LINES' must be declared 
ORA-06550: line 2, column 1: 
PL/SQL: Statement ignored 


SQL> set serveroutput on
SQL> begin
  2  dbms_output.put_line('This is PL SQL Demo');
  3  end;
  4  /
This is PL SQL Demo                                                                                                                                                                                                                                                                                                                                                                                                                                                                                                 

PL/SQL procedure successfully completed.

SQL> /
This is PL SQL Demo                                                                                                                                                                                                                                                                                                                                                                                                                                                                                                 

PL/SQL procedure successfully completed.

SQL> ed
Wrote file afiedt.buf

  1  declare
  2  num1 numeric(3):=10;
  3  num2 numeric(3):=40;
  4  num3 numeric(3);
  5  begin
  6  num3:=num1+num2;
  7  dbms_output.put_line('Sum of nums = '|| to_char(num3));
  8* end;
SQL> /
Sum of nums = 50                                                                                                                                                                                                                                                                                                                                                                                                                                                                                                    

PL/SQL procedure successfully completed.

SQL> ed
Wrote file afiedt.buf

  1  declare
  2  sal number(8,2);
  3  begin
  4  select salary into sal from employees 
  5  where employee_id=100;
  6  dbms_output.put_line('Salary = ' || to_char(sal));
  7* end;
SQL> /
Salary = 24000                                                                                                                                                                                                                                                                                                                                                                                                                                                                                                      

PL/SQL procedure successfully completed.

SQL> ed
Wrote file afiedt.buf

  1  declare -- declare section
  2  sal number(8,2);
  3  begin 	-- exe section
  4  select salary into sal from employees 
  5  where employee_id=100;
  6  dbms_output.put_line('Salary = ' || to_char(sal));
  7* end;
  8  /
Salary = 24000                                                                                                                                                                                                                                                                                                                                                                                                                                                                                                      

PL/SQL procedure successfully completed.

SQL> ed
Wrote file afiedt.buf

  1  declare -- declare section
  2  sal number(8,2);
  3  name varchar2(20);
  4  begin 	-- exe section
  5  select last_name, salary into name, sal from employees 
  6  where employee_id=100;
  7  dbms_output.put_line('Salary of ' ||name || ' is ' || to_char(sal));
  8* end;
SQL> /
Salary of King is 24000                                                                                                                                                                                                                                                                                                                                                                                                                                                                                             

PL/SQL procedure successfully completed.

SQL> ed
Wrote file afiedt.buf

  1  declare -- declare section
  2  sal number(8,2);
  3  name varchar2(20);
  4  begin 	-- exe section
  5  /*select statement */
  6  select last_name, salary into name, sal from employees 
  7  where employee_id=100;
  8  dbms_output.put_line('Salary of ' ||name || ' is ' || to_char(sal));
  9* end;
SQL> /
Salary of King is 24000                                                                                                                                                                                                                                                                                                                                                                                                                                                                                             

PL/SQL procedure successfully completed.

SQL> ed
Wrote file afiedt.buf

  1  declare 
  2  sal employees.salary%type;
  3  name employees.last_name%type;
  4  begin 	
  5  select last_name, salary into name, sal from employees 
  6  where employee_id=100;
  7  dbms_output.put_line('Salary of ' ||name || ' is ' || to_char(sal));
  8* end;
SQL> /
Salary of King is 24000                                                                                                                                                                                                                                                                                                                                                                                                                                                                                             

PL/SQL procedure successfully completed.

SQL> ed
Wrote file afiedt.buf

  1  declare 
  2  sal employees.salary%type;
  3  name employees.last_name%type;
  4  begin 	
  5  select last_name, salary into name, sal from employees;
  6  dbms_output.put_line('Salary of ' ||name || ' is ' || to_char(sal));
  7* end;
SQL> /
declare 
*
ERROR at line 1:
ORA-01422: exact fetch returns more than requested number of rows 
ORA-06512: at line 5 


SQL> conn hr/hr@xepdb1
Connected.
SQL> desc emp;
 Name                                                                                                                                                                                                                                                                                                  Null?    Type
 ----------------------------------------------------------------------------------------------------------------------------------------------------------------------------------------------------------------------------------------------------------------------------------------------------- -------- ----------------------------------------------------------------------------------------------------------------------------------------------------------------------------------------------------
 EID                                                                                                                                                                                                                                                                                                            NUMBER(3)
 NAME                                                                                                                                                                                                                                                                                                           VARCHAR2(10)
 SAL                                                                                                                                                                                                                                                                                                            NUMBER(8,2)
 HIREDATE                                                                                                                                                                                                                                                                                                       DATE
 DID                                                                                                                                                                                                                                                                                                            NUMBER(3)

SQL> select * from employees;

EMPLOYEE_ID FIRST_NAME           LAST_NAME                 EMAIL                     PHONE_NUMBER         HIRE_DATE JOB_ID         SALARY COMMISSION_PCT MANAGER_ID DEPARTMENT_ID                                                                                                                                                                                                                                                                                                                                   
----------- -------------------- ------------------------- ------------------------- -------------------- --------- ---------- ---------- -------------- ---------- -------------                                                                                                                                                                                                                                                                                                                                   
        100 Steven               King                      SKING                     515.123.4567         17-JUN-03 AD_PRES         24000                                      90                                                                                                                                                                                                                                                                                                                                   
        101 Neena                Kochhar                   NKOCHHAR                  515.123.4568         21-SEP-05 AD_VP           17000                       100            90                                                                                                                                                                                                                                                                                                                                   
        102 Lex                  De Haan                   LDEHAAN                   515.123.4569         13-JAN-01 AD_VP           17000                       100            90                                                                                                                                                                                                                                                                                                                                   
        103 Alexander            Hunold                    AHUNOLD                   590.423.4567         03-JAN-06 IT_PROG          9000                       102            60                                                                                                                                                                                                                                                                                                                                   
        104 Bruce                Ernst                     BERNST                    590.423.4568         21-MAY-07 IT_PROG          6000                       103            60                                                                                                                                                                                                                                                                                                                                   
        105 David                Austin                    DAUSTIN                   590.423.4569         25-JUN-05 IT_PROG          4800                       103            60                                                                                                                                                                                                                                                                                                                                   
        106 Valli                Pataballa                 VPATABAL                  590.423.4560         05-FEB-06 IT_PROG          4800                       103            60                                                                                                                                                                                                                                                                                                                                   
        107 Diana                Lorentz                   DLORENTZ                  590.423.5567         07-FEB-07 IT_PROG          4200                       103            60                                                                                                                                                                                                                                                                                                                                   
        108 Nancy                Greenberg                 NGREENBE                  515.124.4569         17-AUG-02 FI_MGR          12008                       101           100                                                                                                                                                                                                                                                                                                                                   
        109 Daniel               Faviet                    DFAVIET                   515.124.4169         16-AUG-02 FI_ACCOUNT       9000                       108           100                                                                                                                                                                                                                                                                                                                                   
        110 John                 Chen                      JCHEN                     515.124.4269         28-SEP-05 FI_ACCOUNT       8200                       108           100                                                                                                                                                                                                                                                                                                                                   
        111 Ismael               Sciarra                   ISCIARRA                  515.124.4369         30-SEP-05 FI_ACCOUNT       7700                       108           100                                                                                                                                                                                                                                                                                                                                   
        112 Jose Manuel          Urman                     JMURMAN                   515.124.4469         07-MAR-06 FI_ACCOUNT       7800                       108           100                                                                                                                                                                                                                                                                                                                                   
        113 Luis                 Popp                      LPOPP                     515.124.4567         07-DEC-07 FI_ACCOUNT       6900                       108           100                                                                                                                                                                                                                                                                                                                                   
        114 Den                  Raphaely                  DRAPHEAL                  515.127.4561         07-DEC-02 PU_MAN          11000                       100            30                                                                                                                                                                                                                                                                                                                                   
        115 Alexander            Khoo                      AKHOO                     515.127.4562         18-MAY-03 PU_CLERK         3100                       114            30                                                                                                                                                                                                                                                                                                                                   
        116 Shelli               Baida                     SBAIDA                    515.127.4563         24-DEC-05 PU_CLERK         2900                       114            30                                                                                                                                                                                                                                                                                                                                   
        117 Sigal                Tobias                    STOBIAS                   515.127.4564         24-JUL-05 PU_CLERK         2800                       114            30                                                                                                                                                                                                                                                                                                                                   
        118 Guy                  Himuro                    GHIMURO                   515.127.4565         15-NOV-06 PU_CLERK         2600                       114            30                                                                                                                                                                                                                                                                                                                                   
        119 Karen                Colmenares                KCOLMENA                  515.127.4566         10-AUG-07 PU_CLERK         2500                       114            30                                                                                                                                                                                                                                                                                                                                   
        120 Matthew              Weiss                     MWEISS                    650.123.1234         18-JUL-04 ST_MAN           8000                       100            50                                                                                                                                                                                                                                                                                                                                   
        121 Adam                 Fripp                     AFRIPP                    650.123.2234         10-APR-05 ST_MAN           8200                       100            50                                                                                                                                                                                                                                                                                                                                   
        122 Payam                Kaufling                  PKAUFLIN                  650.123.3234         01-MAY-03 ST_MAN           7900                       100            50                                                                                                                                                                                                                                                                                                                                   
        123 Shanta               Vollman                   SVOLLMAN                  650.123.4234         10-OCT-05 ST_MAN           6500                       100            50                                                                                                                                                                                                                                                                                                                                   
        124 Kevin                Mourgos                   KMOURGOS                  650.123.5234         16-NOV-07 ST_MAN           5800                       100            50                                                                                                                                                                                                                                                                                                                                   
        125 Julia                Nayer                     JNAYER                    650.124.1214         16-JUL-05 ST_CLERK         3200                       120            50                                                                                                                                                                                                                                                                                                                                   
        126 Irene                Mikkilineni               IMIKKILI                  650.124.1224         28-SEP-06 ST_CLERK         2700                       120            50                                                                                                                                                                                                                                                                                                                                   
        127 James                Landry                    JLANDRY                   650.124.1334         14-JAN-07 ST_CLERK         2400                       120            50                                                                                                                                                                                                                                                                                                                                   
        128 Steven               Markle                    SMARKLE                   650.124.1434         08-MAR-08 ST_CLERK         2200                       120            50                                                                                                                                                                                                                                                                                                                                   
        129 Laura                Bissot                    LBISSOT                   650.124.5234         20-AUG-05 ST_CLERK         3300                       121            50                                                                                                                                                                                                                                                                                                                                   
        130 Mozhe                Atkinson                  MATKINSO                  650.124.6234         30-OCT-05 ST_CLERK         2800                       121            50                                                                                                                                                                                                                                                                                                                                   
        131 James                Marlow                    JAMRLOW                   650.124.7234         16-FEB-05 ST_CLERK         2500                       121            50                                                                                                                                                                                                                                                                                                                                   
        132 TJ                   Olson                     TJOLSON                   650.124.8234         10-APR-07 ST_CLERK         2100                       121            50                                                                                                                                                                                                                                                                                                                                   
        133 Jason                Mallin                    JMALLIN                   650.127.1934         14-JUN-04 ST_CLERK         3300                       122            50                                                                                                                                                                                                                                                                                                                                   
        134 Michael              Rogers                    MROGERS                   650.127.1834         26-AUG-06 ST_CLERK         2900                       122            50                                                                                                                                                                                                                                                                                                                                   
        135 Ki                   Gee                       KGEE                      650.127.1734         12-DEC-07 ST_CLERK         2400                       122            50                                                                                                                                                                                                                                                                                                                                   
        136 Hazel                Philtanker                HPHILTAN                  650.127.1634         06-FEB-08 ST_CLERK         2200                       122            50                                                                                                                                                                                                                                                                                                                                   
        137 Renske               Ladwig                    RLADWIG                   650.121.1234         14-JUL-03 ST_CLERK         3600                       123            50                                                                                                                                                                                                                                                                                                                                   
        138 Stephen              Stiles                    SSTILES                   650.121.2034         26-OCT-05 ST_CLERK         3200                       123            50                                                                                                                                                                                                                                                                                                                                   
        139 John                 Seo                       JSEO                      650.121.2019         12-FEB-06 ST_CLERK         2700                       123            50                                                                                                                                                                                                                                                                                                                                   
        140 Joshua               Patel                     JPATEL                    650.121.1834         06-APR-06 ST_CLERK         2500                       123            50                                                                                                                                                                                                                                                                                                                                   
        141 Trenna               Rajs                      TRAJS                     650.121.8009         17-OCT-03 ST_CLERK         3500                       124            50                                                                                                                                                                                                                                                                                                                                   
        142 Curtis               Davies                    CDAVIES                   650.121.2994         29-JAN-05 ST_CLERK         3100                       124            50                                                                                                                                                                                                                                                                                                                                   
        143 Randall              Matos                     RMATOS                    650.121.2874         15-MAR-06 ST_CLERK         2600                       124            50                                                                                                                                                                                                                                                                                                                                   
        144 Peter                Vargas                    PVARGAS                   650.121.2004         09-JUL-06 ST_CLERK         2500                       124            50                                                                                                                                                                                                                                                                                                                                   
        145 John                 Russell                   JRUSSEL                   011.44.1344.429268   01-OCT-04 SA_MAN          14000             .4        100            80                                                                                                                                                                                                                                                                                                                                   
        146 Karen                Partners                  KPARTNER                  011.44.1344.467268   05-JAN-05 SA_MAN          13500             .3        100            80                                                                                                                                                                                                                                                                                                                                   
        147 Alberto              Errazuriz                 AERRAZUR                  011.44.1344.429278   10-MAR-05 SA_MAN          12000             .3        100            80                                                                                                                                                                                                                                                                                                                                   
        148 Gerald               Cambrault                 GCAMBRAU                  011.44.1344.619268   15-OCT-07 SA_MAN          11000             .3        100            80                                                                                                                                                                                                                                                                                                                                   
        149 Eleni                Zlotkey                   EZLOTKEY                  011.44.1344.429018   29-JAN-08 SA_MAN          10500             .2        100            80                                                                                                                                                                                                                                                                                                                                   
        150 Peter                Tucker                    PTUCKER                   011.44.1344.129268   30-JAN-05 SA_REP          10000             .3        145            80                                                                                                                                                                                                                                                                                                                                   
        151 David                Bernstein                 DBERNSTE                  011.44.1344.345268   24-MAR-05 SA_REP           9500            .25        145            80                                                                                                                                                                                                                                                                                                                                   
        152 Peter                Hall                      PHALL                     011.44.1344.478968   20-AUG-05 SA_REP           9000            .25        145            80                                                                                                                                                                                                                                                                                                                                   
        153 Christopher          Olsen                     COLSEN                    011.44.1344.498718   30-MAR-06 SA_REP           8000             .2        145            80                                                                                                                                                                                                                                                                                                                                   
        154 Nanette              Cambrault                 NCAMBRAU                  011.44.1344.987668   09-DEC-06 SA_REP           7500             .2        145            80                                                                                                                                                                                                                                                                                                                                   
        155 Oliver               Tuvault                   OTUVAULT                  011.44.1344.486508   23-NOV-07 SA_REP           7000            .15        145            80                                                                                                                                                                                                                                                                                                                                   
        156 Janette              King                      JKING                     011.44.1345.429268   30-JAN-04 SA_REP          10000            .35        146            80                                                                                                                                                                                                                                                                                                                                   
        157 Patrick              Sully                     PSULLY                    011.44.1345.929268   04-MAR-04 SA_REP           9500            .35        146            80                                                                                                                                                                                                                                                                                                                                   
        158 Allan                McEwen                    AMCEWEN                   011.44.1345.829268   01-AUG-04 SA_REP           9000            .35        146            80                                                                                                                                                                                                                                                                                                                                   
        159 Lindsey              Smith                     LSMITH                    011.44.1345.729268   10-MAR-05 SA_REP           8000             .3        146            80                                                                                                                                                                                                                                                                                                                                   
        160 Louise               Doran                     LDORAN                    011.44.1345.629268   15-DEC-05 SA_REP           7500             .3        146            80                                                                                                                                                                                                                                                                                                                                   
        161 Sarath               Sewall                    SSEWALL                   011.44.1345.529268   03-NOV-06 SA_REP           7000            .25        146            80                                                                                                                                                                                                                                                                                                                                   
        162 Clara                Vishney                   CVISHNEY                  011.44.1346.129268   11-NOV-05 SA_REP          10500            .25        147            80                                                                                                                                                                                                                                                                                                                                   
        163 Danielle             Greene                    DGREENE                   011.44.1346.229268   19-MAR-07 SA_REP           9500            .15        147            80                                                                                                                                                                                                                                                                                                                                   
        164 Mattea               Marvins                   MMARVINS                  011.44.1346.329268   24-JAN-08 SA_REP           7200             .1        147            80                                                                                                                                                                                                                                                                                                                                   
        165 David                Lee                       DLEE                      011.44.1346.529268   23-FEB-08 SA_REP           6800             .1        147            80                                                                                                                                                                                                                                                                                                                                   
        166 Sundar               Ande                      SANDE                     011.44.1346.629268   24-MAR-08 SA_REP           6400             .1        147            80                                                                                                                                                                                                                                                                                                                                   
        167 Amit                 Banda                     ABANDA                    011.44.1346.729268   21-APR-08 SA_REP           6200             .1        147            80                                                                                                                                                                                                                                                                                                                                   
        168 Lisa                 Ozer                      LOZER                     011.44.1343.929268   11-MAR-05 SA_REP          11500            .25        148            80                                                                                                                                                                                                                                                                                                                                   
        169 Harrison             Bloom                     HBLOOM                    011.44.1343.829268   23-MAR-06 SA_REP          10000             .2        148            80                                                                                                                                                                                                                                                                                                                                   
        170 Tayler               Fox                       TFOX                      011.44.1343.729268   24-JAN-06 SA_REP           9600             .2        148            80                                                                                                                                                                                                                                                                                                                                   
        171 William              Smith                     WSMITH                    011.44.1343.629268   23-FEB-07 SA_REP           7400            .15        148            80                                                                                                                                                                                                                                                                                                                                   
        172 Elizabeth            Bates                     EBATES                    011.44.1343.529268   24-MAR-07 SA_REP           7300            .15        148            80                                                                                                                                                                                                                                                                                                                                   
        173 Sundita              Kumar                     SKUMAR                    011.44.1343.329268   21-APR-08 SA_REP           6100             .1        148            80                                                                                                                                                                                                                                                                                                                                   
        174 Ellen                Abel                      EABEL                     011.44.1644.429267   11-MAY-04 SA_REP          11000             .3        149            80                                                                                                                                                                                                                                                                                                                                   
        175 Alyssa               Hutton                    AHUTTON                   011.44.1644.429266   19-MAR-05 SA_REP           8800            .25        149            80                                                                                                                                                                                                                                                                                                                                   
        176 Jonathon             Taylor                    JTAYLOR                   011.44.1644.429265   24-MAR-06 SA_REP           8600             .2        149            80                                                                                                                                                                                                                                                                                                                                   
        177 Jack                 Livingston                JLIVINGS                  011.44.1644.429264   23-APR-06 SA_REP           8400             .2        149            80                                                                                                                                                                                                                                                                                                                                   
        178 Kimberely            Grant                     KGRANT                    011.44.1644.429263   24-MAY-07 SA_REP           7000            .15        149                                                                                                                                                                                                                                                                                                                                                 
        179 Charles              Johnson                   CJOHNSON                  011.44.1644.429262   04-JAN-08 SA_REP           6200             .1        149            80                                                                                                                                                                                                                                                                                                                                   
        180 Winston              Taylor                    WTAYLOR                   650.507.9876         24-JAN-06 SH_CLERK         3200                       120            50                                                                                                                                                                                                                                                                                                                                   
        181 Jean                 Fleaur                    JFLEAUR                   650.507.9877         23-FEB-06 SH_CLERK         3100                       120            50                                                                                                                                                                                                                                                                                                                                   
        182 Martha               Sullivan                  MSULLIVA                  650.507.9878         21-JUN-07 SH_CLERK         2500                       120            50                                                                                                                                                                                                                                                                                                                                   
        183 Girard               Geoni                     GGEONI                    650.507.9879         03-FEB-08 SH_CLERK         2800                       120            50                                                                                                                                                                                                                                                                                                                                   
        184 Nandita              Sarchand                  NSARCHAN                  650.509.1876         27-JAN-04 SH_CLERK         4200                       121            50                                                                                                                                                                                                                                                                                                                                   
        185 Alexis               Bull                      ABULL                     650.509.2876         20-FEB-05 SH_CLERK         4100                       121            50                                                                                                                                                                                                                                                                                                                                   
        186 Julia                Dellinger                 JDELLING                  650.509.3876         24-JUN-06 SH_CLERK         3400                       121            50                                                                                                                                                                                                                                                                                                                                   
        187 Anthony              Cabrio                    ACABRIO                   650.509.4876         07-FEB-07 SH_CLERK         3000                       121            50                                                                                                                                                                                                                                                                                                                                   
        188 Kelly                Chung                     KCHUNG                    650.505.1876         14-JUN-05 SH_CLERK         3800                       122            50                                                                                                                                                                                                                                                                                                                                   
        189 Jennifer             Dilly                     JDILLY                    650.505.2876         13-AUG-05 SH_CLERK         3600                       122            50                                                                                                                                                                                                                                                                                                                                   
        190 Timothy              Gates                     TGATES                    650.505.3876         11-JUL-06 SH_CLERK         2900                       122            50                                                                                                                                                                                                                                                                                                                                   
        191 Randall              Perkins                   RPERKINS                  650.505.4876         19-DEC-07 SH_CLERK         2500                       122            50                                                                                                                                                                                                                                                                                                                                   
        192 Sarah                Bell                      SBELL                     650.501.1876         04-FEB-04 SH_CLERK         4000                       123            50                                                                                                                                                                                                                                                                                                                                   
        193 Britney              Everett                   BEVERETT                  650.501.2876         03-MAR-05 SH_CLERK         3900                       123            50                                                                                                                                                                                                                                                                                                                                   
        194 Samuel               McCain                    SMCCAIN                   650.501.3876         01-JUL-06 SH_CLERK         3200                       123            50                                                                                                                                                                                                                                                                                                                                   
        195 Vance                Jones                     VJONES                    650.501.4876         17-MAR-07 SH_CLERK         2800                       123            50                                                                                                                                                                                                                                                                                                                                   
        196 Alana                Walsh                     AWALSH                    650.507.9811         24-APR-06 SH_CLERK         3100                       124            50                                                                                                                                                                                                                                                                                                                                   
        197 Kevin                Feeney                    KFEENEY                   650.507.9822         23-MAY-06 SH_CLERK         3000                       124            50                                                                                                                                                                                                                                                                                                                                   
        198 Donald               OConnell                  DOCONNEL                  650.507.9833         21-JUN-07 SH_CLERK         2600                       124            50                                                                                                                                                                                                                                                                                                                                   
        199 Douglas              Grant                     DGRANT                    650.507.9844         13-JAN-08 SH_CLERK         2600                       124            50                                                                                                                                                                                                                                                                                                                                   
        200 Jennifer             Whalen                    JWHALEN                   515.123.4444         17-SEP-03 AD_ASST          4400                       101            10                                                                                                                                                                                                                                                                                                                                   
        201 Michael              Hartstein                 MHARTSTE                  515.123.5555         17-FEB-04 MK_MAN          13000                       100            20                                                                                                                                                                                                                                                                                                                                   
        202 Pat                  Fay                       PFAY                      603.123.6666         17-AUG-05 MK_REP           6000                       201            20                                                                                                                                                                                                                                                                                                                                   
        203 Susan                Mavris                    SMAVRIS                   515.123.7777         07-JUN-02 HR_REP           6500                       101            40                                                                                                                                                                                                                                                                                                                                   
        204 Hermann              Baer                      HBAER                     515.123.8888         07-JUN-02 PR_REP          10000                       101            70                                                                                                                                                                                                                                                                                                                                   
        205 Shelley              Higgins                   SHIGGINS                  515.123.8080         07-JUN-02 AC_MGR          12008                       101           110                                                                                                                                                                                                                                                                                                                                   
        206 William              Gietz                     WGIETZ                    515.123.8181         07-JUN-02 AC_ACCOUNT       8300                       205           110                                                                                                                                                                                                                                                                                                                                   

107 rows selected.

SQL> select * from emp;

no rows selected

SQL> ed
Wrote file afiedt.buf

  1  declare
  2  begin
  3  insert into emp values(101, 'James', 35000, '12-jan-1997', 10)
  4  commit;
  5* end;
  6  /
commit;
*
ERROR at line 4:
ORA-06550: line 3, column 64: 
PL/SQL: ORA-00933: SQL command not properly ended 
ORA-06550: line 3, column 1: 
PL/SQL: SQL Statement ignored 


SQL> ed
Wrote file afiedt.buf

  1  declare
  2  begin
  3  insert into emp values(101, 'James', 35000, '12-jan-1997', 10)
  4  commit;
  5* end;
SQL> /
commit;
*
ERROR at line 4:
ORA-06550: line 3, column 64: 
PL/SQL: ORA-00933: SQL command not properly ended 
ORA-06550: line 3, column 1: 
PL/SQL: SQL Statement ignored 


SQL> ed
Wrote file afiedt.buf

  1  declare
  2  begin
  3  insert into emp values(101, 'James', 35000, '12-jan-1997', 10);
  4  commit;
  5* end;
SQL> /

PL/SQL procedure successfully completed.

SQL> ed
Wrote file afiedt.buf

  1  declare
  2  begin
  3  update emp set name='james bond' where eid=101;
  4* commit;
SQL> /
commit;
      *
ERROR at line 4:
ORA-06550: line 4, column 7: 
PLS-00103: Encountered the symbol "end-of-file" when expecting one of the following: 
( begin case declare end exception exit for goto if loop mod 
null pragma raise return select update while with 
<an identifier> <a double-quoted delimited-identifier> 
<a bind variable> << continue close current delete fetch lock 
insert open rollback savepoint set sql execute commit forall 
merge standard pipe purge json_object 


SQL> ed
Wrote file afiedt.buf

  1  declare
  2  begin
  3  update emp set name='james bond' where eid=101;
  4* commit;
SQL> select * from emp;

       EID NAME              SAL HIREDATE         DID                                                                                                                                                                                                                                                                                                                                                                                                                                                               
---------- ---------- ---------- --------- ----------                                                                                                                                                                                                                                                                                                                                                                                                                                                               
       101 James           35000 12-JAN-97         10                                                                                                                                                                                                                                                                                                                                                                                                                                                               

SQL> delete from emp;

1 row deleted.

SQL> ed
Wrote file afiedt.buf

  1  begin
  2  create table dept(id number(3), dname varchar2(10), loc varchar2(10));
  3* end;
SQL> /
create table dept(id number(3), dname varchar2(10), loc varchar2(10));
*
ERROR at line 2:
ORA-06550: line 2, column 1: 
PLS-00103: Encountered the symbol "CREATE" when expecting one of the following: 
( begin case declare exit for goto if loop mod null pragma 
raise return select update while with <an identifier> 
<a double-quoted delimited-identifier> <a bind variable> << 
continue close current delete fetch lock insert open rollback 
savepoint set sql execute commit forall merge standard pipe 
purge json_object 


SQL> ed
Wrote file afiedt.buf

  1  begin
  2  execute immediate 'create table dept(id number(3), dname varchar2(10), loc varchar2(10))';
  3* end;
SQL> /

PL/SQL procedure successfully completed.

SQL> select * from tab;

TNAME                                                                                                                            TABTYPE        CLUSTERID                                                                                                                                                                                                                                                                                                                                                           
-------------------------------------------------------------------------------------------------------------------------------- ------------- ----------                                                                                                                                                                                                                                                                                                                                                           
SALGRADE                                                                                                                         TABLE                                                                                                                                                                                                                                                                                                                                                                              
MALEEMP                                                                                                                          TABLE                                                                                                                                                                                                                                                                                                                                                                              
FEMALEEMP                                                                                                                        TABLE                                                                                                                                                                                                                                                                                                                                                                              
DUMMYEMP                                                                                                                         TABLE                                                                                                                                                                                                                                                                                                                                                                              
REGIONS                                                                                                                          TABLE                                                                                                                                                                                                                                                                                                                                                                              
COUNTRIES                                                                                                                        TABLE                                                                                                                                                                                                                                                                                                                                                                              
LOCATIONS                                                                                                                        TABLE                                                                                                                                                                                                                                                                                                                                                                              
DEPARTMENTS                                                                                                                      TABLE                                                                                                                                                                                                                                                                                                                                                                              
JOBS                                                                                                                             TABLE                                                                                                                                                                                                                                                                                                                                                                              
EMPLOYEES                                                                                                                        TABLE                                                                                                                                                                                                                                                                                                                                                                              
JOB_HISTORY                                                                                                                      TABLE                                                                                                                                                                                                                                                                                                                                                                              
EMP_DETAILS_VIEW                                                                                                                 VIEW                                                                                                                                                                                                                                                                                                                                                                               
DEPT60VIEW                                                                                                                       VIEW                                                                                                                                                                                                                                                                                                                                                                               
DEPT80VIEW                                                                                                                       VIEW                                                                                                                                                                                                                                                                                                                                                                               
ASALVIEW                                                                                                                         VIEW                                                                                                                                                                                                                                                                                                                                                                               
ASALVIEW2                                                                                                                        VIEW                                                                                                                                                                                                                                                                                                                                                                               
DUMMYEMP2                                                                                                                        TABLE                                                                                                                                                                                                                                                                                                                                                                              
EDUMMY                                                                                                                           TABLE                                                                                                                                                                                                                                                                                                                                                                              
DDUMMY                                                                                                                           TABLE                                                                                                                                                                                                                                                                                                                                                                              
SALREPORTS                                                                                                                       VIEW                                                                                                                                                                                                                                                                                                                                                                               
TEST                                                                                                                             TABLE                                                                                                                                                                                                                                                                                                                                                                              
TESTVIEW                                                                                                                         VIEW                                                                                                                                                                                                                                                                                                                                                                               
D60                                                                                                                              VIEW                                                                                                                                                                                                                                                                                                                                                                               
ONLYNAME                                                                                                                         VIEW                                                                                                                                                                                                                                                                                                                                                                               
EMP                                                                                                                              TABLE                                                                                                                                                                                                                                                                                                                                                                              
DEPT                                                                                                                             TABLE                                                                                                                                                                                                                                                                                                                                                                              

26 rows selected.

SQL> define eid=101
SQL> print eid
SP2-0552: Bind variable "EID" not declared.
SQL> declare
  2  empno employees.employee_id%type := &eid;
  3  name employees.last_name%type;
  4  begin
  5  select last_name into name from employees where employee_id=empno;
  6  dbms_output.put_line('Name of Employee is ' || name);
  7  end;
  8  /
old   2: empno employees.employee_id%type := &eid;
new   2: empno employees.employee_id%type := 101;

PL/SQL procedure successfully completed.

SQL> /
old   2: empno employees.employee_id%type := &eid;
new   2: empno employees.employee_id%type := 101;

PL/SQL procedure successfully completed.

SQL> ed
Wrote file afiedt.buf

  1  declare
  2  empno employees.employee_id%type := to_number(&eid);
  3  name employees.last_name%type;
  4  begin
  5  select last_name into name from employees where employee_id=empno;
  6  dbms_output.put_line('Name of Employee is ' || name);
  7* end;
SQL> set serveroutput on
SQL> /
old   2: empno employees.employee_id%type := to_number(&eid);
new   2: empno employees.employee_id%type := to_number(101);
Name of Employee is Kochhar                                                                                                                                                                                                                                                                                                                                                                                                                                                                                         

PL/SQL procedure successfully completed.

SQL> spool off
SQL> ed
Wrote file afiedt.buf

  1  declare
  2  empno employees.employee_id%type := to_number(&eid);
  3  name employees.last_name%type;
  4  begin
  5  select last_name into name from employees where employee_id=empno;
  6  dbms_output.put_line('Name of Employee is ' || name);
  7* end;
SQL> show all;
appinfo is OFF and set to "SQL*Plus"
arraysize 15
autocommit OFF
autoprint OFF
autorecovery OFF
autotrace OFF
blockterminator "." (hex 2e)
btitle OFF and is the first few characters of the next SELECT statement
cmdsep OFF
colinvisible OFF
coljson OFF
colsep " "
compatibility version NATIVE
concat "." (hex 2e)
copycommit 0
COPYTYPECHECK is ON
define "&" (hex 26)
describe DEPTH 1 LINENUM OFF INDENT ON
echo OFF
editfile "afiedt.buf"
embedded OFF
errorlogging is OFF
escape OFF
escchar OFF
exitcommit ON
FEEDBACK ON for 6 or more rows SQL_ID OFF
flagger OFF
flush ON
fullcolname OFF
heading ON
headsep "|" (hex 7c)
history is OFF
instance "local"
jsonprint NORMAL
linesize 500
lno 41
loboffset 1
lobprefetch 0
logsource ""
long 80
longchunksize 80
markup HTML OFF HEAD "<style type='text/css'> body {font:10pt Arial,Helvetica,sans-serif; color:black; background:White;} p {font:10pt Arial,Helvetica,sans-serif; color:black; background:White;} table,tr,td {font:10pt Arial,Helvetica,sans-serif; color:Black; background:#f7f7e7; padding:0px 0px 0px 0px; margin:0px 0px 0px 0px;} th {font:bold 10pt Arial,Helvetica,sans-serif; color:#336699; background:#cccc99; padding:0px 0px 0px 0px;} h1 {font:16pt Arial,Helvetica,Geneva,sans-serif; color:#336699; background-color:White; border-bottom:1px solid #cccc99; margin-top:0pt; margin-bottom:0pt; padding:0px 0px 0px 0px;-
} h2 {font:bold 10pt Arial,Helvetica,Geneva,sans-serif; color:#336699; background-color:White; margin-top:4pt; margin-bottom:0pt;} a {font:9pt Arial,Helvetica,sans-serif; color:#663300; background:#ffffff; margin-top:0pt; margin-bottom:0pt; vertical-align:top;}</style><title>SQL*Plus Report</title>" BODY "" TABLE "border='1' width='90%' align='center' summary='Script output'" SPOOL OFF ENTMAP ON PREFORMAT OFF
markup CSV OFF DELIMITER , QUOTE ON
newpage 1
null ""
numformat ""
numwidth 10
pagesize 150
PAUSE is OFF
pno 1
recsep WRAP
recsepchar " " (hex 20)
release 2103000000
repfooter OFF and is NULL
repheader OFF and is NULL
rowlimit OFF
rowprefetch 1
securedcol is OFF
serveroutput ON SIZE UNLIMITED FORMAT WORD_WRAPPED
shiftinout INVISIBLE
showmode OFF
spool ON
sqlblanklines OFF
sqlcase MIXED
sqlcode 0
sqlcontinue "> "
sqlnumber ON
sqlpluscompatibility 21.0.0
sqlprefix "#" (hex 23)
sqlprompt "SQL> "
sqlterminator ";" (hex 3b)
statementcache is 0
suffix "sql"
tab ON
termout ON
timing OFF
trimout ON
trimspool OFF
ttitle OFF and is the first few characters of the next SELECT statement
underline "-" (hex 2d)
USER is "HR"
verify ON
wrap : lines will be wrapped
xmloptimizationcheck OFF
SQL> 
SQL> set verify off
SQL> spool off
SQL> define eid=100
SQL> variable namevrchar2(30)
SP2-0552: Bind variable "namevrchar2" not declared.
SQL> variable namevarchar2(30)
SP2-0552: Bind variable "namevarchar2" not declared.
SQL> variable name varchar2(30)
SQL> set serveroutput
SP2-0265: serveroutput must be set ON or OFF
SQL> set serveroutput on
SQL> declare
  2  empno employees.employee_id%type:=&eid;
  3  ename employees.last_name%type;
  4  begin
  5  select last_name into ename
  6  from employees
  7  where employee_id=empno;
  8  :name:=ename
  9  end;
 10  /
end;
*
ERROR at line 9:
ORA-06550: line 9, column 1: 
PLS-00103: Encountered the symbol "END" when expecting one of the following: 
. ( * @ % & = - + ; < / > at in is mod remainder not rem 
<an exponent (**)> <> or != or ~= >= <= <> and or like like2 
like4 likec between || multiset member submultiset 
The symbol ";" was substituted for "END" to continue. 


SQL> ed
Wrote file afiedt.buf

  1  declare
  2  empno employees.employee_id%type:=&eid;
  3  ename employees.last_name%type;
  4  begin
  5  select last_name into ename
  6  from employees
  7  where employee_id=empno;
  8  :name:=ename;
  9* end;
SQL> /

PL/SQL procedure successfully completed.

SQL> print(:name)
Usage: PRINT [:<variable> ...]
SQL> print name

NAME                                                                                                                                                                                                                                                                                                                                                                                                                                                                                                                
--------------------------------------------------------------------------------------------------------------------------------                                                                                                                                                                                                                                                                                                                                                                                    
King                                                                                                                                                                                                                                                                                                                                                                                                                                                                                                                

SQL> print empno
SP2-0552: Bind variable "EMPNO" not declared.
SQL> select * from emp;

no rows selected

SQL> insert into emp (101, 'james', 34000,'12-jan-1997', 10)
  2  ;
insert into emp (101, 'james', 34000,'12-jan-1997', 10)
                 *
ERROR at line 1:
ORA-00928: missing SELECT keyword 


SQL> insert into emp values (101, 'james', 34000,'12-jan-1997', 10);

1 row created.

SQL> insert into emp values (102, 'smith', 35000,'13-jan-1997', 20);

1 row created.

SQL> declare
  2  eno emp.eid%type:=101;
  3  emprec emp%rowtype;
  4  begin
  5  select * into emprec from emp where eid=eno;
  6  dbms_output.put_line(emprec.name || ' ' || emprec.sal || ' ' || emprec.hiredate || ' ' || emprec.did);
  7  end;
  8  /
james 34000 12-JAN-97 10                                                                                                                                                                                                                                                                                                                                                                                                                                                                                            

PL/SQL procedure successfully completed.

SQL> ed
Wrote file afiedt.buf

  1  declare
  2  eno emp.eid%type:=101;
  3  emprec emp%rowtype;
  4  begin
  5  select * into emprec from emp where eid=eno;
  6  if emprec.name = 'james' and emprec.sal < 50000 then 
  7  update emp set sal=50000 where eid=empno;
  8  commit;
  9  end if;
 10* end;
SQL> /
update emp set sal=50000 where eid=empno;
                                   *
ERROR at line 7:
ORA-06550: line 7, column 36: 
PL/SQL: ORA-00904: "EMPNO": invalid identifier 
ORA-06550: line 7, column 1: 
PL/SQL: SQL Statement ignored 


SQL> ed
Wrote file afiedt.buf

  1  declare
  2  eno emp.eid%type:=101;
  3  emprec emp%rowtype;
  4  begin
  5  select * into emprec from emp where eid=eno;
  6  if emprec.name = 'james' and emprec.sal < 50000 then 
  7  update emp set sal=50000 where eid=eno;
  8  commit;
  9  end if;
 10* end;
SQL> /

PL/SQL procedure successfully completed.

SQL> select * from emp;

       EID NAME              SAL HIREDATE         DID                                                                                                                                                                                                                                                                                                                                                                                                                                                               
---------- ---------- ---------- --------- ----------                                                                                                                                                                                                                                                                                                                                                                                                                                                               
       101 james           50000 12-JAN-97         10                                                                                                                                                                                                                                                                                                                                                                                                                                                               
       102 smith           35000 13-JAN-97         20                                                                                                                                                                                                                                                                                                                                                                                                                                                               

SQL> create table empdummy(eid, name, jid, sal, did) as select employee_id, last_name, job_id, salary, department_id from employees where department_id=60
  2  ;

Table created.

SQL> desc empdummy;
 Name                                                                                                                                                                                                                                                                                                  Null?    Type
 ----------------------------------------------------------------------------------------------------------------------------------------------------------------------------------------------------------------------------------------------------------------------------------------------------- -------- ----------------------------------------------------------------------------------------------------------------------------------------------------------------------------------------------------
 EID                                                                                                                                                                                                                                                                                                            NUMBER(6)
 NAME                                                                                                                                                                                                                                                                                                  NOT NULL VARCHAR2(25)
 JID                                                                                                                                                                                                                                                                                                   NOT NULL VARCHAR2(10)
 SAL                                                                                                                                                                                                                                                                                                            NUMBER(8,2)
 DID                                                                                                                                                                                                                                                                                                            NUMBER(4)

SQL> select * from empdummy;

       EID NAME                      JID               SAL        DID                                                                                                                                                                                                                                                                                                                                                                                                                                               
---------- ------------------------- ---------- ---------- ----------                                                                                                                                                                                                                                                                                                                                                                                                                                               
       103 Hunold                    IT_PROG          9000         60                                                                                                                                                                                                                                                                                                                                                                                                                                               
       104 Ernst                     IT_PROG          6000         60                                                                                                                                                                                                                                                                                                                                                                                                                                               
       105 Austin                    IT_PROG          4800         60                                                                                                                                                                                                                                                                                                                                                                                                                                               
       106 Pataballa                 IT_PROG          4800         60                                                                                                                                                                                                                                                                                                                                                                                                                                               
       107 Lorentz                   IT_PROG          4200         60                                                                                                                                                                                                                                                                                                                                                                                                                                               

SQL> update empdummy set jid='ST_CLERK' where sal < 5000;

3 rows updated.

SQL> select * from empdummy;

       EID NAME                      JID               SAL        DID                                                                                                                                                                                                                                                                                                                                                                                                                                               
---------- ------------------------- ---------- ---------- ----------                                                                                                                                                                                                                                                                                                                                                                                                                                               
       103 Hunold                    IT_PROG          9000         60                                                                                                                                                                                                                                                                                                                                                                                                                                               
       104 Ernst                     IT_PROG          6000         60                                                                                                                                                                                                                                                                                                                                                                                                                                               
       105 Austin                    ST_CLERK         4800         60                                                                                                                                                                                                                                                                                                                                                                                                                                               
       106 Pataballa                 ST_CLERK         4800         60                                                                                                                                                                                                                                                                                                                                                                                                                                               
       107 Lorentz                   ST_CLERK         4200         60                                                                                                                                                                                                                                                                                                                                                                                                                                               

SQL> update empdummy set jid='ST_MAN' where sal > 6000;

1 row updated.

SQL> select * from empdummy;

       EID NAME                      JID               SAL        DID                                                                                                                                                                                                                                                                                                                                                                                                                                               
---------- ------------------------- ---------- ---------- ----------                                                                                                                                                                                                                                                                                                                                                                                                                                               
       103 Hunold                    ST_MAN           9000         60                                                                                                                                                                                                                                                                                                                                                                                                                                               
       104 Ernst                     IT_PROG          6000         60                                                                                                                                                                                                                                                                                                                                                                                                                                               
       105 Austin                    ST_CLERK         4800         60                                                                                                                                                                                                                                                                                                                                                                                                                                               
       106 Pataballa                 ST_CLERK         4800         60                                                                                                                                                                                                                                                                                                                                                                                                                                               
       107 Lorentz                   ST_CLERK         4200         60                                                                                                                                                                                                                                                                                                                                                                                                                                               

SQL> declare
  2  j_id empdummy.jid%type;
  3  begin
  4  select jid from empdummy
  5  where eid=103;
  6  /
where eid=103;
             *
ERROR at line 5:
ORA-06550: line 5, column 14: 
PLS-00103: Encountered the symbol "end-of-file" when expecting one of the following: 
( begin case declare end exception exit for goto if loop mod 
null pragma raise return select update while with 
<an identifier> <a double-quoted delimited-identifier> 
<a bind variable> << continue close current delete fetch lock 
insert open rollback savepoint set sql execute commit forall 
merge standard pipe purge json_object 


SQL> ed
Wrote file afiedt.buf

  1  declare
  2  j_id empdummy.jid%type;
  3  e_sal empdummy.sal%type;
  4  begin
  5  select jid, sal into j_id, e_sal from empdummy
  6  where eid=103;
  7  if j_id='ST_MAN' then 
  8  update empdummy set sal=e_sal*1.30;
  9  elsif j_id='IT_PROG' then
 10  update empdummy set sal=e_sal*1.20;
 11  else
 12  update empdummy set sal=e_sal*1.10;
 13  end if;
 14  commit;
 15* end;
SQL> /

PL/SQL procedure successfully completed.

SQL> ed
Wrote file afiedt.buf

  1  declare
  2  j_id empdummy.jid%type;
  3  e_sal empdummy.sal%type;
  4  begin
  5  select jid, sal into j_id, e_sal from empdummy
  6  where eid=103;
  7  if j_id='ST_MAN' then 
  8  update empdummy set sal=e_sal*1.30;
  9  elsif j_id='IT_PROG' then
 10  update empdummy set sal=e_sal*1.20;
 11  else
 12  update empdummy set sal=e_sal*1.10;
 13  end if;
 14  commit;
 15* end;
SQL> select * from empdummy;

       EID NAME                      JID               SAL        DID                                                                                                                                                                                                                                                                                                                                                                                                                                               
---------- ------------------------- ---------- ---------- ----------                                                                                                                                                                                                                                                                                                                                                                                                                                               
       103 Hunold                    ST_MAN          11700         60                                                                                                                                                                                                                                                                                                                                                                                                                                               
       104 Ernst                     IT_PROG         11700         60                                                                                                                                                                                                                                                                                                                                                                                                                                               
       105 Austin                    ST_CLERK        11700         60                                                                                                                                                                                                                                                                                                                                                                                                                                               
       106 Pataballa                 ST_CLERK        11700         60                                                                                                                                                                                                                                                                                                                                                                                                                                               
       107 Lorentz                   ST_CLERK        11700         60                                                                                                                                                                                                                                                                                                                                                                                                                                               

SQL> ed
Wrote file afiedt.buf

  1  declare
  2  j_id empdummy.jid%type;
  3  e_sal empdummy.sal%type;
  4  begin
  5  select jid, sal into j_id, e_sal from empdummy
  6  where eid=103;
  7  if j_id='ST_MAN' then 
  8  update empdummy set sal=e_sal*1.30 where jid=j_id;
  9  elsif j_id='IT_PROG' then
 10  update empdummy set sal=e_sal*1.20  where jid=j_id;
 11  else
 12  update empdummy set sal=e_sal*1.10  where jid=j_id;
 13  end if;
 14  commit;
 15* end;
SQL> /

PL/SQL procedure successfully completed.

SQL> select * from empdummy;

       EID NAME                      JID               SAL        DID                                                                                                                                                                                                                                                                                                                                                                                                                                               
---------- ------------------------- ---------- ---------- ----------                                                                                                                                                                                                                                                                                                                                                                                                                                               
       103 Hunold                    ST_MAN          15210         60                                                                                                                                                                                                                                                                                                                                                                                                                                               
       104 Ernst                     IT_PROG         11700         60                                                                                                                                                                                                                                                                                                                                                                                                                                               
       105 Austin                    ST_CLERK        11700         60                                                                                                                                                                                                                                                                                                                                                                                                                                               
       106 Pataballa                 ST_CLERK        11700         60                                                                                                                                                                                                                                                                                                                                                                                                                                               
       107 Lorentz                   ST_CLERK        11700         60                                                                                                                                                                                                                                                                                                                                                                                                                                               

SQL> rd
SP2-0042: unknown command "rd" - rest of line ignored.
SQL> ed
Wrote file afiedt.buf

  1  declare
  2  j_id empdummy.jid%type;
  3  e_sal empdummy.sal%type;
  4  begin
  5  select jid, sal into j_id, e_sal from empdummy
  6  where eid=105;
  7  if j_id='ST_MAN' then 
  8  update empdummy set sal=e_sal*1.30 where jid=j_id;
  9  elsif j_id='IT_PROG' then
 10  update empdummy set sal=e_sal*1.20  where jid=j_id;
 11  else
 12  update empdummy set sal=e_sal*1.10  where jid=j_id;
 13  end if;
 14  commit;
 15* end;
SQL> /

PL/SQL procedure successfully completed.

SQL> select * from empdummy;

       EID NAME                      JID               SAL        DID                                                                                                                                                                                                                                                                                                                                                                                                                                               
---------- ------------------------- ---------- ---------- ----------                                                                                                                                                                                                                                                                                                                                                                                                                                               
       103 Hunold                    ST_MAN          15210         60                                                                                                                                                                                                                                                                                                                                                                                                                                               
       104 Ernst                     IT_PROG         11700         60                                                                                                                                                                                                                                                                                                                                                                                                                                               
       105 Austin                    ST_CLERK        12870         60                                                                                                                                                                                                                                                                                                                                                                                                                                               
       106 Pataballa                 ST_CLERK        12870         60                                                                                                                                                                                                                                                                                                                                                                                                                                               
       107 Lorentz                   ST_CLERK        12870         60                                                                                                                                                                                                                                                                                                                                                                                                                                               

SQL> spool off
