SQL> set lines 200
SQL> set pages 150
SQL> create user cdac identified by cdac123;

User created.

SQL> select username from dba_users;

USERNAME                                                                                                                                                                                                
--------------------------------------------------------------------------------------------------------------------------------                                                                        
SYS                                                                                                                                                                                                     
SYSTEM                                                                                                                                                                                                  
XS$NULL                                                                                                                                                                                                 
LBACSYS                                                                                                                                                                                                 
OUTLN                                                                                                                                                                                                   
DBSNMP                                                                                                                                                                                                  
APPQOSSYS                                                                                                                                                                                               
DBSFWUSER                                                                                                                                                                                               
GGSYS                                                                                                                                                                                                   
ANONYMOUS                                                                                                                                                                                               
CTXSYS                                                                                                                                                                                                  
DVSYS                                                                                                                                                                                                   
DVF                                                                                                                                                                                                     
AUDSYS                                                                                                                                                                                                  
GSMADMIN_INTERNAL                                                                                                                                                                                       
OLAPSYS                                                                                                                                                                                                 
MDSYS                                                                                                                                                                                                   
XDB                                                                                                                                                                                                     
WMSYS                                                                                                                                                                                                   
GSMCATUSER                                                                                                                                                                                              
MDDATA                                                                                                                                                                                                  
FARAZ                                                                                                                                                                                                   
SYSBACKUP                                                                                                                                                                                               
REMOTE_SCHEDULER_AGENT                                                                                                                                                                                  
PDBADMIN                                                                                                                                                                                                
GSMUSER                                                                                                                                                                                                 
SYSRAC                                                                                                                                                                                                  
HR                                                                                                                                                                                                      
OJVMSYS                                                                                                                                                                                                 
SI_INFORMTN_SCHEMA                                                                                                                                                                                      
DIP                                                                                                                                                                                                     
ORDPLUGINS                                                                                                                                                                                              
HR2                                                                                                                                                                                                     
SYSKM                                                                                                                                                                                                   
DGPDB_INT                                                                                                                                                                                               
ORDDATA                                                                                                                                                                                                 
ORACLE_OCM                                                                                                                                                                                              
SYS$UMF                                                                                                                                                                                                 
SCOTT                                                                                                                                                                                                   
CDAC                                                                                                                                                                                                    
SYSDG                                                                                                                                                                                                   
ORDSYS                                                                                                                                                                                                  

42 rows selected.

SQL> select username, password from dba_users;

USERNAME                                                                                                                                                                                                
--------------------------------------------------------------------------------------------------------------------------------                                                                        
PASSWORD                                                                                                                                                                                                
--------------------------------------------------------------------------------------------------------------------------------------------------------------------------------------------------------
SYS                                                                                                                                                                                                     
                                                                                                                                                                                                        
                                                                                                                                                                                                        
SYSTEM                                                                                                                                                                                                  
                                                                                                                                                                                                        
                                                                                                                                                                                                        
XS$NULL                                                                                                                                                                                                 
                                                                                                                                                                                                        
                                                                                                                                                                                                        
LBACSYS                                                                                                                                                                                                 
                                                                                                                                                                                                        
                                                                                                                                                                                                        
OUTLN                                                                                                                                                                                                   
                                                                                                                                                                                                        
                                                                                                                                                                                                        
DBSNMP                                                                                                                                                                                                  
                                                                                                                                                                                                        
                                                                                                                                                                                                        
APPQOSSYS                                                                                                                                                                                               
                                                                                                                                                                                                        
                                                                                                                                                                                                        
DBSFWUSER                                                                                                                                                                                               
                                                                                                                                                                                                        
                                                                                                                                                                                                        
GGSYS                                                                                                                                                                                                   
                                                                                                                                                                                                        
                                                                                                                                                                                                        
ANONYMOUS                                                                                                                                                                                               
                                                                                                                                                                                                        
                                                                                                                                                                                                        
CTXSYS                                                                                                                                                                                                  
                                                                                                                                                                                                        
                                                                                                                                                                                                        
DVSYS                                                                                                                                                                                                   
                                                                                                                                                                                                        
                                                                                                                                                                                                        
DVF                                                                                                                                                                                                     
                                                                                                                                                                                                        
                                                                                                                                                                                                        
AUDSYS                                                                                                                                                                                                  
                                                                                                                                                                                                        
                                                                                                                                                                                                        
GSMADMIN_INTERNAL                                                                                                                                                                                       
                                                                                                                                                                                                        
                                                                                                                                                                                                        
OLAPSYS                                                                                                                                                                                                 
                                                                                                                                                                                                        
                                                                                                                                                                                                        
MDSYS                                                                                                                                                                                                   
                                                                                                                                                                                                        
                                                                                                                                                                                                        
XDB                                                                                                                                                                                                     
                                                                                                                                                                                                        
                                                                                                                                                                                                        
WMSYS                                                                                                                                                                                                   
                                                                                                                                                                                                        
                                                                                                                                                                                                        
GSMCATUSER                                                                                                                                                                                              
                                                                                                                                                                                                        
                                                                                                                                                                                                        
MDDATA                                                                                                                                                                                                  
                                                                                                                                                                                                        
                                                                                                                                                                                                        
FARAZ                                                                                                                                                                                                   
                                                                                                                                                                                                        
                                                                                                                                                                                                        
SYSBACKUP                                                                                                                                                                                               
                                                                                                                                                                                                        
                                                                                                                                                                                                        
REMOTE_SCHEDULER_AGENT                                                                                                                                                                                  
                                                                                                                                                                                                        
                                                                                                                                                                                                        
PDBADMIN                                                                                                                                                                                                
                                                                                                                                                                                                        
                                                                                                                                                                                                        
GSMUSER                                                                                                                                                                                                 
                                                                                                                                                                                                        
                                                                                                                                                                                                        
SYSRAC                                                                                                                                                                                                  
                                                                                                                                                                                                        
                                                                                                                                                                                                        
HR                                                                                                                                                                                                      
                                                                                                                                                                                                        
                                                                                                                                                                                                        
OJVMSYS                                                                                                                                                                                                 
                                                                                                                                                                                                        
                                                                                                                                                                                                        
SI_INFORMTN_SCHEMA                                                                                                                                                                                      
                                                                                                                                                                                                        
                                                                                                                                                                                                        
DIP                                                                                                                                                                                                     
                                                                                                                                                                                                        
                                                                                                                                                                                                        
ORDPLUGINS                                                                                                                                                                                              
                                                                                                                                                                                                        
                                                                                                                                                                                                        
HR2                                                                                                                                                                                                     
                                                                                                                                                                                                        
                                                                                                                                                                                                        
SYSKM                                                                                                                                                                                                   
                                                                                                                                                                                                        
                                                                                                                                                                                                        
DGPDB_INT                                                                                                                                                                                               
                                                                                                                                                                                                        
                                                                                                                                                                                                        
ORDDATA                                                                                                                                                                                                 
                                                                                                                                                                                                        
                                                                                                                                                                                                        
ORACLE_OCM                                                                                                                                                                                              
                                                                                                                                                                                                        
                                                                                                                                                                                                        
SYS$UMF                                                                                                                                                                                                 
                                                                                                                                                                                                        
                                                                                                                                                                                                        
SCOTT                                                                                                                                                                                                   
                                                                                                                                                                                                        
                                                                                                                                                                                                        
CDAC                                                                                                                                                                                                    
                                                                                                                                                                                                        
                                                                                                                                                                                                        
SYSDG                                                                                                                                                                                                   
                                                                                                                                                                                                        
                                                                                                                                                                                                        
ORDSYS                                                                                                                                                                                                  
                                                                                                                                                                                                        
                                                                                                                                                                                                        

42 rows selected.

SQL> column username format a20;
SQL> select username, password from dba_users;

USERNAME                                                                                                                                                                                                
--------------------                                                                                                                                                                                    
PASSWORD                                                                                                                                                                                                
--------------------------------------------------------------------------------------------------------------------------------------------------------------------------------------------------------
SYS                                                                                                                                                                                                     
                                                                                                                                                                                                        
                                                                                                                                                                                                        
SYSTEM                                                                                                                                                                                                  
                                                                                                                                                                                                        
                                                                                                                                                                                                        
XS$NULL                                                                                                                                                                                                 
                                                                                                                                                                                                        
                                                                                                                                                                                                        
LBACSYS                                                                                                                                                                                                 
                                                                                                                                                                                                        
                                                                                                                                                                                                        
OUTLN                                                                                                                                                                                                   
                                                                                                                                                                                                        
                                                                                                                                                                                                        
DBSNMP                                                                                                                                                                                                  
                                                                                                                                                                                                        
                                                                                                                                                                                                        
APPQOSSYS                                                                                                                                                                                               
                                                                                                                                                                                                        
                                                                                                                                                                                                        
DBSFWUSER                                                                                                                                                                                               
                                                                                                                                                                                                        
                                                                                                                                                                                                        
GGSYS                                                                                                                                                                                                   
                                                                                                                                                                                                        
                                                                                                                                                                                                        
ANONYMOUS                                                                                                                                                                                               
                                                                                                                                                                                                        
                                                                                                                                                                                                        
CTXSYS                                                                                                                                                                                                  
                                                                                                                                                                                                        
                                                                                                                                                                                                        
DVSYS                                                                                                                                                                                                   
                                                                                                                                                                                                        
                                                                                                                                                                                                        
DVF                                                                                                                                                                                                     
                                                                                                                                                                                                        
                                                                                                                                                                                                        
AUDSYS                                                                                                                                                                                                  
                                                                                                                                                                                                        
                                                                                                                                                                                                        
GSMADMIN_INTERNAL                                                                                                                                                                                       
                                                                                                                                                                                                        
                                                                                                                                                                                                        
OLAPSYS                                                                                                                                                                                                 
                                                                                                                                                                                                        
                                                                                                                                                                                                        
MDSYS                                                                                                                                                                                                   
                                                                                                                                                                                                        
                                                                                                                                                                                                        
XDB                                                                                                                                                                                                     
                                                                                                                                                                                                        
                                                                                                                                                                                                        
WMSYS                                                                                                                                                                                                   
                                                                                                                                                                                                        
                                                                                                                                                                                                        
GSMCATUSER                                                                                                                                                                                              
                                                                                                                                                                                                        
                                                                                                                                                                                                        
MDDATA                                                                                                                                                                                                  
                                                                                                                                                                                                        
                                                                                                                                                                                                        
FARAZ                                                                                                                                                                                                   
                                                                                                                                                                                                        
                                                                                                                                                                                                        
SYSBACKUP                                                                                                                                                                                               
                                                                                                                                                                                                        
                                                                                                                                                                                                        
REMOTE_SCHEDULER_AGE                                                                                                                                                                                    
NT                                                                                                                                                                                                      
                                                                                                                                                                                                        
                                                                                                                                                                                                        
PDBADMIN                                                                                                                                                                                                
                                                                                                                                                                                                        
                                                                                                                                                                                                        
GSMUSER                                                                                                                                                                                                 
                                                                                                                                                                                                        
                                                                                                                                                                                                        
SYSRAC                                                                                                                                                                                                  
                                                                                                                                                                                                        
                                                                                                                                                                                                        
HR                                                                                                                                                                                                      
                                                                                                                                                                                                        
                                                                                                                                                                                                        
OJVMSYS                                                                                                                                                                                                 
                                                                                                                                                                                                        
                                                                                                                                                                                                        
SI_INFORMTN_SCHEMA                                                                                                                                                                                      
                                                                                                                                                                                                        
                                                                                                                                                                                                        
DIP                                                                                                                                                                                                     
                                                                                                                                                                                                        
                                                                                                                                                                                                        
ORDPLUGINS                                                                                                                                                                                              
                                                                                                                                                                                                        
                                                                                                                                                                                                        
HR2                                                                                                                                                                                                     
                                                                                                                                                                                                        
                                                                                                                                                                                                        
SYSKM                                                                                                                                                                                                   
                                                                                                                                                                                                        
                                                                                                                                                                                                        
DGPDB_INT                                                                                                                                                                                               
                                                                                                                                                                                                        
                                                                                                                                                                                                        
ORDDATA                                                                                                                                                                                                 
                                                                                                                                                                                                        
                                                                                                                                                                                                        
ORACLE_OCM                                                                                                                                                                                              
                                                                                                                                                                                                        
                                                                                                                                                                                                        
SYS$UMF                                                                                                                                                                                                 
                                                                                                                                                                                                        
                                                                                                                                                                                                        
SCOTT                                                                                                                                                                                                   
                                                                                                                                                                                                        
                                                                                                                                                                                                        
CDAC                                                                                                                                                                                                    
                                                                                                                                                                                                        
                                                                                                                                                                                                        
SYSDG                                                                                                                                                                                                   
                                                                                                                                                                                                        
                                                                                                                                                                                                        
ORDSYS                                                                                                                                                                                                  
                                                                                                                                                                                                        
                                                                                                                                                                                                        

42 rows selected.

SQL> column password format A20;
SQL> select username, password from dba_users;

USERNAME             PASSWORD                                                                                                                                                                           
-------------------- --------------------                                                                                                                                                               
SYS                                                                                                                                                                                                     
SYSTEM                                                                                                                                                                                                  
XS$NULL                                                                                                                                                                                                 
LBACSYS                                                                                                                                                                                                 
OUTLN                                                                                                                                                                                                   
DBSNMP                                                                                                                                                                                                  
APPQOSSYS                                                                                                                                                                                               
DBSFWUSER                                                                                                                                                                                               
GGSYS                                                                                                                                                                                                   
ANONYMOUS                                                                                                                                                                                               
CTXSYS                                                                                                                                                                                                  
DVSYS                                                                                                                                                                                                   
DVF                                                                                                                                                                                                     
AUDSYS                                                                                                                                                                                                  
GSMADMIN_INTERNAL                                                                                                                                                                                       
OLAPSYS                                                                                                                                                                                                 
MDSYS                                                                                                                                                                                                   
XDB                                                                                                                                                                                                     
WMSYS                                                                                                                                                                                                   
GSMCATUSER                                                                                                                                                                                              
MDDATA                                                                                                                                                                                                  
FARAZ                                                                                                                                                                                                   
SYSBACKUP                                                                                                                                                                                               
REMOTE_SCHEDULER_AGE                                                                                                                                                                                    
NT                                                                                                                                                                                                      
                                                                                                                                                                                                        
PDBADMIN                                                                                                                                                                                                
GSMUSER                                                                                                                                                                                                 
SYSRAC                                                                                                                                                                                                  
HR                                                                                                                                                                                                      
OJVMSYS                                                                                                                                                                                                 
SI_INFORMTN_SCHEMA                                                                                                                                                                                      
DIP                                                                                                                                                                                                     
ORDPLUGINS                                                                                                                                                                                              
HR2                                                                                                                                                                                                     
SYSKM                                                                                                                                                                                                   
DGPDB_INT                                                                                                                                                                                               
ORDDATA                                                                                                                                                                                                 
ORACLE_OCM                                                                                                                                                                                              
SYS$UMF                                                                                                                                                                                                 
SCOTT                                                                                                                                                                                                   
CDAC                                                                                                                                                                                                    
SYSDG                                                                                                                                                                                                   
ORDSYS                                                                                                                                                                                                  

42 rows selected.

SQL> show user
USER is "SYS"
SQL> conn cdac/cdac123@xepdb1
ERROR:
ORA-01045: user CDAC lacks CREATE SESSION privilege; logon denied 


Warning: You are no longer connected to ORACLE.
SQL> show user
USER is ""
SQL> conn sys/sys@xepdb1 as sysdba
Connected.
SQL> show user
USER is "SYS"
SQL> grant CREATE SESSION cdac;
grant CREATE SESSION cdac
                     *
ERROR at line 1:
ORA-00905: missing keyword 


SQL> grant CREATE SESSION to cdac;

Grant succeeded.

SQL> conn cdac/cdac123@xepdb1
Connected.
SQL> select * from user_sys_privs;

USERNAME             PRIVILEGE                                ADM COM INH                                                                                                                               
-------------------- ---------------------------------------- --- --- ---                                                                                                                               
CDAC                 CREATE SESSION                           NO  NO  NO                                                                                                                                

SQL> desc user_sys_privs;
 Name                                                                                                              Null?    Type
 ----------------------------------------------------------------------------------------------------------------- -------- ----------------------------------------------------------------------------
 USERNAME                                                                                                                   VARCHAR2(128)
 PRIVILEGE                                                                                                                  VARCHAR2(40)
 ADMIN_OPTION                                                                                                               VARCHAR2(3)
 COMMON                                                                                                                     VARCHAR2(3)
 INHERITED                                                                                                                  VARCHAR2(3)

SQL> desc user_ts_quotas;
 Name                                                                                                              Null?    Type
 ----------------------------------------------------------------------------------------------------------------- -------- ----------------------------------------------------------------------------
 TABLESPACE_NAME                                                                                                   NOT NULL VARCHAR2(30)
 BYTES                                                                                                                      NUMBER
 MAX_BYTES                                                                                                                  NUMBER
 BLOCKS                                                                                                                     NUMBER
 MAX_BLOCKS                                                                                                                 NUMBER
 DROPPED                                                                                                                    VARCHAR2(3)

SQL> select * from user_ts_quotas;

no rows selected

SQL> show user
USER is "CDAC"
SQL> spool off
SQL> conn sys/sys@xepdb1 as sysdba
Connected.
SQL> show user
USER is "SYS"
SQL> alter user cdac quota 10m on users;

User altered.

SQL> grant CREATE TABLE, CREATE VIEW, CREATE PROCEDURE, CREATE SEQUENCE to CDAC;

Grant succeeded.

SQL> conn cdac/cdac123@xepdb1
Connected.
SQL> select * from user_ts_quotas;

TABLESPACE_NAME                     BYTES  MAX_BYTES     BLOCKS MAX_BLOCKS DRO                                                                                                                          
------------------------------ ---------- ---------- ---------- ---------- ---                                                                                                                          
USERS                                   0   10485760          0       1280 NO                                                                                                                           

SQL> select * from user_sys_privs;

USERNAME             PRIVILEGE                                ADM COM INH                                                                                                                               
-------------------- ---------------------------------------- --- --- ---                                                                                                                               
CDAC                 CREATE PROCEDURE                         NO  NO  NO                                                                                                                                
CDAC                 CREATE SEQUENCE                          NO  NO  NO                                                                                                                                
CDAC                 CREATE VIEW                              NO  NO  NO                                                                                                                                
CDAC                 CREATE TABLE                             NO  NO  NO                                                                                                                                
CDAC                 CREATE SESSION                           NO  NO  NO                                                                                                                                

SQL> conn sys/sys@xepdb1 as sysdba
Connected.
SQL> select * from dba_sys_privs;

GRANTEE                                                                                                                          PRIVILEGE                                ADM COM INH                   
-------------------------------------------------------------------------------------------------------------------------------- ---------------------------------------- --- --- ---                   
PDB_DBA                                                                                                                          CREATE PLUGGABLE DATABASE                NO  NO  NO                    
PDB_DBA                                                                                                                          CREATE SESSION                           NO  NO  NO                    
HR                                                                                                                               CREATE PROCEDURE                         NO  NO  NO                    
HR                                                                                                                               CREATE SEQUENCE                          NO  NO  NO                    
HR                                                                                                                               CREATE VIEW                              NO  NO  NO                    
HR                                                                                                                               CREATE TABLE                             NO  NO  NO                    
HR                                                                                                                               CREATE SESSION                           NO  NO  NO                    
HR2                                                                                                                              CREATE TABLE                             NO  NO  NO                    
HR2                                                                                                                              CREATE SESSION                           NO  NO  NO                    
SCOTT                                                                                                                            CREATE TABLE                             NO  NO  NO                    
SCOTT                                                                                                                            CREATE SESSION                           NO  NO  NO                    
FARAZ                                                                                                                            CREATE TABLE                             NO  NO  NO                    
FARAZ                                                                                                                            CREATE SESSION                           NO  NO  NO                    
CDAC                                                                                                                             CREATE PROCEDURE                         NO  NO  NO                    
CDAC                                                                                                                             CREATE SEQUENCE                          NO  NO  NO                    
CDAC                                                                                                                             CREATE VIEW                              NO  NO  NO                    
CDAC                                                                                                                             CREATE TABLE                             NO  NO  NO                    
CDAC                                                                                                                             CREATE SESSION                           NO  NO  NO                    
SYS                                                                                                                              INHERIT ANY PRIVILEGES                   NO  YES YES                   
RESOURCE                                                                                                                         CREATE SEQUENCE                          NO  YES YES                   
DBA                                                                                                                              ALTER SESSION                            NO  YES YES                   
DBA                                                                                                                              CREATE TABLESPACE                        NO  YES YES                   
DBA                                                                                                                              ALTER TABLESPACE                         NO  YES YES                   
DBA                                                                                                                              ALTER USER                               NO  YES YES                   
DBA                                                                                                                              ALTER ROLLBACK SEGMENT                   NO  YES YES                   
DBA                                                                                                                              CREATE ANY CLUSTER                       NO  YES YES                   
DBA                                                                                                                              CREATE ANY SYNONYM                       NO  YES YES                   
DBA                                                                                                                              SELECT ANY SEQUENCE                      NO  YES YES                   
DBA                                                                                                                              DROP PROFILE                             NO  YES YES                   
DBA                                                                                                                              ALTER ANY MATERIALIZED VIEW              NO  YES YES                   
DBA                                                                                                                              UNDER ANY VIEW                           NO  YES YES                   
DBA                                                                                                                              CREATE ANY CONTEXT                       NO  YES YES                   
DBA                                                                                                                              CREATE ANY OUTLINE                       NO  YES YES                   
DBA                                                                                                                              ON COMMIT REFRESH                        NO  YES YES                   
DBA                                                                                                                              SELECT ANY TRANSACTION                   NO  YES YES                   
DBA                                                                                                                              DROP ANY MINING MODEL                    NO  YES YES                   
DBA                                                                                                                              SELECT ANY MINING MODEL                  NO  YES YES                   
DBA                                                                                                                              DROP ANY CUBE DIMENSION                  NO  YES YES                   
DBA                                                                                                                              SELECT ANY CUBE                          NO  YES YES                   
DBA                                                                                                                              CREATE CUBE BUILD PROCESS                NO  YES YES                   
DBA                                                                                                                              CREATE SQL TRANSLATION PROFILE           NO  YES YES                   
DBA                                                                                                                              CREATE ANY SQL TRANSLATION PROFILE       NO  YES YES                   
DBA                                                                                                                              CREATE LOCKDOWN PROFILE                  NO  YES YES                   
DBA                                                                                                                              DROP LOCKDOWN PROFILE                    NO  YES YES                   
DBA                                                                                                                              CREATE CREDENTIAL                        NO  YES YES                   
DBA                                                                                                                              CREATE ANY CREDENTIAL                    NO  YES YES                   
DBA                                                                                                                              LOGMINING                                NO  YES YES                   
DBA                                                                                                                              ALTER ANY MEASURE FOLDER                 NO  YES YES                   
DBA                                                                                                                              CREATE ATTRIBUTE DIMENSION               NO  YES YES                   
DBA                                                                                                                              CREATE ANY ATTRIBUTE DIMENSION           NO  YES YES                   
DBA                                                                                                                              ALTER ANY ATTRIBUTE DIMENSION            NO  YES YES                   
DBA                                                                                                                              CREATE ANY HIERARCHY                     NO  YES YES                   
AUDSYS                                                                                                                           CREATE TABLE                             NO  YES YES                   
SYSTEM                                                                                                                           CREATE TABLE                             NO  YES YES                   
SYS                                                                                                                              ALTER USER                               NO  YES YES                   
SYS                                                                                                                              DROP ANY CLUSTER                         NO  YES YES                   
SYS                                                                                                                              CREATE PUBLIC SYNONYM                    NO  YES YES                   
SYS                                                                                                                              CREATE VIEW                              NO  YES YES                   
SYS                                                                                                                              DROP ANY VIEW                            NO  YES YES                   
SYS                                                                                                                              CREATE OPERATOR                          NO  YES YES                   
SYS                                                                                                                              ON COMMIT REFRESH                        NO  YES YES                   
SYS                                                                                                                              DEBUG CONNECT SESSION                    NO  YES YES                   
SYS                                                                                                                              CREATE ANY RULE SET                      YES YES YES                   
SYS                                                                                                                              EXECUTE ANY RULE SET                     YES YES YES                   
SYS                                                                                                                              CREATE RULE                              YES YES YES                   
SYS                                                                                                                              ALTER ANY RULE                           YES YES YES                   
SYS                                                                                                                              DROP ANY SQL PROFILE                     NO  YES YES                   
SYS                                                                                                                              MANAGE ANY FILE GROUP                    NO  YES YES                   
SYS                                                                                                                              DROP ANY ASSEMBLY                        NO  YES YES                   
SYS                                                                                                                              DROP ANY CUBE                            NO  YES YES                   
SYS                                                                                                                              CREATE ANY MEASURE FOLDER                NO  YES YES                   
SYS                                                                                                                              DROP LOCKDOWN PROFILE                    NO  YES YES                   
SYS                                                                                                                              LOGMINING                                NO  YES YES                   
SYS                                                                                                                              DROP ANY HIERARCHY                       NO  YES YES                   
SYS                                                                                                                              ALTER ANY ANALYTIC VIEW                  NO  YES YES                   
IMP_FULL_DATABASE                                                                                                                CREATE ANY TABLE                         NO  YES YES                   
IMP_FULL_DATABASE                                                                                                                CREATE ANY SEQUENCE                      NO  YES YES                   
IMP_FULL_DATABASE                                                                                                                INSERT ANY TABLE                         NO  YES YES                   
IMP_FULL_DATABASE                                                                                                                CREATE ANY SQL PROFILE                   NO  YES YES                   
IMP_FULL_DATABASE                                                                                                                ADMINISTER SQL MANAGEMENT OBJECT         NO  YES YES                   
IMP_FULL_DATABASE                                                                                                                DROP ANY PROCEDURE                       NO  YES YES                   
IMP_FULL_DATABASE                                                                                                                ALTER PROFILE                            NO  YES YES                   
IMP_FULL_DATABASE                                                                                                                ALTER USER                               NO  YES YES                   
IMP_FULL_DATABASE                                                                                                                CREATE SESSION                           NO  YES YES                   
DATAPUMP_EXP_FULL_DATABASE                                                                                                       CREATE SESSION                           NO  YES YES                   
RECOVERY_CATALOG_OWNER                                                                                                           CREATE VIEW                              NO  YES YES                   
EM_EXPRESS_ALL                                                                                                                   CREATE JOB                               NO  YES YES                   
EM_EXPRESS_ALL                                                                                                                   CREATE TABLESPACE                        NO  YES YES                   
EM_EXPRESS_ALL                                                                                                                   DROP PROFILE                             NO  YES YES                   
EXP_FULL_DATABASE                                                                                                                READ ANY FILE GROUP                      NO  YES YES                   
SCHEDULER_ADMIN                                                                                                                  MANAGE SCHEDULER                         YES YES YES                   
GSMADMIN_INTERNAL                                                                                                                CREATE EXTERNAL JOB                      NO  YES YES                   
GSMADMIN_INTERNAL                                                                                                                CREATE TABLESPACE                        NO  YES YES                   
GSMADMIN_INTERNAL                                                                                                                ALTER DATABASE LINK                      YES YES YES                   
SYSBACKUP                                                                                                                        DROP TABLESPACE                          NO  YES YES                   
SYSBACKUP                                                                                                                        SELECT ANY TRANSACTION                   NO  YES YES                   
GGSYS                                                                                                                            SELECT ANY DICTIONARY                    NO  YES YES                   
GGSYS                                                                                                                            CREATE ANY TABLE                         NO  YES YES                   
SYSKM                                                                                                                            ADMINISTER KEY MANAGEMENT                YES YES YES                   
WMSYS                                                                                                                            CREATE ANY TRIGGER                       NO  YES YES                   
WMSYS                                                                                                                            ADMINISTER DATABASE TRIGGER              NO  YES YES                   
WMSYS                                                                                                                            LOCK ANY TABLE                           NO  YES YES                   
JAVADEBUGPRIV                                                                                                                    DEBUG CONNECT SESSION                    NO  YES YES                   
CTXSYS                                                                                                                           CREATE TYPE                              NO  YES YES                   
OLAP_DBA                                                                                                                         SELECT ANY TABLE                         NO  YES YES                   
OLAP_DBA                                                                                                                         DROP ANY CUBE BUILD PROCESS              NO  YES YES                   
OLAP_DBA                                                                                                                         DROP ANY VIEW                            NO  YES YES                   
OLAP_USER                                                                                                                        CREATE TABLE                             NO  YES YES                   
OLAP_USER                                                                                                                        CREATE CUBE                              NO  YES YES                   
OLAP_USER                                                                                                                        CREATE JOB                               NO  YES YES                   
MDSYS                                                                                                                            CREATE SEQUENCE                          NO  YES YES                   
MDSYS                                                                                                                            INHERIT ANY PRIVILEGES                   NO  YES YES                   
DBA                                                                                                                              ALTER SYSTEM                             NO  YES YES                   
DBA                                                                                                                              RESTRICTED SESSION                       NO  YES YES                   
DBA                                                                                                                              DROP ANY TABLE                           NO  YES YES                   
DBA                                                                                                                              LOCK ANY TABLE                           NO  YES YES                   
DBA                                                                                                                              UPDATE ANY TABLE                         NO  YES YES                   
DBA                                                                                                                              DROP ANY VIEW                            NO  YES YES                   
DBA                                                                                                                              FORCE TRANSACTION                        NO  YES YES                   
DBA                                                                                                                              CREATE PROCEDURE                         NO  YES YES                   
DBA                                                                                                                              CREATE TRIGGER                           NO  YES YES                   
DBA                                                                                                                              ALTER ANY TRIGGER                        NO  YES YES                   
DBA                                                                                                                              ALTER PROFILE                            NO  YES YES                   
DBA                                                                                                                              CREATE ANY MATERIALIZED VIEW             NO  YES YES                   
DBA                                                                                                                              CREATE LIBRARY                           NO  YES YES                   
DBA                                                                                                                              DROP ANY CONTEXT                         NO  YES YES                   
DBA                                                                                                                              DEBUG CONNECT ANY                        NO  YES YES                   
DBA                                                                                                                              CREATE EVALUATION CONTEXT                NO  YES YES                   
DBA                                                                                                                              ALTER ANY EVALUATION CONTEXT             NO  YES YES                   
DBA                                                                                                                              DROP ANY EVALUATION CONTEXT              NO  YES YES                   
DBA                                                                                                                              CREATE RULE SET                          NO  YES YES                   
DBA                                                                                                                              ALTER ANY RULE SET                       NO  YES YES                   
DBA                                                                                                                              CREATE ANY JOB                           NO  YES YES                   
DBA                                                                                                                              ADMINISTER ANY SQL TUNING SET            NO  YES YES                   
DBA                                                                                                                              DELETE ANY CUBE DIMENSION                NO  YES YES                   
DBA                                                                                                                              CREATE MEASURE FOLDER                    NO  YES YES                   
DBA                                                                                                                              DELETE ANY MEASURE FOLDER                NO  YES YES                   
DBA                                                                                                                              UPDATE ANY CUBE BUILD PROCESS            NO  YES YES                   
DBA                                                                                                                              FLASHBACK ARCHIVE ADMINISTER             NO  YES YES                   
DBA                                                                                                                              CREATE PLUGGABLE DATABASE                NO  YES YES                   
DBA                                                                                                                              SELECT ANY MEASURE FOLDER                NO  YES YES                   
DBA                                                                                                                              ALTER ANY CUBE BUILD PROCESS             NO  YES YES                   
DBA                                                                                                                              DROP LOGICAL PARTITION TRACKING          NO  YES YES                   
SYS                                                                                                                              UNLIMITED TABLESPACE                     NO  YES YES                   
SYS                                                                                                                              DROP USER                                NO  YES YES                   
SYS                                                                                                                              CREATE CLUSTER                           NO  YES YES                   
SYS                                                                                                                              DROP ANY INDEX                           NO  YES YES                   

GRANTEE                                                                                                                          PRIVILEGE                                ADM COM INH                   
-------------------------------------------------------------------------------------------------------------------------------- ---------------------------------------- --- --- ---                   
SYS                                                                                                                              DROP ANY SYNONYM                         NO  YES YES                   
SYS                                                                                                                              DROP PUBLIC SYNONYM                      NO  YES YES                   
SYS                                                                                                                              CREATE ANY VIEW                          NO  YES YES                   
SYS                                                                                                                              DROP PUBLIC DATABASE LINK                NO  YES YES                   
SYS                                                                                                                              DROP ANY TRIGGER                         NO  YES YES                   
SYS                                                                                                                              CREATE PROFILE                           NO  YES YES                   
SYS                                                                                                                              EXECUTE ANY TYPE                         NO  YES YES                   
SYS                                                                                                                              CREATE ANY OPERATOR                      NO  YES YES                   
SYS                                                                                                                              CREATE ANY INDEXTYPE                     NO  YES YES                   
SYS                                                                                                                              UNDER ANY VIEW                           NO  YES YES                   
SYS                                                                                                                              FLASHBACK ANY TABLE                      NO  YES YES                   
SYS                                                                                                                              DROP ANY RULE                            YES YES YES                   
SYS                                                                                                                              SELECT ANY TRANSACTION                   NO  YES YES                   
SYS                                                                                                                              ALTER ANY EDITION                        NO  YES YES                   
SYS                                                                                                                              EXECUTE ASSEMBLY                         NO  YES YES                   
SYS                                                                                                                              SELECT ANY CUBE DIMENSION                NO  YES YES                   
SYS                                                                                                                              DROP ANY MEASURE FOLDER                  NO  YES YES                   
SYS                                                                                                                              CREATE CUBE BUILD PROCESS                NO  YES YES                   
SYS                                                                                                                              DROP ANY CUBE BUILD PROCESS              NO  YES YES                   
SYS                                                                                                                              FLASHBACK ARCHIVE ADMINISTER             NO  YES YES                   
SYS                                                                                                                              CREATE LOCKDOWN PROFILE                  NO  YES YES                   
SYS                                                                                                                              SELECT ANY CUBE BUILD PROCESS            NO  YES YES                   
IMP_FULL_DATABASE                                                                                                                CREATE ANY CLUSTER                       NO  YES YES                   
IMP_FULL_DATABASE                                                                                                                CREATE DATABASE LINK                     NO  YES YES                   
IMP_FULL_DATABASE                                                                                                                UPDATE ANY TABLE                         NO  YES YES                   
IMP_FULL_DATABASE                                                                                                                CREATE ANY TYPE                          NO  YES YES                   
IMP_FULL_DATABASE                                                                                                                CREATE ANY LIBRARY                       NO  YES YES                   
IMP_FULL_DATABASE                                                                                                                DROP ROLLBACK SEGMENT                    NO  YES YES                   
IMP_FULL_DATABASE                                                                                                                DROP ANY DIRECTORY                       NO  YES YES                   
IMP_FULL_DATABASE                                                                                                                DROP ANY CONTEXT                         NO  YES YES                   
IMP_FULL_DATABASE                                                                                                                ALTER ANY TRIGGER                        NO  YES YES                   
GSMUSER_ROLE                                                                                                                     ALTER SYSTEM                             NO  YES YES                   
IMP_FULL_DATABASE                                                                                                                ALTER DATABASE                           NO  YES YES                   
IMP_FULL_DATABASE                                                                                                                AUDIT SYSTEM                             NO  YES YES                   
DATAPUMP_IMP_FULL_DATABASE                                                                                                       GRANT ANY ROLE                           NO  YES YES                   
RECOVERY_CATALOG_OWNER                                                                                                           CREATE PROCEDURE                         NO  YES YES                   
EM_EXPRESS_ALL                                                                                                                   ADMINISTER SQL MANAGEMENT OBJECT         NO  YES YES                   
EM_EXPRESS_ALL                                                                                                                   CREATE ROLE                              NO  YES YES                   
EM_EXPRESS_ALL                                                                                                                   DROP USER                                NO  YES YES                   
AQ_ADMINISTRATOR_ROLE                                                                                                            CREATE RULE SET                          YES YES YES                   
IMP_FULL_DATABASE                                                                                                                MANAGE ANY QUEUE                         NO  YES YES                   
OEM_ADVISOR                                                                                                                      ADMINISTER SQL TUNING SET                NO  YES YES                   
GSMADMIN_INTERNAL                                                                                                                CREATE PUBLIC DATABASE LINK              NO  YES YES                   
GSMADMIN_INTERNAL                                                                                                                CREATE ANY TABLE                         NO  YES YES                   
GSMADMIN_INTERNAL                                                                                                                DROP TABLESPACE                          NO  YES YES                   
GSMADMIN_INTERNAL                                                                                                                ALTER TABLESPACE                         NO  YES YES                   
GSMADMIN_INTERNAL                                                                                                                ALTER SESSION                            NO  YES YES                   
GSMADMIN_INTERNAL                                                                                                                SET CONTAINER                            NO  YES YES                   
SYSBACKUP                                                                                                                        ALTER DATABASE                           NO  YES YES                   
SYSBACKUP                                                                                                                        ALTER SYSTEM                             NO  YES YES                   
GGSYS                                                                                                                            ALTER ANY INDEX                          NO  YES YES                   
WMSYS                                                                                                                            CREATE ANY INDEX                         NO  YES YES                   
WMSYS                                                                                                                            ALTER ANY TABLE                          NO  YES YES                   
WMSYS                                                                                                                            CREATE ANY TABLE                         NO  YES YES                   
WMSYS                                                                                                                            ALTER ANY TRIGGER                        NO  YES YES                   
WMSYS                                                                                                                            ALTER ANY SEQUENCE                       NO  YES YES                   
WMSYS                                                                                                                            CREATE ANY SEQUENCE                      NO  YES YES                   
CTXSYS                                                                                                                           CREATE TRIGGER                           NO  YES YES                   
CTXSYS                                                                                                                           INHERIT ANY PRIVILEGES                   NO  YES YES                   
CTXSYS                                                                                                                           MANAGE SCHEDULER                         NO  YES YES                   
CTXAPP                                                                                                                           CREATE SEQUENCE                          NO  YES YES                   
ORDDATA                                                                                                                          UNLIMITED TABLESPACE                     NO  YES YES                   
OLAP_DBA                                                                                                                         UPDATE ANY TABLE                         NO  YES YES                   
OLAP_DBA                                                                                                                         CREATE ANY CUBE DIMENSION                NO  YES YES                   
OLAP_DBA                                                                                                                         DROP ANY CUBE DIMENSION                  NO  YES YES                   
OLAP_USER                                                                                                                        CREATE VIEW                              NO  YES YES                   
OLAP_USER                                                                                                                        CREATE SEQUENCE                          NO  YES YES                   
MDSYS                                                                                                                            DROP PUBLIC SYNONYM                      NO  YES YES                   
RESOURCE                                                                                                                         CREATE PROCEDURE                         NO  YES YES                   
DBA                                                                                                                              DELETE ANY TABLE                         NO  YES YES                   
DBA                                                                                                                              CREATE CLUSTER                           NO  YES YES                   
DBA                                                                                                                              CREATE ANY INDEX                         NO  YES YES                   
DBA                                                                                                                              CREATE PUBLIC SYNONYM                    NO  YES YES                   
DBA                                                                                                                              CREATE ANY VIEW                          NO  YES YES                   
DBA                                                                                                                              CREATE ANY SEQUENCE                      NO  YES YES                   
DBA                                                                                                                              CREATE PUBLIC DATABASE LINK              NO  YES YES                   
DBA                                                                                                                              ALTER DATABASE                           NO  YES YES                   
DBA                                                                                                                              CREATE PROFILE                           NO  YES YES                   
DBA                                                                                                                              GRANT ANY PRIVILEGE                      NO  YES YES                   
DBA                                                                                                                              EXECUTE ANY TYPE                         NO  YES YES                   
DBA                                                                                                                              UNDER ANY TYPE                           NO  YES YES                   
DBA                                                                                                                              ALTER ANY LIBRARY                        NO  YES YES                   
DBA                                                                                                                              ALTER ANY OPERATOR                       NO  YES YES                   
DBA                                                                                                                              CREATE DIMENSION                         NO  YES YES                   
DBA                                                                                                                              DROP ANY DIMENSION                       NO  YES YES                   
DBA                                                                                                                              CREATE ANY EVALUATION CONTEXT            NO  YES YES                   
DBA                                                                                                                              EXECUTE ANY EVALUATION CONTEXT           NO  YES YES                   
DBA                                                                                                                              ALTER ANY RULE                           NO  YES YES                   
DBA                                                                                                                              ANALYZE ANY DICTIONARY                   NO  YES YES                   
DBA                                                                                                                              MANAGE SCHEDULER                         NO  YES YES                   
DBA                                                                                                                              ADMINISTER SQL TUNING SET                NO  YES YES                   
DBA                                                                                                                              CREATE CUBE                              NO  YES YES                   
DBA                                                                                                                              DROP ANY CUBE                            NO  YES YES                   
DBA                                                                                                                              DROP ANY SQL TRANSLATION PROFILE         NO  YES YES                   
DBA                                                                                                                              USE ANY JOB RESOURCE                     NO  YES YES                   
DBA                                                                                                                              CREATE HIERARCHY                         NO  YES YES                   
DBA                                                                                                                              CREATE ANY ANALYTIC VIEW                 NO  YES YES                   
DBA                                                                                                                              ALTER ANY ANALYTIC VIEW                  NO  YES YES                   
DBA                                                                                                                              CREATE LOGICAL PARTITION TRACKING        NO  YES YES                   
SYSTEM                                                                                                                           SELECT ANY TABLE                         NO  YES YES                   
SYS                                                                                                                              DELETE ANY TABLE                         NO  YES YES                   
SYS                                                                                                                              CREATE ANY SEQUENCE                      NO  YES YES                   
SYS                                                                                                                              DROP ANY ROLE                            NO  YES YES                   
SYS                                                                                                                              GRANT ANY ROLE                           NO  YES YES                   
SYS                                                                                                                              ALTER DATABASE                           NO  YES YES                   
SYS                                                                                                                              CREATE MATERIALIZED VIEW                 NO  YES YES                   
SYS                                                                                                                              CREATE ANY DIRECTORY                     NO  YES YES                   
SYS                                                                                                                              DROP ANY DIRECTORY                       NO  YES YES                   
SYS                                                                                                                              CREATE ANY LIBRARY                       NO  YES YES                   
SYS                                                                                                                              CREATE INDEXTYPE                         NO  YES YES                   
SYS                                                                                                                              CREATE ANY DIMENSION                     NO  YES YES                   
SYS                                                                                                                              DROP ANY DIMENSION                       NO  YES YES                   
SYS                                                                                                                              ALTER ANY OUTLINE                        NO  YES YES                   
SYS                                                                                                                              RESUMABLE                                NO  YES YES                   
SYS                                                                                                                              CREATE RULE SET                          YES YES YES                   
SYS                                                                                                                              IMPORT FULL DATABASE                     NO  YES YES                   
SYS                                                                                                                              CREATE JOB                               NO  YES YES                   
SYS                                                                                                                              ADMINISTER ANY SQL TUNING SET            NO  YES YES                   
SYS                                                                                                                              CHANGE NOTIFICATION                      NO  YES YES                   
SYS                                                                                                                              CREATE CUBE DIMENSION                    NO  YES YES                   
SYS                                                                                                                              DELETE ANY CUBE DIMENSION                NO  YES YES                   
SYS                                                                                                                              UPDATE ANY CUBE                          NO  YES YES                   
SYS                                                                                                                              DELETE ANY MEASURE FOLDER                NO  YES YES                   
SYS                                                                                                                              EM EXPRESS CONNECT                       NO  YES YES                   
SYS                                                                                                                              CREATE ANY CREDENTIAL                    NO  YES YES                   
SYS                                                                                                                              DROP ANY ATTRIBUTE DIMENSION             NO  YES YES                   
SYS                                                                                                                              CREATE ANALYTIC VIEW                     NO  YES YES                   
EXP_FULL_DATABASE                                                                                                                EXECUTE ANY TYPE                         NO  YES YES                   
EXP_FULL_DATABASE                                                                                                                SELECT ANY SEQUENCE                      NO  YES YES                   
IMP_FULL_DATABASE                                                                                                                COMMENT ANY TABLE                        NO  YES YES                   
IMP_FULL_DATABASE                                                                                                                ALTER ANY TABLE                          NO  YES YES                   
IMP_FULL_DATABASE                                                                                                                DROP ANY SEQUENCE                        NO  YES YES                   
IMP_FULL_DATABASE                                                                                                                DROP PROFILE                             NO  YES YES                   
IMP_FULL_DATABASE                                                                                                                ALTER ANY TYPE                           NO  YES YES                   
IMP_FULL_DATABASE                                                                                                                ALTER RESOURCE COST                      NO  YES YES                   
DATAPUMP_IMP_FULL_DATABASE                                                                                                       AUDIT ANY                                NO  YES YES                   
DATAPUMP_IMP_FULL_DATABASE                                                                                                       DELETE ANY TABLE                         NO  YES YES                   
DATAPUMP_IMP_FULL_DATABASE                                                                                                       SELECT ANY TABLE                         NO  YES YES                   
RECOVERY_CATALOG_OWNER                                                                                                           CREATE SESSION                           NO  YES YES                   
RECOVERY_CATALOG_OWNER                                                                                                           CREATE TABLE                             NO  YES YES                   
RECOVERY_CATALOG_OWNER                                                                                                           CREATE SYNONYM                           NO  YES YES                   
RECOVERY_CATALOG_OWNER                                                                                                           CREATE SEQUENCE                          NO  YES YES                   
RECOVERY_CATALOG_OWNER_VPD                                                                                                       DROP ANY CONTEXT                         NO  YES YES                   
EM_EXPRESS_ALL                                                                                                                   DROP TABLESPACE                          NO  YES YES                   
EM_EXPRESS_ALL                                                                                                                   GRANT ANY PRIVILEGE                      NO  YES YES                   
EM_EXPRESS_ALL                                                                                                                   ALTER ANY ROLE                           NO  YES YES                   
EM_EXPRESS_ALL                                                                                                                   ALTER PROFILE                            NO  YES YES                   

GRANTEE                                                                                                                          PRIVILEGE                                ADM COM INH                   
-------------------------------------------------------------------------------------------------------------------------------- ---------------------------------------- --- --- ---                   
IMP_FULL_DATABASE                                                                                                                ADMINISTER RESOURCE MANAGER              NO  YES YES                   
SCHEDULER_ADMIN                                                                                                                  EXECUTE ANY PROGRAM                      YES YES YES                   
AQ_ADMINISTRATOR_ROLE                                                                                                            MANAGE ANY QUEUE                         YES YES YES                   
OEM_MONITOR                                                                                                                      SELECT ANY DICTIONARY                    NO  YES YES                   
DBSNMP                                                                                                                           UNLIMITED TABLESPACE                     NO  YES YES                   
APPQOSSYS                                                                                                                        ADMINISTER RESOURCE MANAGER              NO  YES YES                   
GSMADMIN_INTERNAL                                                                                                                ALTER ANY INDEX                          NO  YES YES                   
GSMADMIN_INTERNAL                                                                                                                LOCK ANY TABLE                           NO  YES YES                   
SYSBACKUP                                                                                                                        RESUMABLE                                NO  YES YES                   
SYSBACKUP                                                                                                                        SELECT ANY DICTIONARY                    NO  YES YES                   
SYSBACKUP                                                                                                                        ENABLE DIAGNOSTICS                       NO  YES YES                   
SYSDG                                                                                                                            ALTER SESSION                            NO  YES YES                   
SYSDG                                                                                                                            ALTER SYSTEM                             NO  YES YES                   
GGSYS                                                                                                                            ALTER ANY TABLE                          NO  YES YES                   
WMSYS                                                                                                                            CREATE ANY PROCEDURE                     NO  YES YES                   
WMSYS                                                                                                                            CREATE USER                              NO  YES YES                   
CTXSYS                                                                                                                           UNLIMITED TABLESPACE                     NO  YES YES                   
CTXSYS                                                                                                                           CREATE PROCEDURE                         NO  YES YES                   
OLAP_DBA                                                                                                                         INSERT ANY CUBE DIMENSION                NO  YES YES                   
OLAP_DBA                                                                                                                         DELETE ANY CUBE DIMENSION                NO  YES YES                   
OLAP_DBA                                                                                                                         DROP ANY CUBE                            NO  YES YES                   
OLAP_DBA                                                                                                                         INSERT ANY MEASURE FOLDER                NO  YES YES                   
LBACSYS                                                                                                                          ADMINISTER DATABASE TRIGGER              NO  YES YES                   
DV_ACCTMGR                                                                                                                       ALTER USER                               NO  YES YES                   
DV_ACCTMGR                                                                                                                       CREATE PROFILE                           NO  YES YES                   
CONNECT                                                                                                                          CREATE SESSION                           NO  YES YES                   
RESOURCE                                                                                                                         CREATE CLUSTER                           NO  YES YES                   
DBA                                                                                                                              DROP TABLESPACE                          NO  YES YES                   
DBA                                                                                                                              DROP ROLLBACK SEGMENT                    NO  YES YES                   
DBA                                                                                                                              CREATE TABLE                             NO  YES YES                   
DBA                                                                                                                              BACKUP ANY TABLE                         NO  YES YES                   
DBA                                                                                                                              COMMENT ANY TABLE                        NO  YES YES                   
DBA                                                                                                                              ALTER ANY CLUSTER                        NO  YES YES                   
DBA                                                                                                                              DROP ANY INDEX                           NO  YES YES                   
DBA                                                                                                                              CREATE DATABASE LINK                     NO  YES YES                   
DBA                                                                                                                              FORCE ANY TRANSACTION                    NO  YES YES                   
DBA                                                                                                                              CREATE ANY TRIGGER                       NO  YES YES                   
DBA                                                                                                                              DROP ANY TRIGGER                         NO  YES YES                   
DBA                                                                                                                              DROP ANY DIRECTORY                       NO  YES YES                   
DBA                                                                                                                              QUERY REWRITE                            NO  YES YES                   
DBA                                                                                                                              CREATE ANY DIMENSION                     NO  YES YES                   
DBA                                                                                                                              MANAGE ANY QUEUE                         NO  YES YES                   
DBA                                                                                                                              DROP ANY OUTLINE                         NO  YES YES                   
DBA                                                                                                                              MERGE ANY VIEW                           NO  YES YES                   
DBA                                                                                                                              DEBUG CONNECT SESSION                    NO  YES YES                   
DBA                                                                                                                              CREATE ANY RULE SET                      NO  YES YES                   
DBA                                                                                                                              EXPORT FULL DATABASE                     NO  YES YES                   
DBA                                                                                                                              CREATE RULE                              NO  YES YES                   
DBA                                                                                                                              EXECUTE ANY CLASS                        NO  YES YES                   
DBA                                                                                                                              MANAGE ANY FILE GROUP                    NO  YES YES                   
DBA                                                                                                                              CREATE ASSEMBLY                          NO  YES YES                   
DBA                                                                                                                              EXECUTE ANY ASSEMBLY                     NO  YES YES                   
DBA                                                                                                                              EXECUTE ASSEMBLY                         NO  YES YES                   
DBA                                                                                                                              SELECT ANY CUBE DIMENSION                NO  YES YES                   
DBA                                                                                                                              CREATE ANY CUBE                          NO  YES YES                   
DBA                                                                                                                              INSERT ANY MEASURE FOLDER                NO  YES YES                   
DBA                                                                                                                              CREATE ANY CUBE BUILD PROCESS            NO  YES YES                   
DBA                                                                                                                              ALTER ANY HIERARCHY                      NO  YES YES                   
DBA                                                                                                                              DROP ANY ANALYTIC VIEW                   NO  YES YES                   
CONNECT                                                                                                                          SET CONTAINER                            NO  YES YES                   
SYS                                                                                                                              ALTER SESSION                            NO  YES YES                   
SYS                                                                                                                              MANAGE TABLESPACE                        NO  YES YES                   
SYS                                                                                                                              DROP TABLESPACE                          NO  YES YES                   
SYS                                                                                                                              DROP ROLLBACK SEGMENT                    NO  YES YES                   
SYS                                                                                                                              ALTER ANY TABLE                          NO  YES YES                   
SYS                                                                                                                              INSERT ANY TABLE                         NO  YES YES                   
SYS                                                                                                                              CREATE SYNONYM                           NO  YES YES                   
SYS                                                                                                                              CREATE SEQUENCE                          NO  YES YES                   
SYS                                                                                                                              FORCE TRANSACTION                        NO  YES YES                   
SYS                                                                                                                              CREATE PROCEDURE                         NO  YES YES                   
SYS                                                                                                                              CREATE ANY TRIGGER                       NO  YES YES                   
SYS                                                                                                                              ALTER ANY MATERIALIZED VIEW              NO  YES YES                   
SYS                                                                                                                              CREATE TYPE                              NO  YES YES                   
SYS                                                                                                                              ALTER ANY LIBRARY                        NO  YES YES                   
SYS                                                                                                                              GLOBAL QUERY REWRITE                     NO  YES YES                   
SYS                                                                                                                              GRANT ANY OBJECT PRIVILEGE               NO  YES YES                   
SYS                                                                                                                              CREATE ANY EVALUATION CONTEXT            YES YES YES                   
SYS                                                                                                                              ALTER ANY EVALUATION CONTEXT             YES YES YES                   
SYS                                                                                                                              EXPORT FULL DATABASE                     NO  YES YES                   
SYS                                                                                                                              CREATE ANY RULE                          YES YES YES                   
SYS                                                                                                                              EXECUTE ANY RULE                         YES YES YES                   
SYS                                                                                                                              MANAGE FILE GROUP                        NO  YES YES                   
SYS                                                                                                                              READ ANY FILE GROUP                      NO  YES YES                   
SYS                                                                                                                              CREATE ASSEMBLY                          NO  YES YES                   
SYS                                                                                                                              CREATE ANY ASSEMBLY                      NO  YES YES                   
SYS                                                                                                                              DROP ANY CUBE DIMENSION                  NO  YES YES                   
SYS                                                                                                                              CREATE CUBE                              NO  YES YES                   
SYS                                                                                                                              SELECT ANY CUBE                          NO  YES YES                   
SYS                                                                                                                              ALTER LOCKDOWN PROFILE                   NO  YES YES                   
SYS                                                                                                                              CREATE CREDENTIAL                        NO  YES YES                   
SYS                                                                                                                              USE ANY JOB RESOURCE                     NO  YES YES                   
SYS                                                                                                                              EXECUTE DYNAMIC MLE                      NO  YES YES                   
SYS                                                                                                                              DROP ANY ANALYTIC VIEW                   NO  YES YES                   
EXP_FULL_DATABASE                                                                                                                SELECT ANY TABLE                         NO  YES YES                   
EXP_FULL_DATABASE                                                                                                                EXECUTE ANY PROCEDURE                    NO  YES YES                   
EXP_FULL_DATABASE                                                                                                                ADMINISTER SQL MANAGEMENT OBJECT         NO  YES YES                   
IMP_FULL_DATABASE                                                                                                                CREATE ANY TRIGGER                       NO  YES YES                   
IMP_FULL_DATABASE                                                                                                                CREATE PROFILE                           NO  YES YES                   
IMP_FULL_DATABASE                                                                                                                CREATE USER                              NO  YES YES                   
IMP_FULL_DATABASE                                                                                                                CREATE ANY DIRECTORY                     NO  YES YES                   
IMP_FULL_DATABASE                                                                                                                CREATE ANY OPERATOR                      NO  YES YES                   
IMP_FULL_DATABASE                                                                                                                GLOBAL QUERY REWRITE                     NO  YES YES                   
IMP_FULL_DATABASE                                                                                                                DROP ANY INDEX                           NO  YES YES                   
IMP_FULL_DATABASE                                                                                                                DROP ANY VIEW                            NO  YES YES                   
IMP_FULL_DATABASE                                                                                                                DROP ANY LIBRARY                         NO  YES YES                   
IMP_FULL_DATABASE                                                                                                                DROP ANY OPERATOR                        NO  YES YES                   
IMP_FULL_DATABASE                                                                                                                RESUMABLE                                NO  YES YES                   
GSMUSER_ROLE                                                                                                                     CREATE SESSION                           NO  YES YES                   
EXP_FULL_DATABASE                                                                                                                ANALYZE ANY                              NO  YES YES                   
EXP_FULL_DATABASE                                                                                                                CREATE SESSION                           NO  YES YES                   
EXP_FULL_DATABASE                                                                                                                CREATE TABLE                             NO  YES YES                   
IMP_FULL_DATABASE                                                                                                                DELETE ANY TABLE                         NO  YES YES                   
IMP_FULL_DATABASE                                                                                                                GRANT ANY OBJECT PRIVILEGE               NO  YES YES                   
DATAPUMP_IMP_FULL_DATABASE                                                                                                       ALTER DATABASE                           NO  YES YES                   
DATAPUMP_IMP_FULL_DATABASE                                                                                                       ALTER PROFILE                            NO  YES YES                   
DATAPUMP_IMP_FULL_DATABASE                                                                                                       ALTER USER                               NO  YES YES                   
DATAPUMP_IMP_FULL_DATABASE                                                                                                       GRANT ANY OBJECT PRIVILEGE               NO  YES YES                   
AVTUNE_PKG_ROLE                                                                                                                  CREATE JOB                               NO  YES YES                   
AVTUNE_PKG_ROLE                                                                                                                  ALTER SESSION                            NO  YES YES                   
RECOVERY_CATALOG_OWNER                                                                                                           CREATE TRIGGER                           NO  YES YES                   
RECOVERY_CATALOG_OWNER_VPD                                                                                                       CREATE ANY SYNONYM                       NO  YES YES                   
EM_EXPRESS_ALL                                                                                                                   GRANT ANY OBJECT PRIVILEGE               NO  YES YES                   
EM_EXPRESS_ALL                                                                                                                   GRANT ANY ROLE                           NO  YES YES                   
EM_EXPRESS_ALL                                                                                                                   CREATE USER                              NO  YES YES                   
EM_EXPRESS_ALL                                                                                                                   SET CONTAINER                            NO  YES YES                   
EM_EXPRESS_ALL                                                                                                                   ADMINISTER RESOURCE MANAGER              NO  YES YES                   
AUDSYS                                                                                                                           CREATE JOB                               NO  YES YES                   
SCHEDULER_ADMIN                                                                                                                  CREATE JOB                               YES YES YES                   
SCHEDULER_ADMIN                                                                                                                  CREATE ANY JOB                           YES YES YES                   
AQ_ADMINISTRATOR_ROLE                                                                                                            CREATE EVALUATION CONTEXT                YES YES YES                   
AQ_ADMINISTRATOR_ROLE                                                                                                            CREATE RULE                              YES YES YES                   
OEM_MONITOR                                                                                                                      CREATE JOB                               NO  YES YES                   
DBSNMP                                                                                                                           SELECT ANY DICTIONARY                    NO  YES YES                   
APPQOSSYS                                                                                                                        CREATE SESSION                           NO  YES YES                   
GSMADMIN_INTERNAL                                                                                                                CREATE ANY CREDENTIAL                    NO  YES YES                   
GSMADMIN_INTERNAL                                                                                                                ALTER ANY TABLE                          NO  YES YES                   
GSMCATUSER                                                                                                                       CREATE SESSION                           NO  YES YES                   
SYSBACKUP                                                                                                                        UNLIMITED TABLESPACE                     NO  YES YES                   
GGSYS                                                                                                                            SELECT ANY TABLE                         NO  YES YES                   
XDB                                                                                                                              CREATE LIBRARY                           NO  YES YES                   
WMSYS                                                                                                                            DROP ANY PROCEDURE                       NO  YES YES                   
WMSYS                                                                                                                            UPDATE ANY TABLE                         NO  YES YES                   
WMSYS                                                                                                                            DROP ANY SEQUENCE                        NO  YES YES                   
CTXSYS                                                                                                                           CREATE JOB                               NO  YES YES                   
OLAP_DBA                                                                                                                         DROP ANY TABLE                           NO  YES YES                   
OLAP_DBA                                                                                                                         CREATE ANY MEASURE FOLDER                NO  YES YES                   
MDSYS                                                                                                                            CREATE PUBLIC SYNONYM                    NO  YES YES                   

GRANTEE                                                                                                                          PRIVILEGE                                ADM COM INH                   
-------------------------------------------------------------------------------------------------------------------------------- ---------------------------------------- --- --- ---                   
DVSYS                                                                                                                            UNLIMITED TABLESPACE                     NO  YES YES                   
DV_ACCTMGR                                                                                                                       DROP PROFILE                             NO  YES YES                   
DATAPATCH_ROLE                                                                                                                   ALTER SESSION                            NO  YES YES                   
DBA                                                                                                                              CREATE SESSION                           NO  YES YES                   
DBA                                                                                                                              CREATE USER                              NO  YES YES                   
DBA                                                                                                                              CREATE ROLLBACK SEGMENT                  NO  YES YES                   
DBA                                                                                                                              SELECT ANY TABLE                         NO  YES YES                   
DBA                                                                                                                              REDEFINE ANY TABLE                       NO  YES YES                   
DBA                                                                                                                              DROP ANY CLUSTER                         NO  YES YES                   
DBA                                                                                                                              ALTER ANY INDEX                          NO  YES YES                   
DBA                                                                                                                              CREATE SYNONYM                           NO  YES YES                   
DBA                                                                                                                              DROP PUBLIC SYNONYM                      NO  YES YES                   
DBA                                                                                                                              DROP ANY SEQUENCE                        NO  YES YES                   
DBA                                                                                                                              CREATE ROLE                              NO  YES YES                   
DBA                                                                                                                              DROP ANY ROLE                            NO  YES YES                   
DBA                                                                                                                              ALTER RESOURCE COST                      NO  YES YES                   
DBA                                                                                                                              ANALYZE ANY                              NO  YES YES                   
DBA                                                                                                                              CREATE MATERIALIZED VIEW                 NO  YES YES                   
DBA                                                                                                                              DROP ANY MATERIALIZED VIEW               NO  YES YES                   
DBA                                                                                                                              CREATE OPERATOR                          NO  YES YES                   
DBA                                                                                                                              UNDER ANY TABLE                          NO  YES YES                   
DBA                                                                                                                              ALTER ANY OUTLINE                        NO  YES YES                   
DBA                                                                                                                              ADMINISTER RESOURCE MANAGER              NO  YES YES                   
DBA                                                                                                                              RESUMABLE                                NO  YES YES                   
DBA                                                                                                                              DEBUG ANY PROCEDURE                      NO  YES YES                   
DBA                                                                                                                              FLASHBACK ANY TABLE                      NO  YES YES                   
DBA                                                                                                                              EXECUTE ANY RULE SET                     NO  YES YES                   
DBA                                                                                                                              CREATE ANY RULE                          NO  YES YES                   
DBA                                                                                                                              MANAGE FILE GROUP                        NO  YES YES                   
DBA                                                                                                                              READ ANY FILE GROUP                      NO  YES YES                   
DBA                                                                                                                              CREATE EXTERNAL JOB                      NO  YES YES                   
DBA                                                                                                                              CREATE ANY EDITION                       NO  YES YES                   
DBA                                                                                                                              ALTER ANY ASSEMBLY                       NO  YES YES                   
DBA                                                                                                                              CREATE CUBE DIMENSION                    NO  YES YES                   
DBA                                                                                                                              INSERT ANY CUBE DIMENSION                NO  YES YES                   
DBA                                                                                                                              CREATE ANY MEASURE FOLDER                NO  YES YES                   
DBA                                                                                                                              ADMINISTER SQL MANAGEMENT OBJECT         NO  YES YES                   
DBA                                                                                                                              ALTER ANY SQL TRANSLATION PROFILE        NO  YES YES                   
DBA                                                                                                                              EM EXPRESS CONNECT                       NO  YES YES                   
DBA                                                                                                                              DROP ANY HIERARCHY                       NO  YES YES                   
SYSTEM                                                                                                                           DEQUEUE ANY QUEUE                        YES YES YES                   
AUDIT_ADMIN                                                                                                                      AUDIT ANY                                NO  YES YES                   
SYS                                                                                                                              ALTER SYSTEM                             NO  YES YES                   
SYS                                                                                                                              AUDIT SYSTEM                             NO  YES YES                   
SYS                                                                                                                              ALTER TABLESPACE                         NO  YES YES                   
SYS                                                                                                                              CREATE USER                              NO  YES YES                   
SYS                                                                                                                              ALTER ROLLBACK SEGMENT                   NO  YES YES                   
SYS                                                                                                                              DROP ANY TABLE                           NO  YES YES                   
SYS                                                                                                                              CREATE ANY SYNONYM                       NO  YES YES                   
SYS                                                                                                                              DROP ANY SEQUENCE                        NO  YES YES                   
SYS                                                                                                                              SELECT ANY SEQUENCE                      NO  YES YES                   
SYS                                                                                                                              CREATE PUBLIC DATABASE LINK              NO  YES YES                   
SYS                                                                                                                              CREATE ANY PROCEDURE                     NO  YES YES                   
SYS                                                                                                                              ALTER ANY PROCEDURE                      NO  YES YES                   
SYS                                                                                                                              CREATE TRIGGER                           NO  YES YES                   
SYS                                                                                                                              ALTER ANY TRIGGER                        NO  YES YES                   
SYS                                                                                                                              CREATE ANY MATERIALIZED VIEW             NO  YES YES                   
SYS                                                                                                                              CREATE ANY TYPE                          NO  YES YES                   
SYS                                                                                                                              ALTER ANY TYPE                           NO  YES YES                   
SYS                                                                                                                              UNDER ANY TYPE                           NO  YES YES                   
SYS                                                                                                                              CREATE LIBRARY                           NO  YES YES                   
SYS                                                                                                                              DROP ANY LIBRARY                         NO  YES YES                   
SYS                                                                                                                              ALTER ANY OPERATOR                       NO  YES YES                   
SYS                                                                                                                              DROP ANY OPERATOR                        NO  YES YES                   
SYS                                                                                                                              ALTER ANY INDEXTYPE                      NO  YES YES                   
SYS                                                                                                                              UNDER ANY TABLE                          NO  YES YES                   
SYS                                                                                                                              ADMINISTER DATABASE TRIGGER              NO  YES YES                   
SYS                                                                                                                              ALTER ANY RULE SET                       YES YES YES                   
SYS                                                                                                                              EXECUTE ANY PROGRAM                      NO  YES YES                   
SYS                                                                                                                              MANAGE SCHEDULER                         NO  YES YES                   
SYS                                                                                                                              ALTER ANY CUBE                           NO  YES YES                   
SYS                                                                                                                              CREATE MEASURE FOLDER                    NO  YES YES                   
SYS                                                                                                                              UPDATE ANY CUBE BUILD PROCESS            NO  YES YES                   
SYS                                                                                                                              USE ANY SQL TRANSLATION PROFILE          NO  YES YES                   
SYS                                                                                                                              CREATE ATTRIBUTE DIMENSION               NO  YES YES                   
IMP_FULL_DATABASE                                                                                                                CREATE ANY PROCEDURE                     NO  YES YES                   
IMP_FULL_DATABASE                                                                                                                EXECUTE ANY TYPE                         NO  YES YES                   
IMP_FULL_DATABASE                                                                                                                ADMINISTER DATABASE TRIGGER              NO  YES YES                   
IMP_FULL_DATABASE                                                                                                                DROP ANY CLUSTER                         NO  YES YES                   
IMP_FULL_DATABASE                                                                                                                DROP ANY SYNONYM                         NO  YES YES                   
IMP_FULL_DATABASE                                                                                                                DROP TABLESPACE                          NO  YES YES                   
IMP_FULL_DATABASE                                                                                                                DROP USER                                NO  YES YES                   
IMP_FULL_DATABASE                                                                                                                ALTER ANY PROCEDURE                      NO  YES YES                   
GSMADMIN_INTERNAL                                                                                                                MANAGE SCHEDULER                         NO  YES YES                   
IMP_FULL_DATABASE                                                                                                                ALTER TABLESPACE                         NO  YES YES                   
DATAPUMP_IMP_FULL_DATABASE                                                                                                       AUDIT SYSTEM                             NO  YES YES                   
DATAPUMP_IMP_FULL_DATABASE                                                                                                       CREATE PROFILE                           NO  YES YES                   
AVTUNE_PKG_ROLE                                                                                                                  CREATE MATERIALIZED VIEW                 NO  YES YES                   
RECOVERY_CATALOG_OWNER_VPD                                                                                                       CREATE ANY CONTEXT                       NO  YES YES                   
EM_EXPRESS_BASIC                                                                                                                 CREATE SESSION                           NO  YES YES                   
EM_EXPRESS_ALL                                                                                                                   CREATE PROFILE                           NO  YES YES                   
EXP_FULL_DATABASE                                                                                                                ADMINISTER RESOURCE MANAGER              NO  YES YES                   
DGPDB_INT                                                                                                                        CREATE SESSION                           NO  YES YES                   
AQ_ADMINISTRATOR_ROLE                                                                                                            ENQUEUE ANY QUEUE                        YES YES YES                   
DBSNMP                                                                                                                           INHERIT ANY PRIVILEGES                   NO  YES YES                   
DBSNMP                                                                                                                           CREATE TABLE                             NO  YES YES                   
GSMADMIN_INTERNAL                                                                                                                SELECT ANY DICTIONARY                    NO  YES YES                   
GSMADMIN_ROLE                                                                                                                    ALTER SYSTEM                             NO  YES YES                   
GSMADMIN_INTERNAL                                                                                                                SELECT ANY TABLE                         NO  YES YES                   
GSMADMIN_INTERNAL                                                                                                                UNLIMITED TABLESPACE                     NO  YES YES                   
SYSDG                                                                                                                            SELECT ANY DICTIONARY                    NO  YES YES                   
GGSYS                                                                                                                            CREATE DATABASE LINK                     NO  YES YES                   
XDB                                                                                                                              DROP PUBLIC SYNONYM                      NO  YES YES                   
XDB                                                                                                                              CREATE VIEW                              NO  YES YES                   
WMSYS                                                                                                                            DROP ANY INDEX                           NO  YES YES                   
WMSYS                                                                                                                            SELECT ANY TABLE                         NO  YES YES                   
WMSYS                                                                                                                            DROP ANY TRIGGER                         NO  YES YES                   
WMSYS                                                                                                                            DROP USER                                NO  YES YES                   
WMSYS                                                                                                                            INHERIT ANY PRIVILEGES                   NO  YES YES                   
OLAP_DBA                                                                                                                         SELECT ANY CUBE                          NO  YES YES                   
OLAP_DBA                                                                                                                         CREATE ANY CUBE BUILD PROCESS            NO  YES YES                   
OLAP_DBA                                                                                                                         CREATE JOB                               NO  YES YES                   
OLAP_USER                                                                                                                        CREATE CUBE BUILD PROCESS                NO  YES YES                   
LBACSYS                                                                                                                          CREATE SESSION                           NO  YES YES                   
MDSYS                                                                                                                            CREATE VIEW                              NO  YES YES                   
DV_ACCTMGR                                                                                                                       CREATE USER                              NO  YES YES                   
DV_ACCTMGR                                                                                                                       ALTER PROFILE                            NO  YES YES                   
RESOURCE                                                                                                                         CREATE TABLE                             NO  YES YES                   
RESOURCE                                                                                                                         CREATE TRIGGER                           NO  YES YES                   
RESOURCE                                                                                                                         CREATE TYPE                              NO  YES YES                   
RESOURCE                                                                                                                         CREATE OPERATOR                          NO  YES YES                   
RESOURCE                                                                                                                         CREATE INDEXTYPE                         NO  YES YES                   
DBA                                                                                                                              BECOME USER                              NO  YES YES                   
DBA                                                                                                                              DROP USER                                NO  YES YES                   
DBA                                                                                                                              INSERT ANY TABLE                         NO  YES YES                   
DBA                                                                                                                              DROP ANY SYNONYM                         NO  YES YES                   
DBA                                                                                                                              CREATE VIEW                              NO  YES YES                   
DBA                                                                                                                              CREATE TYPE                              NO  YES YES                   
DBA                                                                                                                              EXECUTE ANY OPERATOR                     NO  YES YES                   
DBA                                                                                                                              CREATE INDEXTYPE                         NO  YES YES                   
DBA                                                                                                                              GLOBAL QUERY REWRITE                     NO  YES YES                   
DBA                                                                                                                              ALTER ANY DIMENSION                      NO  YES YES                   
DBA                                                                                                                              ADMINISTER DATABASE TRIGGER              NO  YES YES                   
DBA                                                                                                                              SELECT ANY DICTIONARY                    NO  YES YES                   
DBA                                                                                                                              GRANT ANY OBJECT PRIVILEGE               NO  YES YES                   
DBA                                                                                                                              DROP ANY RULE SET                        NO  YES YES                   
DBA                                                                                                                              DROP ANY RULE                            NO  YES YES                   
DBA                                                                                                                              EXECUTE ANY PROGRAM                      NO  YES YES                   
DBA                                                                                                                              ALTER ANY EDITION                        NO  YES YES                   
DBA                                                                                                                              CREATE MINING MODEL                      NO  YES YES                   
DBA                                                                                                                              CREATE ANY MINING MODEL                  NO  YES YES                   
DBA                                                                                                                              ALTER ANY MINING MODEL                   NO  YES YES                   
DBA                                                                                                                              UPDATE ANY CUBE                          NO  YES YES                   
DBA                                                                                                                              ALTER LOCKDOWN PROFILE                   NO  YES YES                   
DBA                                                                                                                              EXECUTE DYNAMIC MLE                      NO  YES YES                   
DBA                                                                                                                              SELECT ANY CUBE BUILD PROCESS            NO  YES YES                   
DBA                                                                                                                              DROP ANY ATTRIBUTE DIMENSION             NO  YES YES                   

GRANTEE                                                                                                                          PRIVILEGE                                ADM COM INH                   
-------------------------------------------------------------------------------------------------------------------------------- ---------------------------------------- --- --- ---                   
DBA                                                                                                                              CREATE ANALYTIC VIEW                     NO  YES YES                   
SYSTEM                                                                                                                           GLOBAL QUERY REWRITE                     NO  YES YES                   
CDB_DBA                                                                                                                          SET CONTAINER                            NO  YES YES                   
SYS                                                                                                                              CREATE TABLESPACE                        NO  YES YES                   
SYS                                                                                                                              CREATE TABLE                             NO  YES YES                   
SYS                                                                                                                              CREATE ANY TABLE                         NO  YES YES                   
SYS                                                                                                                              COMMENT ANY TABLE                        NO  YES YES                   
SYS                                                                                                                              CREATE ANY CLUSTER                       NO  YES YES                   
SYS                                                                                                                              ALTER ANY ROLE                           NO  YES YES                   
SYS                                                                                                                              AUDIT ANY                                NO  YES YES                   
SYS                                                                                                                              FORCE ANY TRANSACTION                    NO  YES YES                   
SYS                                                                                                                              EXECUTE ANY PROCEDURE                    NO  YES YES                   
SYS                                                                                                                              ALTER PROFILE                            NO  YES YES                   
SYS                                                                                                                              DROP PROFILE                             NO  YES YES                   
SYS                                                                                                                              ALTER RESOURCE COST                      NO  YES YES                   
SYS                                                                                                                              EXECUTE ANY INDEXTYPE                    NO  YES YES                   
SYS                                                                                                                              ENQUEUE ANY QUEUE                        YES YES YES                   
SYS                                                                                                                              DROP ANY CONTEXT                         NO  YES YES                   
SYS                                                                                                                              MERGE ANY VIEW                           NO  YES YES                   
SYS                                                                                                                              DEBUG ANY PROCEDURE                      NO  YES YES                   
SYS                                                                                                                              DROP ANY EVALUATION CONTEXT              YES YES YES                   
SYS                                                                                                                              CREATE ANY JOB                           NO  YES YES                   
SYS                                                                                                                              EXECUTE ANY CLASS                        NO  YES YES                   
SYS                                                                                                                              CREATE EXTERNAL JOB                      NO  YES YES                   
SYS                                                                                                                              CREATE ANY EDITION                       NO  YES YES                   
SYS                                                                                                                              ALTER ANY ASSEMBLY                       NO  YES YES                   
SYS                                                                                                                              EXECUTE ANY ASSEMBLY                     NO  YES YES                   
SYS                                                                                                                              CREATE ANY MINING MODEL                  NO  YES YES                   
SYS                                                                                                                              CREATE ANY CUBE                          NO  YES YES                   
SYS                                                                                                                              CREATE ANY CUBE BUILD PROCESS            NO  YES YES                   
SYS                                                                                                                              CREATE ANY SQL TRANSLATION PROFILE       NO  YES YES                   
SYS                                                                                                                              ALTER ANY MEASURE FOLDER                 NO  YES YES                   
SYS                                                                                                                              CREATE HIERARCHY                         NO  YES YES                   
SYS                                                                                                                              ALTER ANY HIERARCHY                      NO  YES YES                   
SYS                                                                                                                              DROP LOGICAL PARTITION TRACKING          NO  YES YES                   
EXP_FULL_DATABASE                                                                                                                RESUMABLE                                NO  YES YES                   
IMP_FULL_DATABASE                                                                                                                BECOME USER                              NO  YES YES                   
IMP_FULL_DATABASE                                                                                                                CREATE ANY SYNONYM                       NO  YES YES                   
IMP_FULL_DATABASE                                                                                                                CREATE ANY VIEW                          NO  YES YES                   
IMP_FULL_DATABASE                                                                                                                CREATE PUBLIC SYNONYM                    NO  YES YES                   
IMP_FULL_DATABASE                                                                                                                CREATE ROLLBACK SEGMENT                  NO  YES YES                   
IMP_FULL_DATABASE                                                                                                                CREATE ROLE                              NO  YES YES                   
IMP_FULL_DATABASE                                                                                                                CREATE TABLESPACE                        NO  YES YES                   
IMP_FULL_DATABASE                                                                                                                SELECT ANY TABLE                         NO  YES YES                   
IMP_FULL_DATABASE                                                                                                                EXECUTE ANY PROCEDURE                    NO  YES YES                   
IMP_FULL_DATABASE                                                                                                                DROP PUBLIC SYNONYM                      NO  YES YES                   
IMP_FULL_DATABASE                                                                                                                DROP ANY INDEXTYPE                       NO  YES YES                   
GSMADMIN_INTERNAL                                                                                                                ALTER SYSTEM                             NO  YES YES                   
DIP                                                                                                                              CREATE SESSION                           NO  YES YES                   
IMP_FULL_DATABASE                                                                                                                GRANT ANY ROLE                           NO  YES YES                   
DATAPUMP_IMP_FULL_DATABASE                                                                                                       CREATE SESSION                           NO  YES YES                   
DATAPUMP_IMP_FULL_DATABASE                                                                                                       EXECUTE ANY OPERATOR                     NO  YES YES                   
DATAPUMP_IMP_FULL_DATABASE                                                                                                       GRANT ANY PRIVILEGE                      NO  YES YES                   
AVTUNE_PKG_ROLE                                                                                                                  CREATE TABLE                             NO  YES YES                   
RECOVERY_CATALOG_OWNER                                                                                                           CREATE CLUSTER                           NO  YES YES                   
RECOVERY_CATALOG_OWNER_VPD                                                                                                       DROP ANY SYNONYM                         NO  YES YES                   
RECOVERY_CATALOG_OWNER_VPD                                                                                                       ADMINISTER DATABASE TRIGGER              NO  YES YES                   
EM_EXPRESS_ALL                                                                                                                   ADVISOR                                  NO  YES YES                   
EM_EXPRESS_ALL                                                                                                                   ALTER SYSTEM                             NO  YES YES                   
EM_EXPRESS_ALL                                                                                                                   DROP ANY ROLE                            NO  YES YES                   
EM_EXPRESS_ALL                                                                                                                   ALTER USER                               NO  YES YES                   
AUDSYS                                                                                                                           SET CONTAINER                            NO  YES YES                   
SCHEDULER_ADMIN                                                                                                                  CREATE CREDENTIAL                        YES YES YES                   
AQ_ADMINISTRATOR_ROLE                                                                                                            DEQUEUE ANY QUEUE                        YES YES YES                   
OEM_ADVISOR                                                                                                                      ADVISOR                                  NO  YES YES                   
OEM_ADVISOR                                                                                                                      CREATE JOB                               NO  YES YES                   
APPQOSSYS                                                                                                                        ALTER SESSION                            NO  YES YES                   
GSMADMIN_INTERNAL                                                                                                                CREATE SESSION                           YES YES YES                   
GSMADMIN_INTERNAL                                                                                                                CREATE DATABASE LINK                     YES YES YES                   
GSMADMIN_INTERNAL                                                                                                                DROP PUBLIC DATABASE LINK                NO  YES YES                   
GSMADMIN_INTERNAL                                                                                                                CREATE ANY JOB                           NO  YES YES                   
GSMUSER_ROLE                                                                                                                     EXEMPT ACCESS POLICY                     NO  YES YES                   
SYSBACKUP                                                                                                                        ALTER TABLESPACE                         NO  YES YES                   
SYSBACKUP                                                                                                                        AUDIT ANY                                NO  YES YES                   
SYSBACKUP                                                                                                                        CREATE ANY DIRECTORY                     NO  YES YES                   
SYSRAC                                                                                                                           ALTER SYSTEM                             NO  YES YES                   
ANONYMOUS                                                                                                                        CREATE SESSION                           NO  YES YES                   
XDB                                                                                                                              CREATE SESSION                           NO  YES YES                   
XDB                                                                                                                              CREATE PUBLIC SYNONYM                    NO  YES YES                   
WMSYS                                                                                                                            ALTER SESSION                            NO  YES YES                   
WMSYS                                                                                                                            INSERT ANY TABLE                         NO  YES YES                   
WMSYS                                                                                                                            UNLIMITED TABLESPACE                     NO  YES YES                   
OJVMSYS                                                                                                                          UNLIMITED TABLESPACE                     NO  YES YES                   
JAVADEBUGPRIV                                                                                                                    DEBUG ANY PROCEDURE                      NO  YES YES                   
CTXSYS                                                                                                                           CREATE TABLE                             NO  YES YES                   
XDB                                                                                                                              CREATE JOB                               NO  YES YES                   
ORDSYS                                                                                                                           UNLIMITED TABLESPACE                     NO  YES YES                   
OLAP_DBA                                                                                                                         UPDATE ANY CUBE DIMENSION                NO  YES YES                   
OLAP_DBA                                                                                                                         DELETE ANY MEASURE FOLDER                NO  YES YES                   
OLAP_DBA                                                                                                                         DROP ANY MEASURE FOLDER                  NO  YES YES                   
OLAP_DBA                                                                                                                         UPDATE ANY CUBE BUILD PROCESS            NO  YES YES                   
DVF                                                                                                                              CREATE PROCEDURE                         NO  YES YES                   
DVSYS                                                                                                                            CREATE ROLE                              NO  YES YES                   
DV_ACCTMGR                                                                                                                       DROP USER                                NO  YES YES                   
DV_ACCTMGR                                                                                                                       CREATE SESSION                           YES YES YES                   
DBA                                                                                                                              AUDIT SYSTEM                             NO  YES YES                   
DBA                                                                                                                              ALTER ANY TABLE                          NO  YES YES                   
DBA                                                                                                                              ALTER ANY SEQUENCE                       NO  YES YES                   
DBA                                                                                                                              DROP PUBLIC DATABASE LINK                NO  YES YES                   
DBA                                                                                                                              AUDIT ANY                                NO  YES YES                   
DBA                                                                                                                              ALTER ANY TYPE                           NO  YES YES                   
DBA                                                                                                                              DROP ANY TYPE                            NO  YES YES                   
DBA                                                                                                                              EXECUTE ANY LIBRARY                      NO  YES YES                   
DBA                                                                                                                              CREATE ANY OPERATOR                      NO  YES YES                   
DBA                                                                                                                              DROP ANY OPERATOR                        NO  YES YES                   
DBA                                                                                                                              CREATE ANY INDEXTYPE                     NO  YES YES                   
DBA                                                                                                                              DROP ANY INDEXTYPE                       NO  YES YES                   
DBA                                                                                                                              EXECUTE ANY INDEXTYPE                    NO  YES YES                   
DBA                                                                                                                              IMPORT FULL DATABASE                     NO  YES YES                   
DBA                                                                                                                              EXECUTE ANY RULE                         NO  YES YES                   
DBA                                                                                                                              CREATE JOB                               NO  YES YES                   
DBA                                                                                                                              DROP ANY SQL PROFILE                     NO  YES YES                   
DBA                                                                                                                              ALTER ANY SQL PROFILE                    NO  YES YES                   
DBA                                                                                                                              CREATE ANY SQL PROFILE                   NO  YES YES                   
DBA                                                                                                                              CHANGE NOTIFICATION                      NO  YES YES                   
DBA                                                                                                                              DROP ANY EDITION                         NO  YES YES                   
DBA                                                                                                                              CREATE ANY ASSEMBLY                      NO  YES YES                   
DBA                                                                                                                              COMMENT ANY MINING MODEL                 NO  YES YES                   
DBA                                                                                                                              DROP ANY MEASURE FOLDER                  NO  YES YES                   
DBA                                                                                                                              READ ANY TABLE                           NO  YES YES                   
SYSTEM                                                                                                                           UNLIMITED TABLESPACE                     NO  YES YES                   
SYSTEM                                                                                                                           ENQUEUE ANY QUEUE                        YES YES YES                   
SYSTEM                                                                                                                           CREATE MATERIALIZED VIEW                 NO  YES YES                   
AUDIT_ADMIN                                                                                                                      AUDIT SYSTEM                             NO  YES YES                   
SYS                                                                                                                              BACKUP ANY TABLE                         NO  YES YES                   
SYS                                                                                                                              LOCK ANY TABLE                           NO  YES YES                   
SYS                                                                                                                              REDEFINE ANY TABLE                       NO  YES YES                   
SYS                                                                                                                              ALTER ANY CLUSTER                        NO  YES YES                   
SYS                                                                                                                              ALTER ANY SEQUENCE                       NO  YES YES                   
SYS                                                                                                                              CREATE ROLE                              NO  YES YES                   
SYS                                                                                                                              GRANT ANY PRIVILEGE                      NO  YES YES                   
SYS                                                                                                                              EXECUTE ANY LIBRARY                      NO  YES YES                   
SYS                                                                                                                              QUERY REWRITE                            NO  YES YES                   
SYS                                                                                                                              CREATE DIMENSION                         NO  YES YES                   
SYS                                                                                                                              ALTER ANY DIMENSION                      NO  YES YES                   
SYS                                                                                                                              DEQUEUE ANY QUEUE                        YES YES YES                   
SYS                                                                                                                              DROP ANY OUTLINE                         NO  YES YES                   
SYS                                                                                                                              ADMINISTER RESOURCE MANAGER              NO  YES YES                   
SYS                                                                                                                              EXECUTE ANY EVALUATION CONTEXT           YES YES YES                   
SYS                                                                                                                              DROP ANY RULE SET                        YES YES YES                   
SYS                                                                                                                              ALTER ANY SQL PROFILE                    NO  YES YES                   
SYS                                                                                                                              ADMINISTER SQL TUNING SET                NO  YES YES                   
SYS                                                                                                                              DROP ANY EDITION                         NO  YES YES                   
SYS                                                                                                                              DROP ANY MINING MODEL                    NO  YES YES                   
SYS                                                                                                                              ALTER ANY MINING MODEL                   NO  YES YES                   
SYS                                                                                                                              ALTER ANY CUBE DIMENSION                 NO  YES YES                   
SYS                                                                                                                              CREATE ANY CUBE DIMENSION                NO  YES YES                   

GRANTEE                                                                                                                          PRIVILEGE                                ADM COM INH                   
-------------------------------------------------------------------------------------------------------------------------------- ---------------------------------------- --- --- ---                   
SYS                                                                                                                              INSERT ANY MEASURE FOLDER                NO  YES YES                   
SYS                                                                                                                              UPDATE ANY CUBE DIMENSION                NO  YES YES                   
SYS                                                                                                                              ALTER ANY SQL TRANSLATION PROFILE        NO  YES YES                   
SYS                                                                                                                              DROP ANY SQL TRANSLATION PROFILE         NO  YES YES                   
SYS                                                                                                                              SELECT ANY MEASURE FOLDER                NO  YES YES                   
SYS                                                                                                                              READ ANY TABLE                           NO  YES YES                   
SYS                                                                                                                              CREATE ANY ATTRIBUTE DIMENSION           NO  YES YES                   
SYS                                                                                                                              CREATE ANY ANALYTIC VIEW                 NO  YES YES                   
IMP_FULL_DATABASE                                                                                                                CREATE PUBLIC DATABASE LINK              NO  YES YES                   
IMP_FULL_DATABASE                                                                                                                CREATE ANY CONTEXT                       NO  YES YES                   
IMP_FULL_DATABASE                                                                                                                CREATE ANY INDEXTYPE                     NO  YES YES                   
IMP_FULL_DATABASE                                                                                                                DROP ANY TABLE                           NO  YES YES                   
IMP_FULL_DATABASE                                                                                                                DROP ANY MATERIALIZED VIEW               NO  YES YES                   
IMP_FULL_DATABASE                                                                                                                DROP ANY TYPE                            NO  YES YES                   
IMP_FULL_DATABASE                                                                                                                ANALYZE ANY                              NO  YES YES                   
IMP_FULL_DATABASE                                                                                                                DROP ANY SQL PROFILE                     NO  YES YES                   
EXP_FULL_DATABASE                                                                                                                EXEMPT REDACTION POLICY                  NO  YES YES                   
IMP_FULL_DATABASE                                                                                                                EXECUTE ANY OPERATOR                     NO  YES YES                   
IMP_FULL_DATABASE                                                                                                                GRANT ANY PRIVILEGE                      NO  YES YES                   
DATAPUMP_IMP_FULL_DATABASE                                                                                                       ALTER RESOURCE COST                      NO  YES YES                   
XS_CONNECT                                                                                                                       CREATE SESSION                           NO  YES YES                   
DBSFWUSER                                                                                                                        CREATE SESSION                           NO  YES YES                   
ORACLE_OCM                                                                                                                       CREATE JOB                               NO  YES YES                   
RECOVERY_CATALOG_OWNER                                                                                                           ALTER SESSION                            NO  YES YES                   
RECOVERY_CATALOG_OWNER                                                                                                           CREATE DATABASE LINK                     NO  YES YES                   
RECOVERY_CATALOG_OWNER                                                                                                           CREATE TYPE                              NO  YES YES                   
EM_EXPRESS_BASIC                                                                                                                 EM EXPRESS CONNECT                       NO  YES YES                   
EM_EXPRESS_ALL                                                                                                                   ADMINISTER SQL TUNING SET                NO  YES YES                   
EM_EXPRESS_ALL                                                                                                                   ADMINISTER ANY SQL TUNING SET            NO  YES YES                   
SYSUMF_ROLE                                                                                                                      ADMINISTER SQL MANAGEMENT OBJECT         NO  YES YES                   
SCHEDULER_ADMIN                                                                                                                  EXECUTE ANY CLASS                        YES YES YES                   
OEM_MONITOR                                                                                                                      ADVISOR                                  NO  YES YES                   
DBSNMP                                                                                                                           CREATE PROCEDURE                         NO  YES YES                   
GSMADMIN_INTERNAL                                                                                                                DROP ANY INDEX                           NO  YES YES                   
SYSBACKUP                                                                                                                        CREATE ANY CLUSTER                       NO  YES YES                   
SYSRAC                                                                                                                           ALTER DATABASE                           NO  YES YES                   
XDB                                                                                                                              UNLIMITED TABLESPACE                     NO  YES YES                   
XDB                                                                                                                              ALTER SESSION                            NO  YES YES                   
WMSYS                                                                                                                            SELECT ANY DICTIONARY                    NO  YES YES                   
WMSYS                                                                                                                            ALTER ANY INDEX                          NO  YES YES                   
WMSYS                                                                                                                            EXECUTE ANY TYPE                         NO  YES YES                   
WMSYS                                                                                                                            ALTER USER                               NO  YES YES                   
WMSYS                                                                                                                            SELECT ANY SEQUENCE                      NO  YES YES                   
OLAP_DBA                                                                                                                         DELETE ANY TABLE                         NO  YES YES                   
OLAP_DBA                                                                                                                         SELECT ANY CUBE DIMENSION                NO  YES YES                   
OLAP_DBA                                                                                                                         UPDATE ANY CUBE                          NO  YES YES                   
OLAP_DBA                                                                                                                         CREATE SEQUENCE                          NO  YES YES                   
OLAP_USER                                                                                                                        CREATE CUBE DIMENSION                    NO  YES YES                   
MDSYS                                                                                                                            CREATE TRIGGER                           NO  YES YES                   
DBA                                                                                                                              MANAGE TABLESPACE                        NO  YES YES                   
DBA                                                                                                                              CREATE ANY TABLE                         NO  YES YES                   
DBA                                                                                                                              CREATE SEQUENCE                          NO  YES YES                   
DBA                                                                                                                              GRANT ANY ROLE                           NO  YES YES                   
DBA                                                                                                                              ALTER ANY ROLE                           NO  YES YES                   
DBA                                                                                                                              CREATE ANY PROCEDURE                     NO  YES YES                   
DBA                                                                                                                              ALTER ANY PROCEDURE                      NO  YES YES                   
DBA                                                                                                                              DROP ANY PROCEDURE                       NO  YES YES                   
DBA                                                                                                                              EXECUTE ANY PROCEDURE                    NO  YES YES                   
DBA                                                                                                                              CREATE ANY DIRECTORY                     NO  YES YES                   
DBA                                                                                                                              CREATE ANY TYPE                          NO  YES YES                   
DBA                                                                                                                              CREATE ANY LIBRARY                       NO  YES YES                   
DBA                                                                                                                              DROP ANY LIBRARY                         NO  YES YES                   
DBA                                                                                                                              ALTER ANY INDEXTYPE                      NO  YES YES                   
DBA                                                                                                                              ENQUEUE ANY QUEUE                        NO  YES YES                   
DBA                                                                                                                              DEQUEUE ANY QUEUE                        NO  YES YES                   
DBA                                                                                                                              ADVISOR                                  NO  YES YES                   
DBA                                                                                                                              DROP ANY ASSEMBLY                        NO  YES YES                   
DBA                                                                                                                              ALTER ANY CUBE DIMENSION                 NO  YES YES                   
DBA                                                                                                                              CREATE ANY CUBE DIMENSION                NO  YES YES                   
DBA                                                                                                                              ALTER ANY CUBE                           NO  YES YES                   
DBA                                                                                                                              DROP ANY CUBE BUILD PROCESS              NO  YES YES                   
DBA                                                                                                                              UPDATE ANY CUBE DIMENSION                NO  YES YES                   
DBA                                                                                                                              USE ANY SQL TRANSLATION PROFILE          NO  YES YES                   
DBA                                                                                                                              SET CONTAINER                            NO  YES YES                   
DBA                                                                                                                              ENABLE DIAGNOSTICS                       NO  YES YES                   
SYSTEM                                                                                                                           MANAGE ANY QUEUE                         YES YES YES                   
SYS                                                                                                                              CREATE SESSION                           NO  YES YES                   
SYS                                                                                                                              RESTRICTED SESSION                       NO  YES YES                   
SYS                                                                                                                              BECOME USER                              NO  YES YES                   
SYS                                                                                                                              CREATE ROLLBACK SEGMENT                  NO  YES YES                   
SYS                                                                                                                              SELECT ANY TABLE                         YES YES YES                   
SYS                                                                                                                              UPDATE ANY TABLE                         NO  YES YES                   
SYS                                                                                                                              CREATE ANY INDEX                         NO  YES YES                   
SYS                                                                                                                              ALTER ANY INDEX                          NO  YES YES                   
SYS                                                                                                                              CREATE DATABASE LINK                     NO  YES YES                   
SYS                                                                                                                              DROP ANY PROCEDURE                       NO  YES YES                   
SYS                                                                                                                              ANALYZE ANY                              NO  YES YES                   
SYS                                                                                                                              DROP ANY MATERIALIZED VIEW               NO  YES YES                   
SYS                                                                                                                              DROP ANY TYPE                            NO  YES YES                   
SYS                                                                                                                              EXECUTE ANY OPERATOR                     NO  YES YES                   
SYS                                                                                                                              DROP ANY INDEXTYPE                       NO  YES YES                   
SYS                                                                                                                              MANAGE ANY QUEUE                         YES YES YES                   
SYS                                                                                                                              CREATE ANY CONTEXT                       NO  YES YES                   
SYS                                                                                                                              CREATE ANY OUTLINE                       NO  YES YES                   
SYS                                                                                                                              DEBUG CONNECT ANY                        NO  YES YES                   
SYS                                                                                                                              CREATE EVALUATION CONTEXT                YES YES YES                   
SYS                                                                                                                              ADVISOR                                  NO  YES YES                   
SYS                                                                                                                              CREATE ANY SQL PROFILE                   NO  YES YES                   
SYS                                                                                                                              CREATE MINING MODEL                      NO  YES YES                   
SYS                                                                                                                              SELECT ANY MINING MODEL                  NO  YES YES                   
SYS                                                                                                                              COMMENT ANY MINING MODEL                 NO  YES YES                   
SYS                                                                                                                              INSERT ANY CUBE DIMENSION                NO  YES YES                   
SYS                                                                                                                              ADMINISTER SQL MANAGEMENT OBJECT         NO  YES YES                   
SYS                                                                                                                              CREATE SQL TRANSLATION PROFILE           NO  YES YES                   
SYS                                                                                                                              CREATE PLUGGABLE DATABASE                NO  YES YES                   
SYS                                                                                                                              SET CONTAINER                            NO  YES YES                   
SYS                                                                                                                              ALTER ANY CUBE BUILD PROCESS             NO  YES YES                   
SYS                                                                                                                              ALTER ANY ATTRIBUTE DIMENSION            NO  YES YES                   
SYS                                                                                                                              CREATE ANY HIERARCHY                     NO  YES YES                   
SYS                                                                                                                              CREATE LOGICAL PARTITION TRACKING        NO  YES YES                   
EXP_FULL_DATABASE                                                                                                                BACKUP ANY TABLE                         NO  YES YES                   
IMP_FULL_DATABASE                                                                                                                CREATE ANY INDEX                         NO  YES YES                   
IMP_FULL_DATABASE                                                                                                                CREATE ANY MATERIALIZED VIEW             NO  YES YES                   
IMP_FULL_DATABASE                                                                                                                AUDIT ANY                                NO  YES YES                   
IMP_FULL_DATABASE                                                                                                                CREATE ANY DIMENSION                     NO  YES YES                   
IMP_FULL_DATABASE                                                                                                                DROP ANY OUTLINE                         NO  YES YES                   
IMP_FULL_DATABASE                                                                                                                DROP ANY TRIGGER                         NO  YES YES                   
IMP_FULL_DATABASE                                                                                                                DROP PUBLIC DATABASE LINK                NO  YES YES                   
IMP_FULL_DATABASE                                                                                                                DROP ANY ROLE                            NO  YES YES                   
IMP_FULL_DATABASE                                                                                                                DROP ANY DIMENSION                       NO  YES YES                   
EXP_FULL_DATABASE                                                                                                                FLASHBACK ANY TABLE                      NO  YES YES                   
DATAPUMP_EXP_FULL_DATABASE                                                                                                       CREATE TABLE                             NO  YES YES                   
AVTUNE_PKG_ROLE                                                                                                                  CREATE TRIGGER                           NO  YES YES                   
ORACLE_OCM                                                                                                                       SET CONTAINER                            NO  YES YES                   
EM_EXPRESS_ALL                                                                                                                   ALTER TABLESPACE                         NO  YES YES                   
AUDSYS                                                                                                                           ALTER SESSION                            NO  YES YES                   
AUDSYS                                                                                                                           SELECT ANY DICTIONARY                    NO  YES YES                   
SYSUMF_ROLE                                                                                                                      ADVISOR                                  NO  YES YES                   
SYS$UMF                                                                                                                          CREATE SESSION                           NO  YES YES                   
SCHEDULER_ADMIN                                                                                                                  CREATE EXTERNAL JOB                      YES YES YES                   
SCHEDULER_ADMIN                                                                                                                  CREATE ANY CREDENTIAL                    YES YES YES                   
OEM_MONITOR                                                                                                                      CREATE SESSION                           NO  YES YES                   
OEM_MONITOR                                                                                                                      MANAGE ANY QUEUE                         NO  YES YES                   
GSMADMIN_INTERNAL                                                                                                                INHERIT ANY PRIVILEGES                   NO  YES YES                   
GSMADMIN_INTERNAL                                                                                                                ALTER DATABASE                           NO  YES YES                   
GSMADMIN_INTERNAL                                                                                                                CREATE JOB                               NO  YES YES                   
SYSBACKUP                                                                                                                        ALTER SESSION                            NO  YES YES                   
SYSBACKUP                                                                                                                        CREATE ANY TABLE                         NO  YES YES                   
SYSDG                                                                                                                            ALTER DATABASE                           NO  YES YES                   
GGSYS                                                                                                                            UNLIMITED TABLESPACE                     NO  YES YES                   
SYSRAC                                                                                                                           ALTER SESSION                            NO  YES YES                   
XDB                                                                                                                              INHERIT ANY PRIVILEGES                   NO  YES YES                   
WMSYS                                                                                                                            EXECUTE ANY PROCEDURE                    NO  YES YES                   
WMSYS                                                                                                                            DELETE ANY TABLE                         NO  YES YES                   
WMSYS                                                                                                                            DROP ANY TABLE                           NO  YES YES                   
WMSYS                                                                                                                            CREATE ANY VIEW                          NO  YES YES                   
WMSYS                                                                                                                            DROP ANY VIEW                            NO  YES YES                   

GRANTEE                                                                                                                          PRIVILEGE                                ADM COM INH                   
-------------------------------------------------------------------------------------------------------------------------------- ---------------------------------------- --- --- ---                   
CTXSYS                                                                                                                           CREATE SESSION                           NO  YES YES                   
CTXSYS                                                                                                                           ALTER SESSION                            NO  YES YES                   
CTXSYS                                                                                                                           CREATE VIEW                              NO  YES YES                   
OLAP_DBA                                                                                                                         CREATE ANY TABLE                         NO  YES YES                   
OLAP_DBA                                                                                                                         INSERT ANY TABLE                         NO  YES YES                   
OLAP_DBA                                                                                                                         CREATE ANY CUBE                          NO  YES YES                   
OLAP_DBA                                                                                                                         CREATE ANY VIEW                          NO  YES YES                   
OLAP_USER                                                                                                                        CREATE MEASURE FOLDER                    NO  YES YES                   
MDSYS                                                                                                                            CREATE TABLE                             NO  YES YES                   
MDSYS                                                                                                                            CREATE ANY SEQUENCE                      NO  YES YES                   
MDSYS                                                                                                                            ADMINISTER DATABASE TRIGGER              NO  YES YES                   
DVSYS                                                                                                                            CREATE ANY CONTEXT                       NO  YES YES                   
DVSYS                                                                                                                            DROP ANY CONTEXT                         NO  YES YES                   

895 rows selected.

SQL> desc dba_ts_quotas;
 Name                                                                                                              Null?    Type
 ----------------------------------------------------------------------------------------------------------------- -------- ----------------------------------------------------------------------------
 TABLESPACE_NAME                                                                                                   NOT NULL VARCHAR2(30)
 USERNAME                                                                                                          NOT NULL VARCHAR2(128)
 BYTES                                                                                                                      NUMBER
 MAX_BYTES                                                                                                                  NUMBER
 BLOCKS                                                                                                                     NUMBER
 MAX_BLOCKS                                                                                                                 NUMBER
 DROPPED                                                                                                                    VARCHAR2(3)

SQL> select * from dba_ts_quotas where username='cdac';

no rows selected

SQL> select * from dba_ts_quotas where username='CDAC';

TABLESPACE_NAME                USERNAME                  BYTES  MAX_BYTES     BLOCKS MAX_BLOCKS DRO                                                                                                     
------------------------------ -------------------- ---------- ---------- ---------- ---------- ---                                                                                                     
USERS                          CDAC                          0   10485760          0       1280 NO                                                                                                      

SQL> SHOW USER
USER is "SYS"
SQL> create user cdac2 identified by cdac123 quota 10m on users;

User created.

SQL> grant CREATE SESSION, CREATE TABLE, CREATE VIEW to CDAC2;

Grant succeeded.

SQL> select * from dba_ts_quotas where username='CDAC2';

TABLESPACE_NAME                USERNAME                  BYTES  MAX_BYTES     BLOCKS MAX_BLOCKS DRO                                                                                                     
------------------------------ -------------------- ---------- ---------- ---------- ---------- ---                                                                                                     
USERS                          CDAC2                         0   10485760          0       1280 NO                                                                                                      

SQL> conn cdac2/cdac123@xepdb1;
Connected.
SQL> show user
USER is "CDAC2"
SQL> alter user cdac2 identified by 123;

User altered.

SQL> conn cdac2/cdac123@xepdb1;
ERROR:
ORA-01017: invalid username/password; logon denied 


Warning: You are no longer connected to ORACLE.
SQL> conn cdac2/123@xepdb1;
Connected.
SQL> alter user cdac identified by 123;
alter user cdac identified by 123
*
ERROR at line 1:
ORA-01031: insufficient privileges 


SQL> conn sys/sys@xepdb1 as sysdba
Connected.
SQL> show user
USER is "SYS"
SQL> alter user cdac identified by 123;

User altered.

SQL> alter user cdac account lock;

User altered.

SQL> conn cdac/123@xepdb1;
ERROR:
ORA-28000: The account is locked. 


Warning: You are no longer connected to ORACLE.
SQL> conn sys/sys@xepdb1 as sysdba
Connected.
SQL> alter user cdac account unlock;

User altered.

SQL> conn cdac/123@xepdb1;
Connected.
SQL> show user
USER is "CDAC"
SQL> conn sys/sys@xepdb1 as sysdba
Connected.
SQL> show user
USER is "SYS"
SQL> drop user cdac cascade;

User dropped.

SQL> drop user cdac2 cascade;

User dropped.

SQL> spool off
SQL> select username from db_users;
select username from db_users
                     *
ERROR at line 1:
ORA-00942: table or view does not exist 


SQL> select username from dba_users;

USERNAME                                                                                                                                                                                                
--------------------                                                                                                                                                                                    
SYS                                                                                                                                                                                                     
SYSTEM                                                                                                                                                                                                  
XS$NULL                                                                                                                                                                                                 
LBACSYS                                                                                                                                                                                                 
OUTLN                                                                                                                                                                                                   
DBSNMP                                                                                                                                                                                                  
APPQOSSYS                                                                                                                                                                                               
DBSFWUSER                                                                                                                                                                                               
GGSYS                                                                                                                                                                                                   
ANONYMOUS                                                                                                                                                                                               
CTXSYS                                                                                                                                                                                                  
DVSYS                                                                                                                                                                                                   
DVF                                                                                                                                                                                                     
AUDSYS                                                                                                                                                                                                  
GSMADMIN_INTERNAL                                                                                                                                                                                       
OLAPSYS                                                                                                                                                                                                 
MDSYS                                                                                                                                                                                                   
XDB                                                                                                                                                                                                     
WMSYS                                                                                                                                                                                                   
GSMCATUSER                                                                                                                                                                                              
MDDATA                                                                                                                                                                                                  
FARAZ                                                                                                                                                                                                   
SYSBACKUP                                                                                                                                                                                               
REMOTE_SCHEDULER_AGE                                                                                                                                                                                    
NT                                                                                                                                                                                                      
                                                                                                                                                                                                        
PDBADMIN                                                                                                                                                                                                
GSMUSER                                                                                                                                                                                                 
SYSRAC                                                                                                                                                                                                  
HR                                                                                                                                                                                                      
OJVMSYS                                                                                                                                                                                                 
SI_INFORMTN_SCHEMA                                                                                                                                                                                      
DIP                                                                                                                                                                                                     
ORDPLUGINS                                                                                                                                                                                              
HR2                                                                                                                                                                                                     
SYSKM                                                                                                                                                                                                   
DGPDB_INT                                                                                                                                                                                               
ORDDATA                                                                                                                                                                                                 
ORACLE_OCM                                                                                                                                                                                              
SYS$UMF                                                                                                                                                                                                 
SCOTT                                                                                                                                                                                                   
SYSDG                                                                                                                                                                                                   
ORDSYS                                                                                                                                                                                                  

41 rows selected.

SQL> drop user hr2 cascade;

User dropped.

SQL> create role devloper;

Role created.

SQL> grant create session, create table, create view, create procedure, create sequence to devloper;

Grant succeeded.

SQL> create user dev1 identified by dev1;

User created.

SQL> create user dev2 identified by dev2;

User created.

SQL> create user dev3 identified by dev3;

User created.

SQL> grant devloper to dev1, dev2, dev3;

Grant succeeded.

SQL> conn dev1/dev1@xepdb1;
Connected.
SQL> select * from user_sys_privs;

no rows selected

SQL> select * from user_role_privs;

USERNAME             GRANTED_ROLE                                                                                                                     ADM DEL DEF OS_ COM INH                           
-------------------- -------------------------------------------------------------------------------------------------------------------------------- --- --- --- --- --- ---                           
DEV1                 DEVLOPER                                                                                                                         NO  NO  YES NO  NO  NO                            

SQL> select * from role_sys_privs;

ROLE                                                                                                                             PRIVILEGE                                ADM COM INH                   
-------------------------------------------------------------------------------------------------------------------------------- ---------------------------------------- --- --- ---                   
DEVLOPER                                                                                                                         CREATE PROCEDURE                         NO  NO  NO                    
DEVLOPER                                                                                                                         CREATE SEQUENCE                          NO  NO  NO                    
DEVLOPER                                                                                                                         CREATE VIEW                              NO  NO  NO                    
DEVLOPER                                                                                                                         CREATE TABLE                             NO  NO  NO                    
DEVLOPER                                                                                                                         CREATE SESSION                           NO  NO  NO                    

SQL> spool off
SQL> show user;
USER is "DEV1"
SQL> conn sys/sys@xepdb1 as sysdba
Connected.
SQL> drop user dev1;

User dropped.

SQL> drop user dev2;

User dropped.

SQL> drop user dev3;

User dropped.

SQL> show user;
USER is "SYS"
SQL> create user cdac identified by cdac;

User created.

SQL> grant create session, create table to cdac;

Grant succeeded.

SQL> conn cdac/cdac@xepdb1;
Connected.
SQL> conn sys/sys@xepdb1 as sysdba
Connected.
SQL> create user cdac2 identified by cdac2;

User created.

SQL> conn cdac/cdac@xepdb1;
Connected.
SQL> show user;
USER is "CDAC"
SQL> 
SQL> grant create session, create table to cdac2;
grant create session, create table to cdac2
*
ERROR at line 1:
ORA-01031: insufficient privileges 


SQL> select * from user_sys_pivs;
select * from user_sys_pivs
              *
ERROR at line 1:
ORA-00942: table or view does not exist 


SQL> select * from user_sys_privs;

USERNAME             PRIVILEGE                                ADM COM INH                                                                                                                               
-------------------- ---------------------------------------- --- --- ---                                                                                                                               
CDAC                 CREATE TABLE                             NO  NO  NO                                                                                                                                
CDAC                 CREATE SESSION                           NO  NO  NO                                                                                                                                

SQL> conn sys/sys@xepdb1 as sysdba
Connected.
SQL> grant create session, create table to cdac with admin option;

Grant succeeded.

SQL> conn cdac/cdac@xepdb1;
Connected.
SQL> select * from user_sys_privs;

USERNAME             PRIVILEGE                                ADM COM INH                                                                                                                               
-------------------- ---------------------------------------- --- --- ---                                                                                                                               
CDAC                 CREATE TABLE                             YES NO  NO                                                                                                                                
CDAC                 CREATE SESSION                           YES NO  NO                                                                                                                                

SQL> show user;
USER is "CDAC"
SQL> grant create session, create table to cdac2;

Grant succeeded.

SQL> conn sys/sys@xepdb1 as sysdba
Connected.
SQL> create user scott/tiger@xepdb1;
create user scott/tiger@xepdb1
                 *
ERROR at line 1:
ORA-00922: missing or invalid option 


SQL> conn scott/tiger@xepdb1
Connected.
SQL> select * from user_sys_privs;

USERNAME             PRIVILEGE                                ADM COM INH                                                                                                                               
-------------------- ---------------------------------------- --- --- ---                                                                                                                               
SCOTT                CREATE TABLE                             NO  NO  NO                                                                                                                                
SCOTT                CREATE SESSION                           NO  NO  NO                                                                                                                                

SQL> conn hr/hr@xepdb1
Connected.
SQL> grant select on employees to scott;

Grant succeeded.

SQL> conn scott/tiger@xepdb1
Connected.
SQL> select * from hr.employees;

EMPLOYEE_ID FIRST_NAME           LAST_NAME                 EMAIL                     PHONE_NUMBER         HIRE_DATE JOB_ID         SALARY COMMISSION_PCT MANAGER_ID DEPARTMENT_ID                       
----------- -------------------- ------------------------- ------------------------- -------------------- --------- ---------- ---------- -------------- ---------- -------------                       
        100 Steven               King                      SKING                     515.123.4567         17-JUN-03 AD_PRES         24000                                      90                       
        101 Neena                Kochhar                   NKOCHHAR                  515.123.4568         21-SEP-05 AD_VP           17000                       100            90                       
        102 Lex                  De Haan                   LDEHAAN                   515.123.4569         13-JAN-01 AD_VP           17000                       100            90                       
        103 Alexander            Hunold                    AHUNOLD                   590.423.4567         03-JAN-06 IT_PROG          9000                       102            60                       
        104 Bruce                Ernst                     BERNST                    590.423.4568         21-MAY-07 IT_PROG          6000                       103            60                       
        105 David                Austin                    DAUSTIN                   590.423.4569         25-JUN-05 IT_PROG          4800                       103            60                       
        106 Valli                Pataballa                 VPATABAL                  590.423.4560         05-FEB-06 IT_PROG          4800                       103            60                       
        107 Diana                Lorentz                   DLORENTZ                  590.423.5567         07-FEB-07 IT_PROG          4200                       103            60                       
        108 Nancy                Greenberg                 NGREENBE                  515.124.4569         17-AUG-02 FI_MGR          12008                       101           100                       
        109 Daniel               Faviet                    DFAVIET                   515.124.4169         16-AUG-02 FI_ACCOUNT       9000                       108           100                       
        110 John                 Chen                      JCHEN                     515.124.4269         28-SEP-05 FI_ACCOUNT       8200                       108           100                       
        111 Ismael               Sciarra                   ISCIARRA                  515.124.4369         30-SEP-05 FI_ACCOUNT       7700                       108           100                       
        112 Jose Manuel          Urman                     JMURMAN                   515.124.4469         07-MAR-06 FI_ACCOUNT       7800                       108           100                       
        113 Luis                 Popp                      LPOPP                     515.124.4567         07-DEC-07 FI_ACCOUNT       6900                       108           100                       
        114 Den                  Raphaely                  DRAPHEAL                  515.127.4561         07-DEC-02 PU_MAN          11000                       100            30                       
        115 Alexander            Khoo                      AKHOO                     515.127.4562         18-MAY-03 PU_CLERK         3100                       114            30                       
        116 Shelli               Baida                     SBAIDA                    515.127.4563         24-DEC-05 PU_CLERK         2900                       114            30                       
        117 Sigal                Tobias                    STOBIAS                   515.127.4564         24-JUL-05 PU_CLERK         2800                       114            30                       
        118 Guy                  Himuro                    GHIMURO                   515.127.4565         15-NOV-06 PU_CLERK         2600                       114            30                       
        119 Karen                Colmenares                KCOLMENA                  515.127.4566         10-AUG-07 PU_CLERK         2500                       114            30                       
        120 Matthew              Weiss                     MWEISS                    650.123.1234         18-JUL-04 ST_MAN           8000                       100            50                       
        121 Adam                 Fripp                     AFRIPP                    650.123.2234         10-APR-05 ST_MAN           8200                       100            50                       
        122 Payam                Kaufling                  PKAUFLIN                  650.123.3234         01-MAY-03 ST_MAN           7900                       100            50                       
        123 Shanta               Vollman                   SVOLLMAN                  650.123.4234         10-OCT-05 ST_MAN           6500                       100            50                       
        124 Kevin                Mourgos                   KMOURGOS                  650.123.5234         16-NOV-07 ST_MAN           5800                       100            50                       
        125 Julia                Nayer                     JNAYER                    650.124.1214         16-JUL-05 ST_CLERK         3200                       120            50                       
        126 Irene                Mikkilineni               IMIKKILI                  650.124.1224         28-SEP-06 ST_CLERK         2700                       120            50                       
        127 James                Landry                    JLANDRY                   650.124.1334         14-JAN-07 ST_CLERK         2400                       120            50                       
        128 Steven               Markle                    SMARKLE                   650.124.1434         08-MAR-08 ST_CLERK         2200                       120            50                       
        129 Laura                Bissot                    LBISSOT                   650.124.5234         20-AUG-05 ST_CLERK         3300                       121            50                       
        130 Mozhe                Atkinson                  MATKINSO                  650.124.6234         30-OCT-05 ST_CLERK         2800                       121            50                       
        131 James                Marlow                    JAMRLOW                   650.124.7234         16-FEB-05 ST_CLERK         2500                       121            50                       
        132 TJ                   Olson                     TJOLSON                   650.124.8234         10-APR-07 ST_CLERK         2100                       121            50                       
        133 Jason                Mallin                    JMALLIN                   650.127.1934         14-JUN-04 ST_CLERK         3300                       122            50                       
        134 Michael              Rogers                    MROGERS                   650.127.1834         26-AUG-06 ST_CLERK         2900                       122            50                       
        135 Ki                   Gee                       KGEE                      650.127.1734         12-DEC-07 ST_CLERK         2400                       122            50                       
        136 Hazel                Philtanker                HPHILTAN                  650.127.1634         06-FEB-08 ST_CLERK         2200                       122            50                       
        137 Renske               Ladwig                    RLADWIG                   650.121.1234         14-JUL-03 ST_CLERK         3600                       123            50                       
        138 Stephen              Stiles                    SSTILES                   650.121.2034         26-OCT-05 ST_CLERK         3200                       123            50                       
        139 John                 Seo                       JSEO                      650.121.2019         12-FEB-06 ST_CLERK         2700                       123            50                       
        140 Joshua               Patel                     JPATEL                    650.121.1834         06-APR-06 ST_CLERK         2500                       123            50                       
        141 Trenna               Rajs                      TRAJS                     650.121.8009         17-OCT-03 ST_CLERK         3500                       124            50                       
        142 Curtis               Davies                    CDAVIES                   650.121.2994         29-JAN-05 ST_CLERK         3100                       124            50                       
        143 Randall              Matos                     RMATOS                    650.121.2874         15-MAR-06 ST_CLERK         2600                       124            50                       
        144 Peter                Vargas                    PVARGAS                   650.121.2004         09-JUL-06 ST_CLERK         2500                       124            50                       
        145 John                 Russell                   JRUSSEL                   011.44.1344.429268   01-OCT-04 SA_MAN          14000             .4        100            80                       
        146 Karen                Partners                  KPARTNER                  011.44.1344.467268   05-JAN-05 SA_MAN          13500             .3        100            80                       
        147 Alberto              Errazuriz                 AERRAZUR                  011.44.1344.429278   10-MAR-05 SA_MAN          12000             .3        100            80                       
        148 Gerald               Cambrault                 GCAMBRAU                  011.44.1344.619268   15-OCT-07 SA_MAN          11000             .3        100            80                       
        149 Eleni                Zlotkey                   EZLOTKEY                  011.44.1344.429018   29-JAN-08 SA_MAN          10500             .2        100            80                       
        150 Peter                Tucker                    PTUCKER                   011.44.1344.129268   30-JAN-05 SA_REP          10000             .3        145            80                       
        151 David                Bernstein                 DBERNSTE                  011.44.1344.345268   24-MAR-05 SA_REP           9500            .25        145            80                       
        152 Peter                Hall                      PHALL                     011.44.1344.478968   20-AUG-05 SA_REP           9000            .25        145            80                       
        153 Christopher          Olsen                     COLSEN                    011.44.1344.498718   30-MAR-06 SA_REP           8000             .2        145            80                       
        154 Nanette              Cambrault                 NCAMBRAU                  011.44.1344.987668   09-DEC-06 SA_REP           7500             .2        145            80                       
        155 Oliver               Tuvault                   OTUVAULT                  011.44.1344.486508   23-NOV-07 SA_REP           7000            .15        145            80                       
        156 Janette              King                      JKING                     011.44.1345.429268   30-JAN-04 SA_REP          10000            .35        146            80                       
        157 Patrick              Sully                     PSULLY                    011.44.1345.929268   04-MAR-04 SA_REP           9500            .35        146            80                       
        158 Allan                McEwen                    AMCEWEN                   011.44.1345.829268   01-AUG-04 SA_REP           9000            .35        146            80                       
        159 Lindsey              Smith                     LSMITH                    011.44.1345.729268   10-MAR-05 SA_REP           8000             .3        146            80                       
        160 Louise               Doran                     LDORAN                    011.44.1345.629268   15-DEC-05 SA_REP           7500             .3        146            80                       
        161 Sarath               Sewall                    SSEWALL                   011.44.1345.529268   03-NOV-06 SA_REP           7000            .25        146            80                       
        162 Clara                Vishney                   CVISHNEY                  011.44.1346.129268   11-NOV-05 SA_REP          10500            .25        147            80                       
        163 Danielle             Greene                    DGREENE                   011.44.1346.229268   19-MAR-07 SA_REP           9500            .15        147            80                       
        164 Mattea               Marvins                   MMARVINS                  011.44.1346.329268   24-JAN-08 SA_REP           7200             .1        147            80                       
        165 David                Lee                       DLEE                      011.44.1346.529268   23-FEB-08 SA_REP           6800             .1        147            80                       
        166 Sundar               Ande                      SANDE                     011.44.1346.629268   24-MAR-08 SA_REP           6400             .1        147            80                       
        167 Amit                 Banda                     ABANDA                    011.44.1346.729268   21-APR-08 SA_REP           6200             .1        147            80                       
        168 Lisa                 Ozer                      LOZER                     011.44.1343.929268   11-MAR-05 SA_REP          11500            .25        148            80                       
        169 Harrison             Bloom                     HBLOOM                    011.44.1343.829268   23-MAR-06 SA_REP          10000             .2        148            80                       
        170 Tayler               Fox                       TFOX                      011.44.1343.729268   24-JAN-06 SA_REP           9600             .2        148            80                       
        171 William              Smith                     WSMITH                    011.44.1343.629268   23-FEB-07 SA_REP           7400            .15        148            80                       
        172 Elizabeth            Bates                     EBATES                    011.44.1343.529268   24-MAR-07 SA_REP           7300            .15        148            80                       
        173 Sundita              Kumar                     SKUMAR                    011.44.1343.329268   21-APR-08 SA_REP           6100             .1        148            80                       
        174 Ellen                Abel                      EABEL                     011.44.1644.429267   11-MAY-04 SA_REP          11000             .3        149            80                       
        175 Alyssa               Hutton                    AHUTTON                   011.44.1644.429266   19-MAR-05 SA_REP           8800            .25        149            80                       
        176 Jonathon             Taylor                    JTAYLOR                   011.44.1644.429265   24-MAR-06 SA_REP           8600             .2        149            80                       
        177 Jack                 Livingston                JLIVINGS                  011.44.1644.429264   23-APR-06 SA_REP           8400             .2        149            80                       
        178 Kimberely            Grant                     KGRANT                    011.44.1644.429263   24-MAY-07 SA_REP           7000            .15        149                                     
        179 Charles              Johnson                   CJOHNSON                  011.44.1644.429262   04-JAN-08 SA_REP           6200             .1        149            80                       
        180 Winston              Taylor                    WTAYLOR                   650.507.9876         24-JAN-06 SH_CLERK         3200                       120            50                       
        181 Jean                 Fleaur                    JFLEAUR                   650.507.9877         23-FEB-06 SH_CLERK         3100                       120            50                       
        182 Martha               Sullivan                  MSULLIVA                  650.507.9878         21-JUN-07 SH_CLERK         2500                       120            50                       
        183 Girard               Geoni                     GGEONI                    650.507.9879         03-FEB-08 SH_CLERK         2800                       120            50                       
        184 Nandita              Sarchand                  NSARCHAN                  650.509.1876         27-JAN-04 SH_CLERK         4200                       121            50                       
        185 Alexis               Bull                      ABULL                     650.509.2876         20-FEB-05 SH_CLERK         4100                       121            50                       
        186 Julia                Dellinger                 JDELLING                  650.509.3876         24-JUN-06 SH_CLERK         3400                       121            50                       
        187 Anthony              Cabrio                    ACABRIO                   650.509.4876         07-FEB-07 SH_CLERK         3000                       121            50                       
        188 Kelly                Chung                     KCHUNG                    650.505.1876         14-JUN-05 SH_CLERK         3800                       122            50                       
        189 Jennifer             Dilly                     JDILLY                    650.505.2876         13-AUG-05 SH_CLERK         3600                       122            50                       
        190 Timothy              Gates                     TGATES                    650.505.3876         11-JUL-06 SH_CLERK         2900                       122            50                       
        191 Randall              Perkins                   RPERKINS                  650.505.4876         19-DEC-07 SH_CLERK         2500                       122            50                       
        192 Sarah                Bell                      SBELL                     650.501.1876         04-FEB-04 SH_CLERK         4000                       123            50                       
        193 Britney              Everett                   BEVERETT                  650.501.2876         03-MAR-05 SH_CLERK         3900                       123            50                       
        194 Samuel               McCain                    SMCCAIN                   650.501.3876         01-JUL-06 SH_CLERK         3200                       123            50                       
        195 Vance                Jones                     VJONES                    650.501.4876         17-MAR-07 SH_CLERK         2800                       123            50                       
        196 Alana                Walsh                     AWALSH                    650.507.9811         24-APR-06 SH_CLERK         3100                       124            50                       
        197 Kevin                Feeney                    KFEENEY                   650.507.9822         23-MAY-06 SH_CLERK         3000                       124            50                       
        198 Donald               OConnell                  DOCONNEL                  650.507.9833         21-JUN-07 SH_CLERK         2600                       124            50                       
        199 Douglas              Grant                     DGRANT                    650.507.9844         13-JAN-08 SH_CLERK         2600                       124            50                       
        200 Jennifer             Whalen                    JWHALEN                   515.123.4444         17-SEP-03 AD_ASST          4400                       101            10                       
        201 Michael              Hartstein                 MHARTSTE                  515.123.5555         17-FEB-04 MK_MAN          13000                       100            20                       
        202 Pat                  Fay                       PFAY                      603.123.6666         17-AUG-05 MK_REP           6000                       201            20                       
        203 Susan                Mavris                    SMAVRIS                   515.123.7777         07-JUN-02 HR_REP           6500                       101            40                       
        204 Hermann              Baer                      HBAER                     515.123.8888         07-JUN-02 PR_REP          10000                       101            70                       
        205 Shelley              Higgins                   SHIGGINS                  515.123.8080         07-JUN-02 AC_MGR          12008                       101           110                       
        206 William              Gietz                     WGIETZ                    515.123.8181         07-JUN-02 AC_ACCOUNT       8300                       205           110                       

107 rows selected.

SQL> conn hr/hr@xepdb1
Connected.
SQL> create view onlyname as select first_name, last_name from employees;

View created.

SQL> grant select on onlyname to scott
  2  ;

Grant succeeded.

SQL> conn scott/tiger@xepdb1
Connected.
SQL> select * from hr.onlyname;;
select * from hr.onlyname;
                         *
ERROR at line 1:
ORA-00933: SQL command not properly ended 


SQL> select * from hr.onlyname;

FIRST_NAME           LAST_NAME                                                                                                                                                                          
-------------------- -------------------------                                                                                                                                                          
Steven               King                                                                                                                                                                               
Neena                Kochhar                                                                                                                                                                            
Lex                  De Haan                                                                                                                                                                            
Alexander            Hunold                                                                                                                                                                             
Bruce                Ernst                                                                                                                                                                              
David                Austin                                                                                                                                                                             
Valli                Pataballa                                                                                                                                                                          
Diana                Lorentz                                                                                                                                                                            
Nancy                Greenberg                                                                                                                                                                          
Daniel               Faviet                                                                                                                                                                             
John                 Chen                                                                                                                                                                               
Ismael               Sciarra                                                                                                                                                                            
Jose Manuel          Urman                                                                                                                                                                              
Luis                 Popp                                                                                                                                                                               
Den                  Raphaely                                                                                                                                                                           
Alexander            Khoo                                                                                                                                                                               
Shelli               Baida                                                                                                                                                                              
Sigal                Tobias                                                                                                                                                                             
Guy                  Himuro                                                                                                                                                                             
Karen                Colmenares                                                                                                                                                                         
Matthew              Weiss                                                                                                                                                                              
Adam                 Fripp                                                                                                                                                                              
Payam                Kaufling                                                                                                                                                                           
Shanta               Vollman                                                                                                                                                                            
Kevin                Mourgos                                                                                                                                                                            
Julia                Nayer                                                                                                                                                                              
Irene                Mikkilineni                                                                                                                                                                        
James                Landry                                                                                                                                                                             
Steven               Markle                                                                                                                                                                             
Laura                Bissot                                                                                                                                                                             
Mozhe                Atkinson                                                                                                                                                                           
James                Marlow                                                                                                                                                                             
TJ                   Olson                                                                                                                                                                              
Jason                Mallin                                                                                                                                                                             
Michael              Rogers                                                                                                                                                                             
Ki                   Gee                                                                                                                                                                                
Hazel                Philtanker                                                                                                                                                                         
Renske               Ladwig                                                                                                                                                                             
Stephen              Stiles                                                                                                                                                                             
John                 Seo                                                                                                                                                                                
Joshua               Patel                                                                                                                                                                              
Trenna               Rajs                                                                                                                                                                               
Curtis               Davies                                                                                                                                                                             
Randall              Matos                                                                                                                                                                              
Peter                Vargas                                                                                                                                                                             
John                 Russell                                                                                                                                                                            
Karen                Partners                                                                                                                                                                           
Alberto              Errazuriz                                                                                                                                                                          
Gerald               Cambrault                                                                                                                                                                          
Eleni                Zlotkey                                                                                                                                                                            
Peter                Tucker                                                                                                                                                                             
David                Bernstein                                                                                                                                                                          
Peter                Hall                                                                                                                                                                               
Christopher          Olsen                                                                                                                                                                              
Nanette              Cambrault                                                                                                                                                                          
Oliver               Tuvault                                                                                                                                                                            
Janette              King                                                                                                                                                                               
Patrick              Sully                                                                                                                                                                              
Allan                McEwen                                                                                                                                                                             
Lindsey              Smith                                                                                                                                                                              
Louise               Doran                                                                                                                                                                              
Sarath               Sewall                                                                                                                                                                             
Clara                Vishney                                                                                                                                                                            
Danielle             Greene                                                                                                                                                                             
Mattea               Marvins                                                                                                                                                                            
David                Lee                                                                                                                                                                                
Sundar               Ande                                                                                                                                                                               
Amit                 Banda                                                                                                                                                                              
Lisa                 Ozer                                                                                                                                                                               
Harrison             Bloom                                                                                                                                                                              
Tayler               Fox                                                                                                                                                                                
William              Smith                                                                                                                                                                              
Elizabeth            Bates                                                                                                                                                                              
Sundita              Kumar                                                                                                                                                                              
Ellen                Abel                                                                                                                                                                               
Alyssa               Hutton                                                                                                                                                                             
Jonathon             Taylor                                                                                                                                                                             
Jack                 Livingston                                                                                                                                                                         
Kimberely            Grant                                                                                                                                                                              
Charles              Johnson                                                                                                                                                                            
Winston              Taylor                                                                                                                                                                             
Jean                 Fleaur                                                                                                                                                                             
Martha               Sullivan                                                                                                                                                                           
Girard               Geoni                                                                                                                                                                              
Nandita              Sarchand                                                                                                                                                                           
Alexis               Bull                                                                                                                                                                               
Julia                Dellinger                                                                                                                                                                          
Anthony              Cabrio                                                                                                                                                                             
Kelly                Chung                                                                                                                                                                              
Jennifer             Dilly                                                                                                                                                                              
Timothy              Gates                                                                                                                                                                              
Randall              Perkins                                                                                                                                                                            
Sarah                Bell                                                                                                                                                                               
Britney              Everett                                                                                                                                                                            
Samuel               McCain                                                                                                                                                                             
Vance                Jones                                                                                                                                                                              
Alana                Walsh                                                                                                                                                                              
Kevin                Feeney                                                                                                                                                                             
Donald               OConnell                                                                                                                                                                           
Douglas              Grant                                                                                                                                                                              
Jennifer             Whalen                                                                                                                                                                             
Michael              Hartstein                                                                                                                                                                          
Pat                  Fay                                                                                                                                                                                
Susan                Mavris                                                                                                                                                                             
Hermann              Baer                                                                                                                                                                               
Shelley              Higgins                                                                                                                                                                            
William              Gietz                                                                                                                                                                              

107 rows selected.

SQL> conn hr/hr@xepdb1;
Connected.
SQL> desc emp
ERROR:
ORA-04043: object emp does not exist 


SQL> create table emp(eid number(3), name vvarchar2(10), sal decimal(8,2), hiredate date, did number(3));
create table emp(eid number(3), name vvarchar2(10), sal decimal(8,2), hiredate date, did number(3))
                                              *
ERROR at line 1:
ORA-00907: missing right parenthesis 


SQL> create table emp(eid number(3), name varchar2(10), sal decimal(8,2), hiredate date, did number(3));

Table created.

SQL> grant select, insert, update(sal, did), delete on emp to scott;

Grant succeeded.

SQL> insert into emp values(101, 'Smith', 35000, '12-jan-1997', 10);

1 row created.

SQL> select * from emp;

       EID NAME              SAL HIREDATE         DID                                                                                                                                                   
---------- ---------- ---------- --------- ----------                                                                                                                                                   
       101 Smith           35000 12-JAN-97         10                                                                                                                                                   

SQL> conn scott/tiger@xepdb1;
Connected.
SQL> select * from hr.emp;

       EID NAME              SAL HIREDATE         DID                                                                                                                                                   
---------- ---------- ---------- --------- ----------                                                                                                                                                   
       101 Smith           35000 12-JAN-97         10                                                                                                                                                   

SQL> insert into hr.emp values(102, 'Neena', 45000, '23-dec-2000', 20);

1 row created.

SQL> update hr.emp set name ='Meena' where eid=102;
update hr.emp set name ='Meena' where eid=102
          *
ERROR at line 1:
ORA-01031: insufficient privileges 


SQL> update hr.emp set sal=40000 where eid=102;

1 row updated.

SQL> select * from hr.emp;

       EID NAME              SAL HIREDATE         DID                                                                                                                                                   
---------- ---------- ---------- --------- ----------                                                                                                                                                   
       101 Smith           35000 12-JAN-97         10                                                                                                                                                   
       102 Neena           40000 23-DEC-00         20                                                                                                                                                   

SQL> delete from hr.emp;

2 rows deleted.

SQL> select * from hr.emp;

no rows selected

SQL> conn scott/tiger@xepdb1;
Connected.
SQL> select * from user_sys_privs;

USERNAME             PRIVILEGE                                ADM COM INH                                                                                                                               
-------------------- ---------------------------------------- --- --- ---                                                                                                                               
SCOTT                CREATE TABLE                             NO  NO  NO                                                                                                                                
SCOTT                CREATE SESSION                           NO  NO  NO                                                                                                                                

SQL> select * from user_role_privs;

no rows selected

SQL> select * from role_sys_privs;

no rows selected

SQL> select * from user_tab_privs_recd;

OWNER                                                                                                                                                                                                   
--------------------------------------------------------------------------------------------------------------------------------                                                                        
TABLE_NAME                                                                                                                                                                                              
--------------------------------------------------------------------------------------------------------------------------------                                                                        
GRANTOR                                                                                                                          PRIVILEGE                                GRA HIE COM                   
-------------------------------------------------------------------------------------------------------------------------------- ---------------------------------------- --- --- ---                   
TYPE                     INH                                                                                                                                                                            
------------------------ ---                                                                                                                                                                            
HR                                                                                                                                                                                                      
EMP                                                                                                                                                                                                     
HR                                                                                                                               DELETE                                   NO  NO  NO                    
TABLE                    NO                                                                                                                                                                             
                                                                                                                                                                                                        
HR                                                                                                                                                                                                      
EMP                                                                                                                                                                                                     
HR                                                                                                                               INSERT                                   NO  NO  NO                    
TABLE                    NO                                                                                                                                                                             
                                                                                                                                                                                                        
HR                                                                                                                                                                                                      
EMPLOYEES                                                                                                                                                                                               
HR                                                                                                                               SELECT                                   NO  NO  NO                    
TABLE                    NO                                                                                                                                                                             
                                                                                                                                                                                                        
HR                                                                                                                                                                                                      
ONLYNAME                                                                                                                                                                                                
HR                                                                                                                               SELECT                                   NO  NO  NO                    
VIEW                     NO                                                                                                                                                                             
                                                                                                                                                                                                        
HR                                                                                                                                                                                                      
EMP                                                                                                                                                                                                     
HR                                                                                                                               SELECT                                   NO  NO  NO                    
TABLE                    NO                                                                                                                                                                             
                                                                                                                                                                                                        

SQL> set lines 300
SQL> select * from user_tab_privs_recd;

OWNER                                                                                                                            TABLE_NAME                                                                                                                                                                 
-------------------------------------------------------------------------------------------------------------------------------- --------------------------------------------------------------------------------------------------------------------------------                                           
GRANTOR                                                                                                                          PRIVILEGE                                GRA HIE COM TYPE                     INH                                                                                          
-------------------------------------------------------------------------------------------------------------------------------- ---------------------------------------- --- --- --- ------------------------ ---                                                                                          
HR                                                                                                                               EMP                                                                                                                                                                        
HR                                                                                                                               DELETE                                   NO  NO  NO  TABLE                    NO                                                                                           
                                                                                                                                                                                                                                                                                                            
HR                                                                                                                               EMP                                                                                                                                                                        
HR                                                                                                                               INSERT                                   NO  NO  NO  TABLE                    NO                                                                                           
                                                                                                                                                                                                                                                                                                            
HR                                                                                                                               EMPLOYEES                                                                                                                                                                  
HR                                                                                                                               SELECT                                   NO  NO  NO  TABLE                    NO                                                                                           
                                                                                                                                                                                                                                                                                                            
HR                                                                                                                               ONLYNAME                                                                                                                                                                   
HR                                                                                                                               SELECT                                   NO  NO  NO  VIEW                     NO                                                                                           
                                                                                                                                                                                                                                                                                                            
HR                                                                                                                               EMP                                                                                                                                                                        
HR                                                                                                                               SELECT                                   NO  NO  NO  TABLE                    NO                                                                                           
                                                                                                                                                                                                                                                                                                            

SQL> set lines 500
SQL> select * from user_tab_privs_recd;

OWNER                                                                                                                            TABLE_NAME                                                                                                                       GRANTOR                                                                                                                          PRIVILEGE                                GRA HIE COM TYPE                     INH                                
-------------------------------------------------------------------------------------------------------------------------------- -------------------------------------------------------------------------------------------------------------------------------- -------------------------------------------------------------------------------------------------------------------------------- ---------------------------------------- --- --- --- ------------------------ ---                                
HR                                                                                                                               EMP                                                                                                                              HR                                                                                                                               DELETE                                   NO  NO  NO  TABLE                    NO                                 
HR                                                                                                                               EMP                                                                                                                              HR                                                                                                                               INSERT                                   NO  NO  NO  TABLE                    NO                                 
HR                                                                                                                               EMPLOYEES                                                                                                                        HR                                                                                                                               SELECT                                   NO  NO  NO  TABLE                    NO                                 
HR                                                                                                                               ONLYNAME                                                                                                                         HR                                                                                                                               SELECT                                   NO  NO  NO  VIEW                     NO                                 
HR                                                                                                                               EMP                                                                                                                              HR                                                                                                                               SELECT                                   NO  NO  NO  TABLE                    NO                                 

SQL> column owner format A20
SQL> select * from user_tab_privs_recd;

OWNER                TABLE_NAME                                                                                                                       GRANTOR                                                                                                                          PRIVILEGE                                GRA HIE COM TYPE                     INH                                                                                                                                            
-------------------- -------------------------------------------------------------------------------------------------------------------------------- -------------------------------------------------------------------------------------------------------------------------------- ---------------------------------------- --- --- --- ------------------------ ---                                                                                                                                            
HR                   EMP                                                                                                                              HR                                                                                                                               DELETE                                   NO  NO  NO  TABLE                    NO                                                                                                                                             
HR                   EMP                                                                                                                              HR                                                                                                                               INSERT                                   NO  NO  NO  TABLE                    NO                                                                                                                                             
HR                   EMPLOYEES                                                                                                                        HR                                                                                                                               SELECT                                   NO  NO  NO  TABLE                    NO                                                                                                                                             
HR                   ONLYNAME                                                                                                                         HR                                                                                                                               SELECT                                   NO  NO  NO  VIEW                     NO                                                                                                                                             
HR                   EMP                                                                                                                              HR                                                                                                                               SELECT                                   NO  NO  NO  TABLE                    NO                                                                                                                                             

SQL> column table_name format A20
SQL> column grantor format A20
SQL> column privilege format A20
SQL> select * from user_tab_privs_recd;

OWNER                TABLE_NAME           GRANTOR              PRIVILEGE            GRA HIE COM TYPE                     INH                                                                                                                                                                                                                                                                                                                                                                                        
-------------------- -------------------- -------------------- -------------------- --- --- --- ------------------------ ---                                                                                                                                                                                                                                                                                                                                                                                        
HR                   EMP                  HR                   DELETE               NO  NO  NO  TABLE                    NO                                                                                                                                                                                                                                                                                                                                                                                         
HR                   EMP                  HR                   INSERT               NO  NO  NO  TABLE                    NO                                                                                                                                                                                                                                                                                                                                                                                         
HR                   EMPLOYEES            HR                   SELECT               NO  NO  NO  TABLE                    NO                                                                                                                                                                                                                                                                                                                                                                                         
HR                   ONLYNAME             HR                   SELECT               NO  NO  NO  VIEW                     NO                                                                                                                                                                                                                                                                                                                                                                                         
HR                   EMP                  HR                   SELECT               NO  NO  NO  TABLE                    NO                                                                                                                                                                                                                                                                                                                                                                                         

SQL> column owner format A10
SQL> select * from user_tab_privs_recd;

OWNER      TABLE_NAME           GRANTOR              PRIVILEGE            GRA HIE COM TYPE                     INH                                                                                                                                                                                                                                                                                                                                                                                                  
---------- -------------------- -------------------- -------------------- --- --- --- ------------------------ ---                                                                                                                                                                                                                                                                                                                                                                                                  
HR         EMP                  HR                   DELETE               NO  NO  NO  TABLE                    NO                                                                                                                                                                                                                                                                                                                                                                                                   
HR         EMP                  HR                   INSERT               NO  NO  NO  TABLE                    NO                                                                                                                                                                                                                                                                                                                                                                                                   
HR         EMPLOYEES            HR                   SELECT               NO  NO  NO  TABLE                    NO                                                                                                                                                                                                                                                                                                                                                                                                   
HR         ONLYNAME             HR                   SELECT               NO  NO  NO  VIEW                     NO                                                                                                                                                                                                                                                                                                                                                                                                   
HR         EMP                  HR                   SELECT               NO  NO  NO  TABLE                    NO                                                                                                                                                                                                                                                                                                                                                                                                   

SQL> column grantor format A10
SQL> select * from user_tab_privs_recd;

OWNER      TABLE_NAME           GRANTOR    PRIVILEGE            GRA HIE COM TYPE                     INH                                                                                                                                                                                                                                                                                                                                                                                                            
---------- -------------------- ---------- -------------------- --- --- --- ------------------------ ---                                                                                                                                                                                                                                                                                                                                                                                                            
HR         EMP                  HR         DELETE               NO  NO  NO  TABLE                    NO                                                                                                                                                                                                                                                                                                                                                                                                             
HR         EMP                  HR         INSERT               NO  NO  NO  TABLE                    NO                                                                                                                                                                                                                                                                                                                                                                                                             
HR         EMPLOYEES            HR         SELECT               NO  NO  NO  TABLE                    NO                                                                                                                                                                                                                                                                                                                                                                                                             
HR         ONLYNAME             HR         SELECT               NO  NO  NO  VIEW                     NO                                                                                                                                                                                                                                                                                                                                                                                                             
HR         EMP                  HR         SELECT               NO  NO  NO  TABLE                    NO                                                                                                                                                                                                                                                                                                                                                                                                             

SQL> column type format A10
SQL> select * from user_tab_privs_recd;

OWNER      TABLE_NAME           GRANTOR    PRIVILEGE            GRA HIE COM TYPE       INH                                                                                                                                                                                                                                                                                                                                                                                                                          
---------- -------------------- ---------- -------------------- --- --- --- ---------- ---                                                                                                                                                                                                                                                                                                                                                                                                                          
HR         EMP                  HR         DELETE               NO  NO  NO  TABLE      NO                                                                                                                                                                                                                                                                                                                                                                                                                           
HR         EMP                  HR         INSERT               NO  NO  NO  TABLE      NO                                                                                                                                                                                                                                                                                                                                                                                                                           
HR         EMPLOYEES            HR         SELECT               NO  NO  NO  TABLE      NO                                                                                                                                                                                                                                                                                                                                                                                                                           
HR         ONLYNAME             HR         SELECT               NO  NO  NO  VIEW       NO                                                                                                                                                                                                                                                                                                                                                                                                                           
HR         EMP                  HR         SELECT               NO  NO  NO  TABLE      NO                                                                                                                                                                                                                                                                                                                                                                                                                           

SQL> column privilege format A10
SQL> select * from user_tab_privs_recd;

OWNER      TABLE_NAME           GRANTOR    PRIVILEGE  GRA HIE COM TYPE       INH                                                                                                                                                                                                                                                                                                                                                                                                                                    
---------- -------------------- ---------- ---------- --- --- --- ---------- ---                                                                                                                                                                                                                                                                                                                                                                                                                                    
HR         EMP                  HR         DELETE     NO  NO  NO  TABLE      NO                                                                                                                                                                                                                                                                                                                                                                                                                                     
HR         EMP                  HR         INSERT     NO  NO  NO  TABLE      NO                                                                                                                                                                                                                                                                                                                                                                                                                                     
HR         EMPLOYEES            HR         SELECT     NO  NO  NO  TABLE      NO                                                                                                                                                                                                                                                                                                                                                                                                                                     
HR         ONLYNAME             HR         SELECT     NO  NO  NO  VIEW       NO                                                                                                                                                                                                                                                                                                                                                                                                                                     
HR         EMP                  HR         SELECT     NO  NO  NO  TABLE      NO                                                                                                                                                                                                                                                                                                                                                                                                                                     

SQL> select * from user_tab_privs_made;

GRANTEE                                                                                                                          TABLE_NAME           GRANTOR    PRIVILEGE  GRA HIE COM TYPE       INH                                                                                                                                                                                                                                                                                                              
-------------------------------------------------------------------------------------------------------------------------------- -------------------- ---------- ---------- --- --- --- ---------- ---                                                                                                                                                                                                                                                                                                              
PUBLIC                                                                                                                           SCOTT                SCOTT      INHERIT PR NO  NO  NO  USER       NO                                                                                                                                                                                                                                                                                                               
                                                                                                                                                                 IVILEGES                                                                                                                                                                                                                                                                                                                                           
                                                                                                                                                                                                                                                                                                                                                                                                                                                                                                                    

SQL> column grantee format A10
SQL> select * from user_tab_privs_made;

GRANTEE    TABLE_NAME           GRANTOR    PRIVILEGE  GRA HIE COM TYPE       INH                                                                                                                                                                                                                                                                                                                                                                                                                                    
---------- -------------------- ---------- ---------- --- --- --- ---------- ---                                                                                                                                                                                                                                                                                                                                                                                                                                    
PUBLIC     SCOTT                SCOTT      INHERIT PR NO  NO  NO  USER       NO                                                                                                                                                                                                                                                                                                                                                                                                                                     
                                           IVILEGES                                                                                                                                                                                                                                                                                                                                                                                                                                                                 
                                                                                                                                                                                                                                                                                                                                                                                                                                                                                                                    

SQL> conn hr/hr@xepdb1;
Connected.
SQL> select * from user_tab_privs_made;

GRANTEE    TABLE_NAME           GRANTOR    PRIVILEGE  GRA HIE COM TYPE       INH                                                                                                                                                                                                                                                                                                                                                                                                                                    
---------- -------------------- ---------- ---------- --- --- --- ---------- ---                                                                                                                                                                                                                                                                                                                                                                                                                                    
SCOTT      EMPLOYEES            HR         SELECT     NO  NO  NO  TABLE      NO                                                                                                                                                                                                                                                                                                                                                                                                                                     
SCOTT      ONLYNAME             HR         SELECT     NO  NO  NO  VIEW       NO                                                                                                                                                                                                                                                                                                                                                                                                                                     
SCOTT      EMP                  HR         DELETE     NO  NO  NO  TABLE      NO                                                                                                                                                                                                                                                                                                                                                                                                                                     
SCOTT      EMP                  HR         INSERT     NO  NO  NO  TABLE      NO                                                                                                                                                                                                                                                                                                                                                                                                                                     
SCOTT      EMP                  HR         SELECT     NO  NO  NO  TABLE      NO                                                                                                                                                                                                                                                                                                                                                                                                                                     
PUBLIC     HR                   HR         INHERIT PR NO  NO  NO  USER       NO                                                                                                                                                                                                                                                                                                                                                                                                                                     
                                           IVILEGES                                                                                                                                                                                                                                                                                                                                                                                                                                                                 
                                                                                                                                                                                                                                                                                                                                                                                                                                                                                                                    

6 rows selected.

SQL> grant select, insert, update(sal, did), delete on emp to scott with grant option;

Grant succeeded.

SQL> select * from user_tab_privs_made;

GRANTEE    TABLE_NAME           GRANTOR    PRIVILEGE  GRA HIE COM TYPE       INH                                                                                                                                                                                                                                                                                                                                                                                                                                    
---------- -------------------- ---------- ---------- --- --- --- ---------- ---                                                                                                                                                                                                                                                                                                                                                                                                                                    
SCOTT      EMPLOYEES            HR         SELECT     NO  NO  NO  TABLE      NO                                                                                                                                                                                                                                                                                                                                                                                                                                     
SCOTT      ONLYNAME             HR         SELECT     NO  NO  NO  VIEW       NO                                                                                                                                                                                                                                                                                                                                                                                                                                     
SCOTT      EMP                  HR         DELETE     YES NO  NO  TABLE      NO                                                                                                                                                                                                                                                                                                                                                                                                                                     
SCOTT      EMP                  HR         INSERT     YES NO  NO  TABLE      NO                                                                                                                                                                                                                                                                                                                                                                                                                                     
SCOTT      EMP                  HR         SELECT     YES NO  NO  TABLE      NO                                                                                                                                                                                                                                                                                                                                                                                                                                     
PUBLIC     HR                   HR         INHERIT PR NO  NO  NO  USER       NO                                                                                                                                                                                                                                                                                                                                                                                                                                     
                                           IVILEGES                                                                                                                                                                                                                                                                                                                                                                                                                                                                 
                                                                                                                                                                                                                                                                                                                                                                                                                                                                                                                    

6 rows selected.

SQL> revoke select, insert, update, delete on emp from scott;

Revoke succeeded.

SQL> conn scott/tiger@xepdb1;
Connected.
SQL> select * from hr.emp;
select * from hr.emp
                 *
ERROR at line 1:
ORA-00942: table or view does not exist 


SQL> conn hr/hr@xepdb1;
Connected.
SQL> grant select, insert, update(sal, did), delete on emp to devloper;

Grant succeeded.

SQL> select * from role_tab_privs;

no rows selected

SQL> select * from role_tab_privs where role='DEVLOPER';

no rows selected

SQL> CONN SYS/SYS@XEPDB1 AS  SYSDBA;
Connected.
SQL> select * from role_tab_privs where role='DEVLOPER';

ROLE                                                                                                                             OWNER      TABLE_NAME           COLUMN_NAME                                                                                                                      PRIVILEGE  GRA COM INH                                                                                                                                                                                            
-------------------------------------------------------------------------------------------------------------------------------- ---------- -------------------- -------------------------------------------------------------------------------------------------------------------------------- ---------- --- --- ---                                                                                                                                                                                            
DEVLOPER                                                                                                                         HR         EMP                                                                                                                                                   DELETE     NO  NO  NO                                                                                                                                                                                             
DEVLOPER                                                                                                                         HR         EMP                                                                                                                                                   INSERT     NO  NO  NO                                                                                                                                                                                             
DEVLOPER                                                                                                                         HR         EMP                                                                                                                                                   SELECT     NO  NO  NO                                                                                                                                                                                             
DEVLOPER                                                                                                                         HR         EMP                  SAL                                                                                                                              UPDATE     NO  NO  NO                                                                                                                                                                                             
DEVLOPER                                                                                                                         HR         EMP                  DID                                                                                                                              UPDATE     NO  NO  NO                                                                                                                                                                                             

SQL> column ROLE format A10
SQL> select * from role_tab_privs where role='DEVLOPER';

ROLE       OWNER      TABLE_NAME           COLUMN_NAME                                                                                                                      PRIVILEGE  GRA COM INH                                                                                                                                                                                                                                                                                                                  
---------- ---------- -------------------- -------------------------------------------------------------------------------------------------------------------------------- ---------- --- --- ---                                                                                                                                                                                                                                                                                                                  
DEVLOPER   HR         EMP                                                                                                                                                   DELETE     NO  NO  NO                                                                                                                                                                                                                                                                                                                   
DEVLOPER   HR         EMP                                                                                                                                                   INSERT     NO  NO  NO                                                                                                                                                                                                                                                                                                                   
DEVLOPER   HR         EMP                                                                                                                                                   SELECT     NO  NO  NO                                                                                                                                                                                                                                                                                                                   
DEVLOPER   HR         EMP                  SAL                                                                                                                              UPDATE     NO  NO  NO                                                                                                                                                                                                                                                                                                                   
DEVLOPER   HR         EMP                  DID                                                                                                                              UPDATE     NO  NO  NO                                                                                                                                                                                                                                                                                                                   

SQL> column COLUMN_NAME format A10
SQL> select * from role_tab_privs where role='DEVLOPER';

ROLE       OWNER      TABLE_NAME           COLUMN_NAM PRIVILEGE  GRA COM INH                                                                                                                                                                                                                                                                                                                                                                                                                                        
---------- ---------- -------------------- ---------- ---------- --- --- ---                                                                                                                                                                                                                                                                                                                                                                                                                                        
DEVLOPER   HR         EMP                             DELETE     NO  NO  NO                                                                                                                                                                                                                                                                                                                                                                                                                                         
DEVLOPER   HR         EMP                             INSERT     NO  NO  NO                                                                                                                                                                                                                                                                                                                                                                                                                                         
DEVLOPER   HR         EMP                             SELECT     NO  NO  NO                                                                                                                                                                                                                                                                                                                                                                                                                                         
DEVLOPER   HR         EMP                  SAL        UPDATE     NO  NO  NO                                                                                                                                                                                                                                                                                                                                                                                                                                         
DEVLOPER   HR         EMP                  DID        UPDATE     NO  NO  NO                                                                                                                                                                                                                                                                                                                                                                                                                                         

SQL> column COLUMN_NAME format A11
SQL> select * from role_tab_privs where role='DEVLOPER';

ROLE       OWNER      TABLE_NAME           COLUMN_NAME PRIVILEGE  GRA COM INH                                                                                                                                                                                                                                                                                                                                                                                                                                       
---------- ---------- -------------------- ----------- ---------- --- --- ---                                                                                                                                                                                                                                                                                                                                                                                                                                       
DEVLOPER   HR         EMP                              DELETE     NO  NO  NO                                                                                                                                                                                                                                                                                                                                                                                                                                        
DEVLOPER   HR         EMP                              INSERT     NO  NO  NO                                                                                                                                                                                                                                                                                                                                                                                                                                        
DEVLOPER   HR         EMP                              SELECT     NO  NO  NO                                                                                                                                                                                                                                                                                                                                                                                                                                        
DEVLOPER   HR         EMP                  SAL         UPDATE     NO  NO  NO                                                                                                                                                                                                                                                                                                                                                                                                                                        
DEVLOPER   HR         EMP                  DID         UPDATE     NO  NO  NO                                                                                                                                                                                                                                                                                                                                                                                                                                        

SQL> SPOOL OFF
